reading file TestMats/LPnetlib/lp_adlittle/lp_adlittle.mtx
reading file TestMats/LPnetlib/lp_adlittle/lp_adlittle_b.mtx
reading file TestMats/LPnetlib/lp_adlittle/lp_adlittle_c.mtx
reading file TestMats/LPnetlib/lp_adlittle/lp_adlittle_lo.mtx
reading file TestMats/LPnetlib/lp_adlittle/lp_adlittle_hi.mtx
m=56 n=138 fixed_var=0 nz=424 real_nnz=424
Constructing initial basis...
Size of triangular part is 55
getting initial basic variables....
OPT(5) FEAS(2) INFEAS(3) NOFEAS(4) UNBND(6) UNDEF(1)
0: 3, obj: 793431.937500
1: 3, obj: 793431.937500
2: 3, obj: 759159.297466
3: 2, obj: 712898.056432
infeasible solution: x[28]=-157/50000000000000000
4: 2, obj: 711943.411549, new basis count: -1
infeasible solution: x[28]=-157/50000000000000000
5: 2, obj: 705797.842177, new basis count: 1
infeasible solution: x[28]=-157/50000000000000000
6: 2, obj: 705797.842177, new basis count: 1
infeasible solution: x[28]=-157/50000000000000000
7: 2, obj: 703563.453195, new basis count: 1
infeasible solution: x[28]=-157/50000000000000000
8: 2, obj: 701810.353731, new basis count: 2
infeasible solution: x[28]=-157/50000000000000000
9: 2, obj: 700311.499202, new basis count: 2
infeasible solution: x[28]=-157/50000000000000000
10: 2, obj: 675448.256485, new basis count: 2
infeasible solution: x[28]=-157/50000000000000000
11: 2, obj: 643616.217052, new basis count: 2
infeasible solution: x[28]=-157/50000000000000000
12: 2, obj: 621509.978180, new basis count: 2
infeasible solution: x[28]=-157/50000000000000000
13: 2, obj: 619143.970637, new basis count: 2
infeasible solution: x[28]=-157/50000000000000000
14: 2, obj: 605623.750203, new basis count: 2
infeasible solution: x[28]=-157/50000000000000000
15: 2, obj: 605088.348433, new basis count: 2
infeasible solution: x[28]=-157/50000000000000000
16: 2, obj: 597282.110414, new basis count: 2
infeasible solution: x[28]=-157/50000000000000000
17: 2, obj: 585806.913330, new basis count: 2
infeasible solution: x[28]=-157/50000000000000000
18: 2, obj: 573890.900779, new basis count: 2
infeasible solution: x[28]=-157/50000000000000000
19: 2, obj: 564650.751906, new basis count: 2
infeasible solution: x[28]=-157/50000000000000000
20: 2, obj: 562052.237834, new basis count: 2
infeasible solution: x[28]=-157/50000000000000000
21: 2, obj: 558284.494949, new basis count: 2
infeasible solution: x[28]=-157/50000000000000000
22: 2, obj: 557649.130216, new basis count: 2
infeasible solution: x[28]=-157/50000000000000000
23: 2, obj: 550313.829878, new basis count: 2
infeasible solution: x[28]=-157/50000000000000000
24: 2, obj: 516090.173945, new basis count: 2
infeasible solution: x[28]=-157/50000000000000000
25: 2, obj: 515368.008850, new basis count: 2
infeasible solution: x[28]=-157/50000000000000000
26: 2, obj: 507734.595640, new basis count: 2
infeasible solution: x[28]=-157/50000000000000000
27: 2, obj: 498816.122771, new basis count: 2
infeasible solution: x[28]=-157/50000000000000000
28: 2, obj: 482251.842867, new basis count: 2
infeasible solution: x[28]=-157/50000000000000000
29: 2, obj: 471382.049841, new basis count: 2
infeasible solution: x[28]=-157/50000000000000000
30: 2, obj: 450515.899869, new basis count: 2
infeasible solution: x[28]=-157/50000000000000000
31: 2, obj: 412519.602341, new basis count: 1
infeasible solution: x[28]=-157/50000000000000000
32: 2, obj: 411670.614369, new basis count: 2
infeasible solution: x[28]=-157/50000000000000000
33: 2, obj: 403926.294900, new basis count: 2
infeasible solution: x[28]=-157/50000000000000000
34: 2, obj: 392333.537874, new basis count: 2
preprocess finished
scales of A and b are same
obj value = 392333.537874
found 0!! This update won't improve obj value
prev basis k(41): 50; new basis k: 116

---------------------------------------------------------
----------0: replacing k(41) with new_col(116)-----------
-----------------------------------------------------------

Solving 3 linear equations time: 	0.000000
Search k and new_col time: 		0.000000

	time     	L_nnz 	sum(Lb) 	U_nnz 		sum(Ub)

LLU: 	0.000000 	105   	191714    	226   	437527
LUU: 	0.000000 	110   	190667    	207   	404869
LLU/LUU: nan 	0.9545 	1.0055    	1.0918   	1.0807

obj value = 392333.537874
prev basis k(38): 129; new basis k: 102

---------------------------------------------------------
----------1: replacing k(38) with new_col(102)-----------
-----------------------------------------------------------

Solving 3 linear equations time: 	0.000000
Search k and new_col time: 		0.000000

	time     	L_nnz 	sum(Lb) 	U_nnz 		sum(Ub)

LLU: 	0.010000 	126   	245906    	233   	434152
"LUU_lb": 0.000000 	125   	239369    	242   	463211
LUU: 	0.000000 	129   	237207    	221   	430888
LLU/LUU: inf 	0.9767 	1.0367    	1.0543   	1.0076


SPEX Left LU Factorization time: 	0.010000
"lower bound" of SPEX LU Update time: 	0.000000
SPEX LU Update time: 			0.000000


time of Left LU/ time of update: 	inf

obj value = 390747.262392
prev basis k(23): 23; new basis k: 48

---------------------------------------------------------
----------2: replacing k(23) with new_col(48)-----------
-----------------------------------------------------------

Solving 3 linear equations time: 	0.000000
Search k and new_col time: 		0.000000

	time     	L_nnz 	sum(Lb) 	U_nnz 		sum(Ub)

LLU: 	0.000000 	113   	204309    	227   	426795
"LUU_lb": 0.000000 	132   	264046    	238   	447817
LUU: 	0.000000 	130   	240286    	224   	440124
LLU/LUU: nan 	0.8692 	0.8503    	1.0134   	0.9697


SPEX Left LU Factorization time: 	0.010000
"lower bound" of SPEX LU Update time: 	0.000000
SPEX LU Update time: 			0.000000


time of Left LU/ time of update: 	inf

obj value = 377863.836755
prev basis k(9): 108; new basis k: 86

---------------------------------------------------------
----------3: replacing k(9) with new_col(86)-----------
-----------------------------------------------------------

Solving 3 linear equations time: 	0.020000
Search k and new_col time: 		0.020000

	time     	L_nnz 	sum(Lb) 	U_nnz 		sum(Ub)

LLU: 	0.000000 	112   	205384    	222   	420492
"LUU_lb": 0.000000 	116   	213338    	226   	426973
LUU: 	0.000000 	134   	246881    	239   	465333
LLU/LUU: nan 	0.8358 	0.8319    	0.9289   	0.9036


SPEX Left LU Factorization time: 	0.010000
"lower bound" of SPEX LU Update time: 	0.000000
SPEX LU Update time: 			0.000000


time of Left LU/ time of update: 	inf

obj value = 370325.130120
prev basis k(46): 128; new basis k: 114

---------------------------------------------------------
----------4: replacing k(46) with new_col(114)-----------
-----------------------------------------------------------

Solving 3 linear equations time: 	0.000000
Search k and new_col time: 		0.000000

	time     	L_nnz 	sum(Lb) 	U_nnz 		sum(Ub)

LLU: 	0.000000 	124   	224920    	243   	469303
"LUU_lb": 0.010000 	123   	234173    	250   	491844
LUU: 	0.000000 	147   	277825    	256   	510552
LLU/LUU: nan 	0.8435 	0.8096    	0.9492   	0.9192


SPEX Left LU Factorization time: 	0.010000
"lower bound" of SPEX LU Update time: 	0.010000
SPEX LU Update time: 			0.000000


time of Left LU/ time of update: 	inf

obj value = 368785.516287
prev basis k(5): 5; new basis k: 33

---------------------------------------------------------
----------5: replacing k(5) with new_col(33)-----------
-----------------------------------------------------------

Solving 3 linear equations time: 	0.000000
Search k and new_col time: 		0.000000

	time     	L_nnz 	sum(Lb) 	U_nnz 		sum(Ub)

LLU: 	0.010000 	131   	227000    	243   	442308
"LUU_lb": 0.000000 	143   	267299    	247   	482969
LUU: 	0.000000 	156   	290379    	269   	544192
LLU/LUU: inf 	0.8397 	0.7817    	0.9033   	0.8128


SPEX Left LU Factorization time: 	0.020000
"lower bound" of SPEX LU Update time: 	0.010000
SPEX LU Update time: 			0.000000


time of Left LU/ time of update: 	inf

obj value = 364559.451447
prev basis k(19): 19; new basis k: 95

---------------------------------------------------------
----------6: replacing k(19) with new_col(95)-----------
-----------------------------------------------------------

Solving 3 linear equations time: 	0.000000
Search k and new_col time: 		0.000000

	time     	L_nnz 	sum(Lb) 	U_nnz 		sum(Ub)

LLU: 	0.000000 	143   	257643    	243   	444102
"LUU_lb": 0.000000 	142   	257870    	242   	441065
LUU: 	0.000000 	168   	320403    	270   	546504
LLU/LUU: nan 	0.8512 	0.8041    	0.9000   	0.8126


SPEX Left LU Factorization time: 	0.020000
"lower bound" of SPEX LU Update time: 	0.010000
SPEX LU Update time: 			0.000000


time of Left LU/ time of update: 	inf

obj value = 360788.845170
prev basis k(5): 33; new basis k: 110

---------------------------------------------------------
----------7: replacing k(5) with new_col(110)-----------
-----------------------------------------------------------

Solving 3 linear equations time: 	0.010000
Search k and new_col time: 		0.010000

	time     	L_nnz 	sum(Lb) 	U_nnz 		sum(Ub)

LLU: 	0.000000 	147   	265600    	256   	470126
"LUU_lb": 0.000000 	157   	292251    	243   	438540
LUU: 	0.000000 	168   	316223    	276   	548798
LLU/LUU: nan 	0.8750 	0.8399    	0.9275   	0.8566


SPEX Left LU Factorization time: 	0.020000
"lower bound" of SPEX LU Update time: 	0.010000
SPEX LU Update time: 			0.000000


time of Left LU/ time of update: 	inf

obj value = 359951.580536
prev basis k(43): 54; new basis k: 80

---------------------------------------------------------
----------8: replacing k(43) with new_col(80)-----------
-----------------------------------------------------------

Solving 3 linear equations time: 	0.010000
Search k and new_col time: 		0.010000

	time     	L_nnz 	sum(Lb) 	U_nnz 		sum(Ub)

LLU: 	0.000000 	140   	269535    	249   	468399
"LUU_lb": 0.000000 	152   	300308    	255   	478122
LUU: 	0.000000 	174   	336457    	286   	558883
LLU/LUU: nan 	0.8046 	0.8011    	0.8706   	0.8381


SPEX Left LU Factorization time: 	0.020000
"lower bound" of SPEX LU Update time: 	0.010000
SPEX LU Update time: 			0.000000


time of Left LU/ time of update: 	inf

obj value = 354058.495537
prev basis k(55): 75; new basis k: 101

---------------------------------------------------------
----------9: replacing k(55) with new_col(101)-----------
-----------------------------------------------------------

Solving 3 linear equations time: 	0.010000
Search k and new_col time: 		0.010000

	time     	L_nnz 	sum(Lb) 	U_nnz 		sum(Ub)

LLU: 	0.000000 	141   	270722    	260   	488191
"LUU_lb": 0.000000 	140   	279726    	263   	489068
LUU: 	0.000000 	179   	348844    	293   	569929
LLU/LUU: nan 	0.7877 	0.7761    	0.8874   	0.8566


SPEX Left LU Factorization time: 	0.020000
"lower bound" of SPEX LU Update time: 	0.010000
SPEX LU Update time: 			0.000000


time of Left LU/ time of update: 	inf

obj value = 338206.936830
prev basis k(30): 30; new basis k: 77

---------------------------------------------------------
----------10: replacing k(30) with new_col(77)-----------
-----------------------------------------------------------

Solving 3 linear equations time: 	0.010000
Search k and new_col time: 		0.010000

	time     	L_nnz 	sum(Lb) 	U_nnz 		sum(Ub)

LLU: 	0.000000 	154   	285973    	265   	494480
"LUU_lb": 0.000000 	159   	315113    	271   	512976
LUU: 	0.010000 	201   	399321    	316   	615192
LLU/LUU: 0.0000 	0.7662 	0.7161    	0.8386   	0.8038


SPEX Left LU Factorization time: 	0.020000
"lower bound" of SPEX LU Update time: 	0.010000
SPEX LU Update time: 			0.010000


time of Left LU/ time of update: 	2.000000

obj value = 336775.311108
prev basis k(13): 13; new basis k: 129

---------------------------------------------------------
----------11: replacing k(13) with new_col(129)-----------
-----------------------------------------------------------

Solving 3 linear equations time: 	0.000000
Search k and new_col time: 		0.000000

	time     	L_nnz 	sum(Lb) 	U_nnz 		sum(Ub)

LLU: 	0.000000 	146   	268454    	267   	488905
"LUU_lb": 0.010000 	172   	328132    	273   	515756
LUU: 	0.000000 	202   	404532    	318   	609890
LLU/LUU: nan 	0.7228 	0.6636    	0.8396   	0.8016


SPEX Left LU Factorization time: 	0.020000
"lower bound" of SPEX LU Update time: 	0.020000
SPEX LU Update time: 			0.010000


time of Left LU/ time of update: 	2.000000

obj value = 330951.525867
prev basis k(18): 109; new basis k: 68

---------------------------------------------------------
----------12: replacing k(18) with new_col(68)-----------
-----------------------------------------------------------

Solving 3 linear equations time: 	0.000000
Search k and new_col time: 		0.000000

	time     	L_nnz 	sum(Lb) 	U_nnz 		sum(Ub)

LLU: 	0.000000 	149   	240572    	251   	434960
"LUU_lb": 0.000000 	157   	299020    	264   	483317
LUU: 	0.010000 	208   	417802    	382   	739599
LLU/LUU: 0.0000 	0.7163 	0.5758    	0.6571   	0.5881


SPEX Left LU Factorization time: 	0.020000
"lower bound" of SPEX LU Update time: 	0.020000
SPEX LU Update time: 			0.020000


time of Left LU/ time of update: 	1.000000

obj value = 329977.022525
prev basis k(32): 47; new basis k: 33

---------------------------------------------------------
----------13: replacing k(32) with new_col(33)-----------
-----------------------------------------------------------

Solving 3 linear equations time: 	0.000000
Search k and new_col time: 		0.000000

	time     	L_nnz 	sum(Lb) 	U_nnz 		sum(Ub)

LLU: 	0.000000 	151   	248559    	266   	464103
"LUU_lb": 0.000000 	165   	279107    	252   	442995
LUU: 	0.010000 	213   	422538    	363   	696519
LLU/LUU: 0.0000 	0.7089 	0.5883    	0.7328   	0.6663


SPEX Left LU Factorization time: 	0.020000
"lower bound" of SPEX LU Update time: 	0.020000
SPEX LU Update time: 			0.030000


time of Left LU/ time of update: 	0.666667

obj value = 329234.478742
prev basis k(2): 78; new basis k: 133

---------------------------------------------------------
----------14: replacing k(2) with new_col(133)-----------
-----------------------------------------------------------

Solving 3 linear equations time: 	0.000000
Search k and new_col time: 		0.000000

	time     	L_nnz 	sum(Lb) 	U_nnz 		sum(Ub)

LLU: 	0.000000 	143   	242018    	274   	509792
"LUU_lb": 0.000000 	158   	288014    	269   	465949
LUU: 	0.010000 	221   	438380    	367   	700650
LLU/LUU: 0.0000 	0.6471 	0.5521    	0.7466   	0.7276


SPEX Left LU Factorization time: 	0.020000
"lower bound" of SPEX LU Update time: 	0.020000
SPEX LU Update time: 			0.040000


time of Left LU/ time of update: 	0.500000

obj value = 326919.540011
prev basis k(32): 33; new basis k: 92

---------------------------------------------------------
----------15: replacing k(32) with new_col(92)-----------
-----------------------------------------------------------

Solving 3 linear equations time: 	0.000000
Search k and new_col time: 		0.000000

	time     	L_nnz 	sum(Lb) 	U_nnz 		sum(Ub)

LLU: 	0.000000 	151   	296237    	271   	502545
"LUU_lb": 0.000000 	155   	269880    	277   	516695
LUU: 	0.000000 	222   	438276    	366   	691563
LLU/LUU: nan 	0.6802 	0.6759    	0.7404   	0.7267


SPEX Left LU Factorization time: 	0.020000
"lower bound" of SPEX LU Update time: 	0.020000
SPEX LU Update time: 			0.040000


time of Left LU/ time of update: 	0.500000

obj value = 324516.493374
prev basis k(46): 114; new basis k: 65

---------------------------------------------------------
----------16: replacing k(46) with new_col(65)-----------
-----------------------------------------------------------

Solving 3 linear equations time: 	0.010000
Search k and new_col time: 		0.010000

	time     	L_nnz 	sum(Lb) 	U_nnz 		sum(Ub)

LLU: 	0.000000 	147   	285554    	261   	478045
"LUU_lb": 0.000000 	153   	301508    	285   	541073
LUU: 	0.000000 	225   	446320    	366   	685797
LLU/LUU: nan 	0.6533 	0.6398    	0.7131   	0.6971


SPEX Left LU Factorization time: 	0.020000
"lower bound" of SPEX LU Update time: 	0.020000
SPEX LU Update time: 			0.040000


time of Left LU/ time of update: 	0.500000

obj value = 323203.905164
prev basis k(42): 53; new basis k: 33

---------------------------------------------------------
----------17: replacing k(42) with new_col(33)-----------
-----------------------------------------------------------

Solving 3 linear equations time: 	0.010000
Search k and new_col time: 		0.010000

	time     	L_nnz 	sum(Lb) 	U_nnz 		sum(Ub)

LLU: 	0.000000 	137   	261518    	253   	465305
"LUU_lb": 0.000000 	153   	314493    	254   	465812
LUU: 	0.000000 	237   	472078    	379   	713855
LLU/LUU: nan 	0.5781 	0.5540    	0.6675   	0.6518


SPEX Left LU Factorization time: 	0.020000
"lower bound" of SPEX LU Update time: 	0.020000
SPEX LU Update time: 			0.040000


time of Left LU/ time of update: 	0.500000

obj value = 322861.408478
prev basis k(42): 33; new basis k: 108

---------------------------------------------------------
----------18: replacing k(42) with new_col(108)-----------
-----------------------------------------------------------

Solving 3 linear equations time: 	0.010000
Search k and new_col time: 		0.010000

	time     	L_nnz 	sum(Lb) 	U_nnz 		sum(Ub)

LLU: 	0.000000 	152   	294854    	263   	485999
"LUU_lb": 0.000000 	153   	301771    	257   	478522
LUU: 	0.000000 	237   	467616    	382   	711871
LLU/LUU: nan 	0.6414 	0.6305    	0.6885   	0.6827


SPEX Left LU Factorization time: 	0.020000
"lower bound" of SPEX LU Update time: 	0.020000
SPEX LU Update time: 			0.040000


time of Left LU/ time of update: 	0.500000

obj value = 322619.508209
prev basis k(1): 93; new basis k: 100

---------------------------------------------------------
----------19: replacing k(1) with new_col(100)-----------
-----------------------------------------------------------

Solving 3 linear equations time: 	0.000000
Search k and new_col time: 		0.000000

	time     	L_nnz 	sum(Lb) 	U_nnz 		sum(Ub)

LLU: 	0.010000 	162   	284595    	310   	548820
"LUU_lb": 0.000000 	156   	312237    	279   	521655
LUU: 	0.000000 	241   	475693    	395   	737649
LLU/LUU: inf 	0.6722 	0.5983    	0.7848   	0.7440


SPEX Left LU Factorization time: 	0.030000
"lower bound" of SPEX LU Update time: 	0.020000
SPEX LU Update time: 			0.040000


time of Left LU/ time of update: 	0.750000

obj value = 321169.545440
prev basis k(9): 86; new basis k: 26

---------------------------------------------------------
----------20: replacing k(9) with new_col(26)-----------
-----------------------------------------------------------

Solving 3 linear equations time: 	0.010000
Search k and new_col time: 		0.010000

	time     	L_nnz 	sum(Lb) 	U_nnz 		sum(Ub)

LLU: 	0.000000 	154   	263126    	291   	538539
"LUU_lb": 0.000000 	163   	327011    	325   	643338
LUU: 	0.000000 	240   	473601    	371   	687934
LLU/LUU: nan 	0.6417 	0.5556    	0.7844   	0.7828


SPEX Left LU Factorization time: 	0.030000
"lower bound" of SPEX LU Update time: 	0.020000
SPEX LU Update time: 			0.040000


time of Left LU/ time of update: 	0.750000

obj value = 318628.547753
prev basis k(29): 29; new basis k: 70

---------------------------------------------------------
----------21: replacing k(29) with new_col(70)-----------
-----------------------------------------------------------

Solving 3 linear equations time: 	0.000000
Search k and new_col time: 		0.010000

	time     	L_nnz 	sum(Lb) 	U_nnz 		sum(Ub)

LLU: 	0.000000 	163   	277509    	293   	536329
"LUU_lb": 0.000000 	174   	310891    	296   	546728
LUU: 	0.000000 	248   	493155    	388   	730198
LLU/LUU: nan 	0.6573 	0.5627    	0.7552   	0.7345


SPEX Left LU Factorization time: 	0.030000
"lower bound" of SPEX LU Update time: 	0.020000
SPEX LU Update time: 			0.040000


time of Left LU/ time of update: 	0.750000

obj value = 298598.818261
prev basis k(26): 107; new basis k: 27

---------------------------------------------------------
----------22: replacing k(26) with new_col(27)-----------
-----------------------------------------------------------

Solving 3 linear equations time: 	0.010000
Search k and new_col time: 		0.010000

	time     	L_nnz 	sum(Lb) 	U_nnz 		sum(Ub)

LLU: 	0.000000 	147   	253565    	272   	492129
"LUU_lb": 0.000000 	165   	300150    	316   	613084
LUU: 	0.000000 	248   	488921    	384   	711996
LLU/LUU: nan 	0.5927 	0.5186    	0.7083   	0.6912


SPEX Left LU Factorization time: 	0.030000
"lower bound" of SPEX LU Update time: 	0.020000
SPEX LU Update time: 			0.040000


time of Left LU/ time of update: 	0.750000

obj value = 294835.902496
prev basis k(49): 126; new basis k: 33

---------------------------------------------------------
----------23: replacing k(49) with new_col(33)-----------
-----------------------------------------------------------

Solving 3 linear equations time: 	0.010000
Search k and new_col time: 		0.010000

	time     	L_nnz 	sum(Lb) 	U_nnz 		sum(Ub)

LLU: 	0.000000 	127   	240388    	275   	512163
"LUU_lb": 0.000000 	148   	268232    	288   	542832
LUU: 	0.000000 	262   	524180    	390   	722813
LLU/LUU: nan 	0.4847 	0.4586    	0.7051   	0.7086


SPEX Left LU Factorization time: 	0.030000
"lower bound" of SPEX LU Update time: 	0.020000
SPEX LU Update time: 			0.040000


time of Left LU/ time of update: 	0.750000

obj value = 281763.324860
prev basis k(15): 105; new basis k: 5

---------------------------------------------------------
----------24: replacing k(15) with new_col(5)-----------
-----------------------------------------------------------

Solving 3 linear equations time: 	0.010000
Search k and new_col time: 		0.010000

	time     	L_nnz 	sum(Lb) 	U_nnz 		sum(Ub)

LLU: 	0.000000 	106   	190391    	251   	469833
"LUU_lb": 0.000000 	127   	241235    	279   	522903
LUU: 	0.000000 	267   	539768    	390   	719548
LLU/LUU: nan 	0.3970 	0.3527    	0.6436   	0.6530


SPEX Left LU Factorization time: 	0.030000
"lower bound" of SPEX LU Update time: 	0.020000
SPEX LU Update time: 			0.040000


time of Left LU/ time of update: 	0.750000

obj value = 280254.805144
prev basis k(21): 21; new basis k: 39

---------------------------------------------------------
----------25: replacing k(21) with new_col(39)-----------
-----------------------------------------------------------

Solving 3 linear equations time: 	0.010000
Search k and new_col time: 		0.010000

	time     	L_nnz 	sum(Lb) 	U_nnz 		sum(Ub)

LLU: 	0.000000 	100   	179009    	243   	438945
"LUU_lb": 0.000000 	121   	231132    	258   	485600
LUU: 	0.000000 	280   	564217    	412   	756904
LLU/LUU: nan 	0.3571 	0.3173    	0.5898   	0.5799


SPEX Left LU Factorization time: 	0.030000
"lower bound" of SPEX LU Update time: 	0.020000
SPEX LU Update time: 			0.040000


time of Left LU/ time of update: 	0.750000

obj value = 267879.460672
prev basis k(10): 10; new basis k: 126

---------------------------------------------------------
----------26: replacing k(10) with new_col(126)-----------
-----------------------------------------------------------

Solving 3 linear equations time: 	0.010000
Search k and new_col time: 		0.010000

	time     	L_nnz 	sum(Lb) 	U_nnz 		sum(Ub)

LLU: 	0.000000 	111   	204378    	249   	453041
"LUU_lb": 0.000000 	117   	225341    	247   	456193
LUU: 	0.000000 	291   	586571    	432   	800016
LLU/LUU: nan 	0.3814 	0.3484    	0.5764   	0.5663


SPEX Left LU Factorization time: 	0.030000
"lower bound" of SPEX LU Update time: 	0.020000
SPEX LU Update time: 			0.040000


time of Left LU/ time of update: 	0.750000

obj value = 263670.357463
prev basis k(50): 127; new basis k: 63

---------------------------------------------------------
----------27: replacing k(50) with new_col(63)-----------
-----------------------------------------------------------

Solving 3 linear equations time: 	0.000000
Search k and new_col time: 		0.010000

	time     	L_nnz 	sum(Lb) 	U_nnz 		sum(Ub)

LLU: 	0.000000 	104   	186993    	259   	474229
"LUU_lb": 0.000000 	117   	224437    	254   	467622
LUU: 	0.000000 	299   	596711    	450   	828278
LLU/LUU: nan 	0.3478 	0.3134    	0.5756   	0.5725


SPEX Left LU Factorization time: 	0.030000
"lower bound" of SPEX LU Update time: 	0.020000
SPEX LU Update time: 			0.040000


time of Left LU/ time of update: 	0.750000

obj value = 263541.047099
prev basis k(44): 55; new basis k: 49

---------------------------------------------------------
----------28: replacing k(44) with new_col(49)-----------
-----------------------------------------------------------

Solving 3 linear equations time: 	0.000000
Search k and new_col time: 		0.000000

	time     	L_nnz 	sum(Lb) 	U_nnz 		sum(Ub)

LLU: 	0.010000 	121   	207537    	262   	468230
"LUU_lb": 0.000000 	122   	233017    	264   	495538
LUU: 	0.000000 	275   	525537    	451   	802930
LLU/LUU: inf 	0.4400 	0.3949    	0.5809   	0.5832


SPEX Left LU Factorization time: 	0.040000
"lower bound" of SPEX LU Update time: 	0.020000
SPEX LU Update time: 			0.040000


time of Left LU/ time of update: 	1.000000

obj value = 263355.888608
prev basis k(9): 26; new basis k: 114

---------------------------------------------------------
----------29: replacing k(9) with new_col(114)-----------
-----------------------------------------------------------

Solving 3 linear equations time: 	0.000000
Search k and new_col time: 		0.000000

	time     	L_nnz 	sum(Lb) 	U_nnz 		sum(Ub)

LLU: 	0.010000 	143   	268458    	289   	531235
"LUU_lb": 0.000000 	130   	227353    	272   	470566
LUU: 	0.000000 	276   	527342    	464   	822467
LLU/LUU: inf 	0.5181 	0.5091    	0.6228   	0.6459


SPEX Left LU Factorization time: 	0.050000
"lower bound" of SPEX LU Update time: 	0.020000
SPEX LU Update time: 			0.040000


time of Left LU/ time of update: 	1.250000

obj value = 262994.668357
prev basis k(1): 100; new basis k: 86

---------------------------------------------------------
----------30: replacing k(1) with new_col(86)-----------
-----------------------------------------------------------

Solving 3 linear equations time: 	0.010000
Search k and new_col time: 		0.010000

	time     	L_nnz 	sum(Lb) 	U_nnz 		sum(Ub)

LLU: 	0.000000 	135   	232613    	268   	468046
"LUU_lb": 0.000000 	143   	271480    	294   	535985
LUU: 	0.000000 	271   	513734    	460   	804599
LLU/LUU: nan 	0.4982 	0.4528    	0.5826   	0.5817


SPEX Left LU Factorization time: 	0.050000
"lower bound" of SPEX LU Update time: 	0.020000
SPEX LU Update time: 			0.040000


time of Left LU/ time of update: 	1.250000

obj value = 260787.178356
prev basis k(23): 48; new basis k: 47

---------------------------------------------------------
----------31: replacing k(23) with new_col(47)-----------
-----------------------------------------------------------

Solving 3 linear equations time: 	0.010000
Search k and new_col time: 		0.010000

	time     	L_nnz 	sum(Lb) 	U_nnz 		sum(Ub)

LLU: 	0.000000 	135   	260158    	259   	464283
"LUU_lb": 0.000000 	134   	230561    	269   	466820
LUU: 	0.000000 	268   	507595    	455   	775647
LLU/LUU: nan 	0.5037 	0.5125    	0.5692   	0.5986


SPEX Left LU Factorization time: 	0.050000
"lower bound" of SPEX LU Update time: 	0.020000
SPEX LU Update time: 			0.040000


time of Left LU/ time of update: 	1.250000

obj value = 260732.849084
prev basis k(13): 129; new basis k: 106

---------------------------------------------------------
----------32: replacing k(13) with new_col(106)-----------
-----------------------------------------------------------

Solving 3 linear equations time: 	0.010000
Search k and new_col time: 		0.010000

	time     	L_nnz 	sum(Lb) 	U_nnz 		sum(Ub)

LLU: 	0.000000 	158   	262920    	267   	476936
"LUU_lb": 0.000000 	153   	304667    	266   	480282
LUU: 	0.000000 	268   	507401    	473   	814905
LLU/LUU: nan 	0.5896 	0.5182    	0.5645   	0.5853


SPEX Left LU Factorization time: 	0.050000
"lower bound" of SPEX LU Update time: 	0.020000
SPEX LU Update time: 			0.040000


time of Left LU/ time of update: 	1.250000

obj value = 260462.376650
prev basis k(20): 3; new basis k: 120

---------------------------------------------------------
----------33: replacing k(20) with new_col(120)-----------
-----------------------------------------------------------

Solving 3 linear equations time: 	0.000000
Search k and new_col time: 		0.000000

	time     	L_nnz 	sum(Lb) 	U_nnz 		sum(Ub)

LLU: 	0.010000 	159   	262748    	258   	459862
"LUU_lb": 0.000000 	165   	278603    	266   	466202
LUU: 	0.000000 	290   	548905    	486   	832144
LLU/LUU: inf 	0.5483 	0.4787    	0.5309   	0.5526


SPEX Left LU Factorization time: 	0.060000
"lower bound" of SPEX LU Update time: 	0.020000
SPEX LU Update time: 			0.040000


time of Left LU/ time of update: 	1.500000

obj value = 260109.576650
prev basis k(19): 95; new basis k: 36

---------------------------------------------------------
----------34: replacing k(19) with new_col(36)-----------
-----------------------------------------------------------

Solving 3 linear equations time: 	0.000000
Search k and new_col time: 		0.000000

	time     	L_nnz 	sum(Lb) 	U_nnz 		sum(Ub)

LLU: 	0.010000 	148   	236856    	258   	457449
"LUU_lb": 0.000000 	161   	271527    	257   	464583
LUU: 	0.000000 	296   	564260    	479   	822135
LLU/LUU: inf 	0.5000 	0.4198    	0.5386   	0.5564


SPEX Left LU Factorization time: 	0.070000
"lower bound" of SPEX LU Update time: 	0.020000
SPEX LU Update time: 			0.040000


time of Left LU/ time of update: 	1.750000

obj value = 258592.270633
prev basis k(9): 114; new basis k: 26

---------------------------------------------------------
----------35: replacing k(9) with new_col(26)-----------
-----------------------------------------------------------

Solving 3 linear equations time: 	0.000000
Search k and new_col time: 		0.000000

	time     	L_nnz 	sum(Lb) 	U_nnz 		sum(Ub)

LLU: 	0.000000 	126   	213240    	272   	468534
"LUU_lb": 0.000000 	149   	256027    	261   	476180
LUU: 	0.000000 	294   	558080    	463   	789637
LLU/LUU: nan 	0.4286 	0.3821    	0.5875   	0.5934


SPEX Left LU Factorization time: 	0.070000
"lower bound" of SPEX LU Update time: 	0.020000
SPEX LU Update time: 			0.040000


time of Left LU/ time of update: 	1.750000

obj value = 258531.272529
prev basis k(18): 68; new basis k: 69

---------------------------------------------------------
----------36: replacing k(18) with new_col(69)-----------
-----------------------------------------------------------

Solving 3 linear equations time: 	0.010000
Search k and new_col time: 		0.010000

	time     	L_nnz 	sum(Lb) 	U_nnz 		sum(Ub)

LLU: 	0.000000 	126   	215642    	260   	449924
"LUU_lb": 0.000000 	124   	222953    	304   	574257
LUU: 	0.000000 	293   	556513    	471   	824148
LLU/LUU: nan 	0.4300 	0.3875    	0.5520   	0.5459


SPEX Left LU Factorization time: 	0.070000
"lower bound" of SPEX LU Update time: 	0.020000
SPEX LU Update time: 			0.040000


time of Left LU/ time of update: 	1.750000

obj value = 258516.781491
prev basis k(43): 80; new basis k: 82

---------------------------------------------------------
----------37: replacing k(43) with new_col(82)-----------
-----------------------------------------------------------

Solving 3 linear equations time: 	0.010000
Search k and new_col time: 		0.010000

	time     	L_nnz 	sum(Lb) 	U_nnz 		sum(Ub)

LLU: 	0.000000 	127   	216231    	263   	455471
"LUU_lb": 0.000000 	126   	215638    	261   	450995
LUU: 	0.000000 	283   	525257    	428   	735760
LLU/LUU: nan 	0.4488 	0.4117    	0.6145   	0.6190


SPEX Left LU Factorization time: 	0.070000
"lower bound" of SPEX LU Update time: 	0.020000
SPEX LU Update time: 			0.040000


time of Left LU/ time of update: 	1.750000

obj value = 258346.862438
prev basis k(17): 66; new basis k: 67

---------------------------------------------------------
----------38: replacing k(17) with new_col(67)-----------
-----------------------------------------------------------

Solving 3 linear equations time: 	0.010000
Search k and new_col time: 		0.010000

	time     	L_nnz 	sum(Lb) 	U_nnz 		sum(Ub)

LLU: 	0.000000 	127   	214044    	265   	463706
"LUU_lb": 0.000000 	124   	222468    	299   	569597
LUU: 	0.000000 	290   	542513    	449   	770173
LLU/LUU: nan 	0.4379 	0.3945    	0.5902   	0.6021


SPEX Left LU Factorization time: 	0.070000
"lower bound" of SPEX LU Update time: 	0.020000
SPEX LU Update time: 			0.040000


time of Left LU/ time of update: 	1.750000

obj value = 258314.533678
optimal solution found!
