reading file TestMats/LPnetlib/lp_agg/lp_agg.mtx
reading file TestMats/LPnetlib/lp_agg/lp_agg_b.mtx
reading file TestMats/LPnetlib/lp_agg/lp_agg_c.mtx
reading file TestMats/LPnetlib/lp_agg/lp_agg_lo.mtx
reading file TestMats/LPnetlib/lp_agg/lp_agg_hi.mtx
m=488 n=615 fixed_var=0 nz=2862 real_nnz=2862
Constructing initial basis...
Size of triangular part is 488
getting initial basic variables....
OPT(5) FEAS(2) INFEAS(3) NOFEAS(4) UNBND(6) UNDEF(1)
0: 3, obj: 0.000000
1: 3, obj: 1828740.111775
2: 3, obj: 28343524.431159
3: 3, obj: 41933255.087139
4: 3, obj: 66629420.792997
5: 3, obj: 200523431.295966
6: 3, obj: 73989937.809712
7: 3, obj: 76532955.240225
8: 3, obj: 78634956.012756
9: 3, obj: 121683560.130057
10: 2, obj: -13551033.101850
preprocess finished
scales of A and b are same
obj value = -13551033.101850
found 0!! This update won't improve obj value
prev basis k(462): 589; new basis k: 497

---------------------------------------------------------
----------0: replacing k(462) with new_col(497)-----------
-----------------------------------------------------------

Solving 3 linear equations time: 	0.140000
Search k and new_col time: 		0.140000

	time     	L_nnz 	sum(Lb) 	U_nnz 		sum(Ub)

LLU: 	0.040000 	568   	8391672    	1616   	27093896
LUU: 	0.000000 	567   	8323477    	1611   	27115305
LLU/LUU: inf 	1.0018 	1.0082    	1.0031   	0.9992

obj value = -13551033.101850
found 0!! This update won't improve obj value
prev basis k(463): 590; new basis k: 553

---------------------------------------------------------
----------1: replacing k(463) with new_col(553)-----------
-----------------------------------------------------------

Solving 3 linear equations time: 	0.120000
Search k and new_col time: 		0.140000

	time     	L_nnz 	sum(Lb) 	U_nnz 		sum(Ub)

LLU: 	0.030000 	573   	8428524    	1629   	27243952
"LUU_lb": 0.000000 	569   	8437008    	1638   	27544082
LUU: 	0.000000 	595   	8585922    	1614   	27130929
LLU/LUU: inf 	0.9630 	0.9817    	1.0093   	1.0042


SPEX Left LU Factorization time: 	0.030000
"lower bound" of SPEX LU Update time: 	0.000000
SPEX LU Update time: 			0.000000


time of Left LU/ time of update: 	inf

obj value = -13551033.101850
found 0!! This update won't improve obj value
prev basis k(474): 601; new basis k: 535

---------------------------------------------------------
----------2: replacing k(474) with new_col(535)-----------
-----------------------------------------------------------

Solving 3 linear equations time: 	0.140000
Search k and new_col time: 		0.150000

	time     	L_nnz 	sum(Lb) 	U_nnz 		sum(Ub)

LLU: 	0.040000 	564   	8368988    	1656   	27742030
"LUU_lb": 0.000000 	580   	8492927    	1632   	27251203
LUU: 	0.000000 	602   	8652465    	1617   	27139179
LLU/LUU: inf 	0.9369 	0.9672    	1.0241   	1.0222


SPEX Left LU Factorization time: 	0.070000
"lower bound" of SPEX LU Update time: 	0.000000
SPEX LU Update time: 			0.000000


time of Left LU/ time of update: 	inf

obj value = -13551033.101850
prev basis k(54): 563; new basis k: 569

---------------------------------------------------------
----------3: replacing k(54) with new_col(569)-----------
-----------------------------------------------------------

Solving 3 linear equations time: 	0.160000
Search k and new_col time: 		0.160000

	time     	L_nnz 	sum(Lb) 	U_nnz 		sum(Ub)

LLU: 	0.040000 	578   	8779289    	1653   	27872184
"LUU_lb": 0.010000 	576   	8693549    	1649   	27566440
LUU: 	0.010000 	613   	8950994    	1619   	27127931
LLU/LUU: 4.0000 	0.9429 	0.9808    	1.0210   	1.0274


SPEX Left LU Factorization time: 	0.110000
"lower bound" of SPEX LU Update time: 	0.010000
SPEX LU Update time: 			0.010000


time of Left LU/ time of update: 	11.000000

obj value = -17569229.969895
prev basis k(241): 241; new basis k: 137

---------------------------------------------------------
----------4: replacing k(241) with new_col(137)-----------
-----------------------------------------------------------

Solving 3 linear equations time: 	0.140000
Search k and new_col time: 		0.150000

	time     	L_nnz 	sum(Lb) 	U_nnz 		sum(Ub)

LLU: 	0.030000 	564   	8480016    	1634   	27350388
"LUU_lb": 0.000000 	587   	9031560    	1655   	27964120
LUU: 	0.010000 	618   	9097935    	1620   	27209080
LLU/LUU: 3.0000 	0.9126 	0.9321    	1.0086   	1.0052


SPEX Left LU Factorization time: 	0.140000
"lower bound" of SPEX LU Update time: 	0.010000
SPEX LU Update time: 			0.020000


time of Left LU/ time of update: 	7.000000

obj value = -27468986.928269
prev basis k(436): 456; new basis k: 307

---------------------------------------------------------
----------5: replacing k(436) with new_col(307)-----------
-----------------------------------------------------------

Solving 3 linear equations time: 	0.150000
Search k and new_col time: 		0.160000

	time     	L_nnz 	sum(Lb) 	U_nnz 		sum(Ub)

LLU: 	0.030000 	559   	8265015    	1644   	27690859
"LUU_lb": 0.000000 	562   	8425826    	1622   	27102958
LUU: 	0.000000 	615   	9040853    	1612   	27067584
LLU/LUU: inf 	0.9089 	0.9142    	1.0199   	1.0230


SPEX Left LU Factorization time: 	0.170000
"lower bound" of SPEX LU Update time: 	0.010000
SPEX LU Update time: 			0.020000


time of Left LU/ time of update: 	8.500000

obj value = -27684521.435583
prev basis k(446): 410; new basis k: 224

---------------------------------------------------------
----------6: replacing k(446) with new_col(224)-----------
-----------------------------------------------------------

Solving 3 linear equations time: 	0.150000
Search k and new_col time: 		0.170000

	time     	L_nnz 	sum(Lb) 	U_nnz 		sum(Ub)

LLU: 	0.030000 	560   	8365224    	1641   	27586685
"LUU_lb": 0.000000 	565   	8432061    	1648   	27830823
LUU: 	0.000000 	621   	9208341    	1617   	27233405
LLU/LUU: inf 	0.9018 	0.9084    	1.0148   	1.0130


SPEX Left LU Factorization time: 	0.200000
"lower bound" of SPEX LU Update time: 	0.010000
SPEX LU Update time: 			0.020000


time of Left LU/ time of update: 	10.000000

obj value = -27684624.630826
prev basis k(224): 426; new basis k: 289

---------------------------------------------------------
----------7: replacing k(224) with new_col(289)-----------
-----------------------------------------------------------

Solving 3 linear equations time: 	0.150000
Search k and new_col time: 		0.160000

	time     	L_nnz 	sum(Lb) 	U_nnz 		sum(Ub)

LLU: 	0.040000 	557   	8236269    	1652   	27945003
"LUU_lb": 0.000000 	562   	8429244    	1642   	27651416
LUU: 	0.010000 	625   	9326149    	1619   	27322721
LLU/LUU: 4.0000 	0.8912 	0.8831    	1.0204   	1.0228


SPEX Left LU Factorization time: 	0.240000
"lower bound" of SPEX LU Update time: 	0.010000
SPEX LU Update time: 			0.030000


time of Left LU/ time of update: 	8.000000

obj value = -27684777.392077
prev basis k(481): 546; new basis k: 354

---------------------------------------------------------
----------8: replacing k(481) with new_col(354)-----------
-----------------------------------------------------------

Solving 3 linear equations time: 	0.150000
Search k and new_col time: 		0.150000

	time     	L_nnz 	sum(Lb) 	U_nnz 		sum(Ub)

LLU: 	0.030000 	574   	8528913    	1622   	27297206
"LUU_lb": 0.010000 	558   	8262486    	1637   	27654065
LUU: 	0.010000 	619   	9174833    	1611   	27190941
LLU/LUU: 3.0000 	0.9273 	0.9296    	1.0068   	1.0039


SPEX Left LU Factorization time: 	0.270000
"lower bound" of SPEX LU Update time: 	0.020000
SPEX LU Update time: 			0.040000


time of Left LU/ time of update: 	6.750000

obj value = -28557607.601845
found 0!! This update won't improve obj value
prev basis k(358): 472; new basis k: 473

---------------------------------------------------------
----------9: replacing k(358) with new_col(473)-----------
-----------------------------------------------------------

Solving 3 linear equations time: 	0.150000
Search k and new_col time: 		0.160000

	time     	L_nnz 	sum(Lb) 	U_nnz 		sum(Ub)

LLU: 	0.020000 	562   	8489869    	1609   	27156546
"LUU_lb": 0.000000 	573   	8532507    	1618   	27292270
LUU: 	0.000000 	620   	9211024    	1606   	27167488
LLU/LUU: inf 	0.9065 	0.9217    	1.0019   	0.9996


SPEX Left LU Factorization time: 	0.290000
"lower bound" of SPEX LU Update time: 	0.020000
SPEX LU Update time: 			0.040000


time of Left LU/ time of update: 	7.250000

obj value = -28557607.601845
prev basis k(432): 557; new basis k: 565

---------------------------------------------------------
----------10: replacing k(432) with new_col(565)-----------
-----------------------------------------------------------

Solving 3 linear equations time: 	0.150000
Search k and new_col time: 		0.150000

	time     	L_nnz 	sum(Lb) 	U_nnz 		sum(Ub)

LLU: 	0.030000 	572   	8771959    	1606   	27051410
"LUU_lb": 0.000000 	562   	8489869    	1610   	27182521
LUU: 	0.010000 	622   	9247127    	1613   	27272725
LLU/LUU: 3.0000 	0.9196 	0.9486    	0.9957   	0.9919


SPEX Left LU Factorization time: 	0.320000
"lower bound" of SPEX LU Update time: 	0.020000
SPEX LU Update time: 			0.050000


time of Left LU/ time of update: 	6.400000

obj value = -29017815.577578
found 0!! This update won't improve obj value
prev basis k(475): 602; new basis k: 536

---------------------------------------------------------
----------11: replacing k(475) with new_col(536)-----------
-----------------------------------------------------------

Solving 3 linear equations time: 	0.140000
Search k and new_col time: 		0.150000

	time     	L_nnz 	sum(Lb) 	U_nnz 		sum(Ub)

LLU: 	0.040000 	583   	8905737    	1629   	27495379
"LUU_lb": 0.000000 	578   	8791572    	1609   	27058104
LUU: 	0.000000 	631   	9332523    	1617   	27301052
LLU/LUU: inf 	0.9239 	0.9543    	1.0074   	1.0071


SPEX Left LU Factorization time: 	0.360000
"lower bound" of SPEX LU Update time: 	0.020000
SPEX LU Update time: 			0.050000


time of Left LU/ time of update: 	7.200000

obj value = -29017815.577578
prev basis k(419): 419; new basis k: 418

---------------------------------------------------------
----------12: replacing k(419) with new_col(418)-----------
-----------------------------------------------------------

Solving 3 linear equations time: 	0.140000
Search k and new_col time: 		0.140000

	time     	L_nnz 	sum(Lb) 	U_nnz 		sum(Ub)

LLU: 	0.040000 	583   	8905737    	1629   	27495379
"LUU_lb": 0.000000 	585   	8959142    	1628   	27494521
LUU: 	0.000000 	633   	9386162    	1616   	27300418
LLU/LUU: inf 	0.9210 	0.9488    	1.0080   	1.0071


SPEX Left LU Factorization time: 	0.400000
"lower bound" of SPEX LU Update time: 	0.020000
SPEX LU Update time: 			0.050000


time of Left LU/ time of update: 	8.000000

obj value = -30093070.057578
found 0!! This update won't improve obj value
prev basis k(364): 532; new basis k: 533

---------------------------------------------------------
----------13: replacing k(364) with new_col(533)-----------
-----------------------------------------------------------

Solving 3 linear equations time: 	0.140000
Search k and new_col time: 		0.140000

	time     	L_nnz 	sum(Lb) 	U_nnz 		sum(Ub)

LLU: 	0.040000 	577   	8608036    	1635   	27581200
"LUU_lb": 0.000000 	583   	8907555    	1626   	27445389
LUU: 	0.010000 	634   	9400822    	1615   	27269815
LLU/LUU: 4.0000 	0.9101 	0.9157    	1.0124   	1.0114


SPEX Left LU Factorization time: 	0.440000
"lower bound" of SPEX LU Update time: 	0.020000
SPEX LU Update time: 			0.060000


time of Left LU/ time of update: 	7.333333

obj value = -30093070.057578
found 0!! This update won't improve obj value
prev basis k(362): 485; new basis k: 362

---------------------------------------------------------
----------14: replacing k(362) with new_col(362)-----------
-----------------------------------------------------------

Solving 3 linear equations time: 	0.140000
Search k and new_col time: 		0.140000

	time     	L_nnz 	sum(Lb) 	U_nnz 		sum(Ub)

LLU: 	0.030000 	561   	8307806    	1620   	27402800
"LUU_lb": 0.010000 	575   	8682292    	1618   	27260173
LUU: 	0.000000 	632   	9463389    	1597   	26910561
LLU/LUU: inf 	0.8877 	0.8779    	1.0144   	1.0183


SPEX Left LU Factorization time: 	0.470000
"lower bound" of SPEX LU Update time: 	0.030000
SPEX LU Update time: 			0.060000


time of Left LU/ time of update: 	7.833333

obj value = -30093070.057578
prev basis k(423): 423; new basis k: 442

---------------------------------------------------------
----------15: replacing k(423) with new_col(442)-----------
-----------------------------------------------------------

Solving 3 linear equations time: 	0.130000
Search k and new_col time: 		0.130000

	time     	L_nnz 	sum(Lb) 	U_nnz 		sum(Ub)

LLU: 	0.030000 	563   	8334956    	1619   	27367860
"LUU_lb": 0.000000 	563   	8371867    	1620   	27432297
LUU: 	0.000000 	634   	9515776    	1596   	26908952
LLU/LUU: inf 	0.8880 	0.8759    	1.0144   	1.0171


SPEX Left LU Factorization time: 	0.500000
"lower bound" of SPEX LU Update time: 	0.030000
SPEX LU Update time: 			0.060000


time of Left LU/ time of update: 	8.333333

obj value = -31229712.377578
prev basis k(443): 443; new basis k: 554

---------------------------------------------------------
----------16: replacing k(443) with new_col(554)-----------
-----------------------------------------------------------

Solving 3 linear equations time: 	0.130000
Search k and new_col time: 		0.140000

	time     	L_nnz 	sum(Lb) 	U_nnz 		sum(Ub)

LLU: 	0.030000 	568   	8402982    	1635   	27551324
"LUU_lb": 0.000000 	564   	8365920    	1640   	27714346
LUU: 	0.000000 	636   	9569003    	1635   	27586648
LLU/LUU: inf 	0.8931 	0.8781    	1.0000   	0.9987


SPEX Left LU Factorization time: 	0.530000
"lower bound" of SPEX LU Update time: 	0.030000
SPEX LU Update time: 			0.060000


time of Left LU/ time of update: 	8.833333

obj value = -31569552.377578
found 0!! This update won't improve obj value
prev basis k(464): 591; new basis k: 457

---------------------------------------------------------
----------17: replacing k(464) with new_col(457)-----------
-----------------------------------------------------------

Solving 3 linear equations time: 	0.160000
Search k and new_col time: 		0.160000

	time     	L_nnz 	sum(Lb) 	U_nnz 		sum(Ub)

LLU: 	0.040000 	575   	8786466    	1662   	28078610
"LUU_lb": 0.000000 	570   	8438781    	1649   	27677333
LUU: 	0.010000 	637   	9601973    	1649   	27735394
LLU/LUU: 4.0000 	0.9027 	0.9151    	1.0079   	1.0124


SPEX Left LU Factorization time: 	0.570000
"lower bound" of SPEX LU Update time: 	0.030000
SPEX LU Update time: 			0.070000


time of Left LU/ time of update: 	8.142857

obj value = -31569552.377578
prev basis k(472): 599; new basis k: 525

---------------------------------------------------------
----------18: replacing k(472) with new_col(525)-----------
-----------------------------------------------------------

Solving 3 linear equations time: 	0.140000
Search k and new_col time: 		0.150000

	time     	L_nnz 	sum(Lb) 	U_nnz 		sum(Ub)

LLU: 	0.050000 	588   	9099747    	1657   	27861109
"LUU_lb": 0.030000 	580   	8966967    	1701   	29069902
LUU: 	0.030000 	652   	10026074    	1734   	29903835
LLU/LUU: 1.6667 	0.9018 	0.9076    	0.9556   	0.9317


SPEX Left LU Factorization time: 	0.620000
"lower bound" of SPEX LU Update time: 	0.060000
SPEX LU Update time: 			0.100000


time of Left LU/ time of update: 	6.200000

obj value = -34071066.008998
prev basis k(314): 314; new basis k: 566

---------------------------------------------------------
----------19: replacing k(314) with new_col(566)-----------
-----------------------------------------------------------

Solving 3 linear equations time: 	0.170000
Search k and new_col time: 		0.180000

	time     	L_nnz 	sum(Lb) 	U_nnz 		sum(Ub)

LLU: 	0.020000 	573   	8753592    	1673   	28032883
"LUU_lb": 0.010000 	593   	9254028    	1685   	28177448
LUU: 	0.010000 	661   	10289415    	1779   	30729069
LLU/LUU: 2.0000 	0.8669 	0.8507    	0.9404   	0.9123


SPEX Left LU Factorization time: 	0.640000
"lower bound" of SPEX LU Update time: 	0.070000
SPEX LU Update time: 			0.110000


time of Left LU/ time of update: 	5.818182

obj value = -34269462.735364
prev basis k(137): 408; new basis k: 432

---------------------------------------------------------
----------20: replacing k(137) with new_col(432)-----------
-----------------------------------------------------------

Solving 3 linear equations time: 	0.180000
Search k and new_col time: 		0.190000

	time     	L_nnz 	sum(Lb) 	U_nnz 		sum(Ub)

LLU: 	0.030000 	571   	8708723    	1677   	28102433
"LUU_lb": 0.000000 	578   	8906949    	1674   	28109979
LUU: 	0.010000 	665   	10404289    	1786   	30960285
LLU/LUU: 3.0000 	0.8586 	0.8370    	0.9390   	0.9077


SPEX Left LU Factorization time: 	0.670000
"lower bound" of SPEX LU Update time: 	0.070000
SPEX LU Update time: 			0.120000


time of Left LU/ time of update: 	5.583333

obj value = -35905045.223384
prev basis k(393): 393; new basis k: 314

---------------------------------------------------------
----------21: replacing k(393) with new_col(314)-----------
-----------------------------------------------------------

Solving 3 linear equations time: 	0.190000
Search k and new_col time: 		0.200000

	time     	L_nnz 	sum(Lb) 	U_nnz 		sum(Ub)

LLU: 	0.030000 	570   	8674050    	1673   	28008909
"LUU_lb": 0.000000 	577   	8872056    	1677   	28142892
LUU: 	0.010000 	670   	10542525    	1789   	31093300
LLU/LUU: 3.0000 	0.8507 	0.8228    	0.9352   	0.9008


SPEX Left LU Factorization time: 	0.700000
"lower bound" of SPEX LU Update time: 	0.070000
SPEX LU Update time: 			0.130000


time of Left LU/ time of update: 	5.384615

obj value = -35919585.588151
prev basis k(231): 231; new basis k: 466

---------------------------------------------------------
----------22: replacing k(231) with new_col(466)-----------
-----------------------------------------------------------

Solving 3 linear equations time: 	0.190000
Search k and new_col time: 		0.190000

	time     	L_nnz 	sum(Lb) 	U_nnz 		sum(Ub)

LLU: 	0.030000 	575   	8825731    	1686   	28208200
"LUU_lb": 0.010000 	574   	8797567    	1680   	28132749
LUU: 	0.020000 	683   	10904612    	1798   	31265163
LLU/LUU: 1.5000 	0.8419 	0.8094    	0.9377   	0.9022


SPEX Left LU Factorization time: 	0.730000
"lower bound" of SPEX LU Update time: 	0.080000
SPEX LU Update time: 			0.150000


time of Left LU/ time of update: 	4.866667

obj value = -35920452.110011
prev basis k(114): 396; new basis k: 469

---------------------------------------------------------
----------23: replacing k(114) with new_col(469)-----------
-----------------------------------------------------------

Solving 3 linear equations time: 	0.210000
Search k and new_col time: 		0.210000

	time     	L_nnz 	sum(Lb) 	U_nnz 		sum(Ub)

LLU: 	0.030000 	582   	9000590    	1696   	28326354
"LUU_lb": 0.010000 	581   	9002991    	1698   	28440154
LUU: 	0.010000 	691   	11127901    	1819   	31710641
LLU/LUU: 3.0000 	0.8423 	0.8088    	0.9324   	0.8933


SPEX Left LU Factorization time: 	0.760000
"lower bound" of SPEX LU Update time: 	0.090000
SPEX LU Update time: 			0.160000


time of Left LU/ time of update: 	4.750000

obj value = -35920593.900560
prev basis k(179): 179; new basis k: 464

---------------------------------------------------------
----------24: replacing k(179) with new_col(464)-----------
-----------------------------------------------------------

Solving 3 linear equations time: 	0.220000
Search k and new_col time: 		0.220000

	time     	L_nnz 	sum(Lb) 	U_nnz 		sum(Ub)

LLU: 	0.050000 	587   	8913321    	1740   	29351840
"LUU_lb": 0.010000 	587   	9134203    	1709   	28590209
LUU: 	0.020000 	699   	11350632    	1839   	32123069
LLU/LUU: 2.5000 	0.8398 	0.7853    	0.9462   	0.9137


SPEX Left LU Factorization time: 	0.810000
"lower bound" of SPEX LU Update time: 	0.100000
SPEX LU Update time: 			0.180000


time of Left LU/ time of update: 	4.500000

obj value = -35920762.623382
prev basis k(224): 289; new basis k: 446

---------------------------------------------------------
----------25: replacing k(224) with new_col(446)-----------
-----------------------------------------------------------

Solving 3 linear equations time: 	0.190000
Search k and new_col time: 		0.190000

	time     	L_nnz 	sum(Lb) 	U_nnz 		sum(Ub)

LLU: 	0.050000 	590   	8886711    	1743   	29349912
"LUU_lb": 0.000000 	594   	9103313    	1737   	29313815
LUU: 	0.000000 	700   	11375705    	1835   	32017709
LLU/LUU: inf 	0.8429 	0.7812    	0.9499   	0.9167


SPEX Left LU Factorization time: 	0.860000
"lower bound" of SPEX LU Update time: 	0.100000
SPEX LU Update time: 			0.180000


time of Left LU/ time of update: 	4.777778

obj value = -35921614.659382
prev basis k(446): 224; new basis k: 406

---------------------------------------------------------
----------26: replacing k(446) with new_col(406)-----------
-----------------------------------------------------------

Solving 3 linear equations time: 	0.190000
Search k and new_col time: 		0.200000

	time     	L_nnz 	sum(Lb) 	U_nnz 		sum(Ub)

LLU: 	0.060000 	593   	9039781    	1740   	29318470
"LUU_lb": 0.000000 	596   	9049033    	1740   	29304700
LUU: 	0.010000 	700   	11374165    	1827   	31807982
LLU/LUU: 6.0000 	0.8471 	0.7948    	0.9524   	0.9217


SPEX Left LU Factorization time: 	0.920000
"lower bound" of SPEX LU Update time: 	0.100000
SPEX LU Update time: 			0.190000


time of Left LU/ time of update: 	4.842105

obj value = -35922569.995488
found 0!! This update won't improve obj value
prev basis k(366): 537; new basis k: 543

---------------------------------------------------------
----------27: replacing k(366) with new_col(543)-----------
-----------------------------------------------------------

Solving 3 linear equations time: 	0.230000
Search k and new_col time: 		0.230000

	time     	L_nnz 	sum(Lb) 	U_nnz 		sum(Ub)

LLU: 	0.050000 	580   	8895099    	1732   	29211973
"LUU_lb": 0.010000 	590   	9010840    	1734   	29304383
LUU: 	0.010000 	703   	11484115    	1825   	31869572
LLU/LUU: 5.0000 	0.8250 	0.7746    	0.9490   	0.9166


SPEX Left LU Factorization time: 	0.970000
"lower bound" of SPEX LU Update time: 	0.110000
SPEX LU Update time: 			0.200000


time of Left LU/ time of update: 	4.850000

obj value = -35922569.995488
prev basis k(420): 303; new basis k: 440

---------------------------------------------------------
----------28: replacing k(420) with new_col(440)-----------
-----------------------------------------------------------

Solving 3 linear equations time: 	0.180000
Search k and new_col time: 		0.190000

	time     	L_nnz 	sum(Lb) 	U_nnz 		sum(Ub)

LLU: 	0.050000 	587   	8928571    	1738   	29313134
"LUU_lb": 0.010000 	583   	8989903    	1733   	29272820
LUU: 	0.000000 	706   	11576169    	1827   	31953604
LLU/LUU: inf 	0.8314 	0.7713    	0.9513   	0.9174


SPEX Left LU Factorization time: 	1.020000
"lower bound" of SPEX LU Update time: 	0.120000
SPEX LU Update time: 			0.200000


time of Left LU/ time of update: 	5.100000

obj value = -35922710.059382
prev basis k(233): 233; new basis k: 420

---------------------------------------------------------
----------29: replacing k(233) with new_col(420)-----------
-----------------------------------------------------------

Solving 3 linear equations time: 	0.180000
Search k and new_col time: 		0.190000

	time     	L_nnz 	sum(Lb) 	U_nnz 		sum(Ub)

LLU: 	0.050000 	580   	8893062    	1739   	29339155
"LUU_lb": 0.000000 	593   	9094927    	1737   	29332049
LUU: 	0.000000 	714   	11793735    	1827   	31989082
LLU/LUU: inf 	0.8123 	0.7540    	0.9518   	0.9172


SPEX Left LU Factorization time: 	1.070000
"lower bound" of SPEX LU Update time: 	0.120000
SPEX LU Update time: 			0.200000


time of Left LU/ time of update: 	5.350000

obj value = -35922996.776248
prev basis k(393): 314; new basis k: 510

---------------------------------------------------------
----------30: replacing k(393) with new_col(510)-----------
-----------------------------------------------------------

Solving 3 linear equations time: 	0.220000
Search k and new_col time: 		0.220000

	time     	L_nnz 	sum(Lb) 	U_nnz 		sum(Ub)

LLU: 	0.060000 	602   	9270352    	1754   	29290726
"LUU_lb": 0.010000 	592   	9230435    	1752   	29604727
LUU: 	0.010000 	714   	11791652    	1851   	32441279
LLU/LUU: 6.0000 	0.8431 	0.7862    	0.9476   	0.9029


SPEX Left LU Factorization time: 	1.130000
"lower bound" of SPEX LU Update time: 	0.130000
SPEX LU Update time: 			0.210000


time of Left LU/ time of update: 	5.380952

obj value = -35964623.472769
prev basis k(114): 469; new basis k: 114

---------------------------------------------------------
----------31: replacing k(114) with new_col(114)-----------
-----------------------------------------------------------

Solving 3 linear equations time: 	0.210000
Search k and new_col time: 		0.230000

	time     	L_nnz 	sum(Lb) 	U_nnz 		sum(Ub)

LLU: 	0.050000 	598   	9456339    	1717   	28722051
"LUU_lb": 0.010000 	603   	9324184    	1741   	29130742
LUU: 	0.000000 	714   	11791678    	1830   	32011278
LLU/LUU: inf 	0.8375 	0.8020    	0.9383   	0.8972


SPEX Left LU Factorization time: 	1.180000
"lower bound" of SPEX LU Update time: 	0.140000
SPEX LU Update time: 			0.210000


time of Left LU/ time of update: 	5.619048

obj value = -35964655.502041
found 0!! This update won't improve obj value
prev basis k(358): 473; new basis k: 468

---------------------------------------------------------
----------32: replacing k(358) with new_col(468)-----------
-----------------------------------------------------------

Solving 3 linear equations time: 	0.240000
Search k and new_col time: 		0.240000

	time     	L_nnz 	sum(Lb) 	U_nnz 		sum(Ub)

LLU: 	0.060000 	582   	9004918    	1749   	29496483
"LUU_lb": 0.010000 	597   	9428928    	1719   	28705802
LUU: 	0.010000 	715   	11818714    	1825   	31761160
LLU/LUU: 6.0000 	0.8140 	0.7619    	0.9584   	0.9287


SPEX Left LU Factorization time: 	1.240000
"lower bound" of SPEX LU Update time: 	0.150000
SPEX LU Update time: 			0.220000


time of Left LU/ time of update: 	5.636364

obj value = -35964655.502041
prev basis k(114): 114; new basis k: 396

---------------------------------------------------------
----------33: replacing k(114) with new_col(396)-----------
-----------------------------------------------------------

Solving 3 linear equations time: 	0.200000
Search k and new_col time: 		0.220000

	time     	L_nnz 	sum(Lb) 	U_nnz 		sum(Ub)

LLU: 	0.060000 	584   	9058380    	1746   	29432988
"LUU_lb": 0.000000 	584   	9076231    	1749   	29547988
LUU: 	0.000000 	711   	11709982    	1824   	31734069
LLU/LUU: inf 	0.8214 	0.7736    	0.9572   	0.9275


SPEX Left LU Factorization time: 	1.300000
"lower bound" of SPEX LU Update time: 	0.150000
SPEX LU Update time: 			0.220000


time of Left LU/ time of update: 	5.909091

obj value = -35964728.770886
found 0!! This update won't improve obj value
prev basis k(358): 468; new basis k: 467

---------------------------------------------------------
----------34: replacing k(358) with new_col(467)-----------
-----------------------------------------------------------

Solving 3 linear equations time: 	0.220000
Search k and new_col time: 		0.220000

	time     	L_nnz 	sum(Lb) 	U_nnz 		sum(Ub)

LLU: 	0.060000 	595   	9170967    	1730   	28913625
"LUU_lb": 0.000000 	583   	9031523    	1746   	29367699
LUU: 	0.000000 	705   	11548014    	1819   	31516423
LLU/LUU: inf 	0.8440 	0.7942    	0.9511   	0.9174


SPEX Left LU Factorization time: 	1.360000
"lower bound" of SPEX LU Update time: 	0.150000
SPEX LU Update time: 			0.220000


time of Left LU/ time of update: 	6.181818

obj value = -35964728.770886
found 0!! This update won't improve obj value
prev basis k(358): 467; new basis k: 463

---------------------------------------------------------
----------35: replacing k(358) with new_col(463)-----------
-----------------------------------------------------------

Solving 3 linear equations time: 	0.220000
Search k and new_col time: 		0.230000

	time     	L_nnz 	sum(Lb) 	U_nnz 		sum(Ub)

LLU: 	0.040000 	572   	8638836    	1736   	28958679
"LUU_lb": 0.010000 	594   	9330096    	1733   	29071209
LUU: 	0.000000 	710   	11683034    	1825   	31740080
LLU/LUU: inf 	0.8056 	0.7394    	0.9512   	0.9124


SPEX Left LU Factorization time: 	1.400000
"lower bound" of SPEX LU Update time: 	0.160000
SPEX LU Update time: 			0.220000


time of Left LU/ time of update: 	6.363636

obj value = -35964728.770886
found 0!! This update won't improve obj value
prev basis k(358): 463; new basis k: 473

---------------------------------------------------------
----------36: replacing k(358) with new_col(473)-----------
-----------------------------------------------------------

Solving 3 linear equations time: 	0.230000
Search k and new_col time: 		0.230000

	time     	L_nnz 	sum(Lb) 	U_nnz 		sum(Ub)

LLU: 	0.040000 	596   	9373769    	1711   	28566951
"LUU_lb": 0.010000 	572   	8665646    	1731   	28887464
LUU: 	0.000000 	711   	11709925    	1820   	31741640
LLU/LUU: inf 	0.8383 	0.8005    	0.9401   	0.9000


SPEX Left LU Factorization time: 	1.440000
"lower bound" of SPEX LU Update time: 	0.170000
SPEX LU Update time: 			0.220000


time of Left LU/ time of update: 	6.545455

obj value = -35964728.770886
prev basis k(424): 404; new basis k: 460

---------------------------------------------------------
----------37: replacing k(424) with new_col(460)-----------
-----------------------------------------------------------

Solving 3 linear equations time: 	0.210000
Search k and new_col time: 		0.220000

	time     	L_nnz 	sum(Lb) 	U_nnz 		sum(Ub)

LLU: 	0.050000 	594   	9248569    	1733   	28999606
"LUU_lb": 0.010000 	601   	9522142    	1724   	28837727
LUU: 	0.010000 	714   	11791788    	1841   	32201944
LLU/LUU: 5.0000 	0.8319 	0.7843    	0.9413   	0.9006


SPEX Left LU Factorization time: 	1.490000
"lower bound" of SPEX LU Update time: 	0.180000
SPEX LU Update time: 			0.230000


time of Left LU/ time of update: 	6.478261

obj value = -35976593.289061
prev basis k(424): 460; new basis k: 456

---------------------------------------------------------
----------38: replacing k(424) with new_col(456)-----------
-----------------------------------------------------------

Solving 3 linear equations time: 	0.210000
Search k and new_col time: 		0.220000

	time     	L_nnz 	sum(Lb) 	U_nnz 		sum(Ub)

LLU: 	0.050000 	589   	9187764    	1738   	29154628
"LUU_lb": 0.000000 	594   	9248567    	1732   	28959808
LUU: 	0.000000 	715   	11813471    	1836   	32096378
LLU/LUU: inf 	0.8238 	0.7777    	0.9466   	0.9083


SPEX Left LU Factorization time: 	1.540000
"lower bound" of SPEX LU Update time: 	0.180000
SPEX LU Update time: 			0.230000


time of Left LU/ time of update: 	6.695652

obj value = -35989706.281408
prev basis k(114): 396; new basis k: 469

---------------------------------------------------------
----------39: replacing k(114) with new_col(469)-----------
-----------------------------------------------------------

Solving 3 linear equations time: 	0.220000
Search k and new_col time: 		0.230000

	time     	L_nnz 	sum(Lb) 	U_nnz 		sum(Ub)

LLU: 	0.050000 	602   	9477760    	1752   	29177373
"LUU_lb": 0.010000 	595   	9365382    	1751   	29446261
LUU: 	0.010000 	718   	11895100    	1858   	32548647
LLU/LUU: 5.0000 	0.8384 	0.7968    	0.9429   	0.8964


SPEX Left LU Factorization time: 	1.590000
"lower bound" of SPEX LU Update time: 	0.190000
SPEX LU Update time: 			0.240000


time of Left LU/ time of update: 	6.625000

obj value = -35989769.486576
found 0!! This update won't improve obj value
prev basis k(471): 502; new basis k: 507

---------------------------------------------------------
----------40: replacing k(471) with new_col(507)-----------
-----------------------------------------------------------

Solving 3 linear equations time: 	0.180000
Search k and new_col time: 		0.190000

	time     	L_nnz 	sum(Lb) 	U_nnz 		sum(Ub)

LLU: 	0.050000 	600   	9425965    	1742   	29058325
"LUU_lb": 0.010000 	598   	9375090    	1751   	29155323
LUU: 	0.000000 	718   	11895083    	1858   	32491503
LLU/LUU: inf 	0.8357 	0.7924    	0.9376   	0.8943


SPEX Left LU Factorization time: 	1.640000
"lower bound" of SPEX LU Update time: 	0.200000
SPEX LU Update time: 			0.240000


time of Left LU/ time of update: 	6.833333

obj value = -35989769.486576
prev basis k(473): 504; new basis k: 509

---------------------------------------------------------
----------41: replacing k(473) with new_col(509)-----------
-----------------------------------------------------------

Solving 3 linear equations time: 	0.190000
Search k and new_col time: 		0.190000

	time     	L_nnz 	sum(Lb) 	U_nnz 		sum(Ub)

LLU: 	0.050000 	600   	9426740    	1742   	29037673
"LUU_lb": 0.020000 	603   	9534178    	1758   	29457924
LUU: 	0.020000 	722   	12001542    	1847   	32173935
LLU/LUU: 2.5000 	0.8310 	0.7855    	0.9432   	0.9025


SPEX Left LU Factorization time: 	1.690000
"lower bound" of SPEX LU Update time: 	0.220000
SPEX LU Update time: 			0.260000


time of Left LU/ time of update: 	6.500000

obj value = -35991767.286577
optimal solution found!
