reading file TestMats/LPnetlib/lp_standmps/lp_standmps.mtx
reading file TestMats/LPnetlib/lp_standmps/lp_standmps_b.mtx
reading file TestMats/LPnetlib/lp_standmps/lp_standmps_c.mtx
reading file TestMats/LPnetlib/lp_standmps/lp_standmps_lo.mtx
reading file TestMats/LPnetlib/lp_standmps/lp_standmps_hi.mtx
m=467 n=1274 fixed_var=16 nz=3878 real_nnz=3821
Constructing initial basis...
Size of triangular part is 467
getting initial basic variables....
OPT(5) FEAS(2) INFEAS(3) NOFEAS(4) UNBND(6) UNDEF(1)
0: 3, obj: -355964.636000
1: 3, obj: -355964.636000
2: 3, obj: -355964.636000
3: 3, obj: -355964.636000
4: 3, obj: -276735.192500
5: 3, obj: -276735.192500
6: 3, obj: -244243.288500
7: 3, obj: -185983.140750
8: 3, obj: -129847.423409
9: 3, obj: -8137.156000
10: 3, obj: 2471.854000
11: 3, obj: 2427.844500
12: 3, obj: 2507.968000
13: 3, obj: 2513.121500
14: 3, obj: 2404.255500
15: 3, obj: 2353.299500
16: 3, obj: 2306.684500
17: 3, obj: 2252.364457
18: 2, obj: 2131.857510
0: x[291]=15.000000 is nonbasic, bnd=[0.000000 15.000000] state=3
19: 2, obj: 2131.857510
preprocess finished
scales of A and b are same
obj value = 2131.857510
prev basis k(217): 234; new basis k: 6

---------------------------------------------------------
----------0: replacing k(217) with new_col(6)-----------
-----------------------------------------------------------

Solving 3 linear equations time: 	0.150000
Search k and new_col time: 		0.150000

	time     	L_nnz 	sum(Lb) 	U_nnz 		sum(Ub)

LLU: 	0.060000 	830   	11611453    	1351   	18136897
LUU: 	0.010000 	855   	12325067    	1334   	18386460
LLU/LUU: 6.0000 	0.9708 	0.9421    	1.0127   	0.9864

x[4]=-178000000000000009260619365211778310822144478715470138721732896542122868296968373085974495283497957468581960910401423757569310334958095426400264096668002815037137905145893697539451423926289533529112037672426880046561813110206918280677261949352662343584147019370742161604608.000000<0 1 -1
exact x[4]=-178000000000000011999999999999999999999999999999999999999999999999999999999999999999999999999999999999999999999999999999999999999999999999999999999999999999999999999999999999999999999999999999999999999999999999999999999999999999999999999999999999999999999999999999999999997
x[5]=-178000000000000009260619365211778310822144478715470138721732896542122868296968373085974495283497957468581960910401423757569310334958095426400264096668002815037137905145893697539451423926289533529112037672426880046561813110206918280677261949352662343584147019370742161604608.000000<0 1 -1
exact x[5]=-498035100000000042295620000000000587879999999999999999999999999999999999999999999999999999999999999999999999999999999999999999999999999999999999999999999999999999999999999999999999999999999999999999999999999999999999999999999999999999999999999999999999999999999999999999988935115166666666826316699999999995101/2797950000000000048990000000000000000
x[7]=-178000000000000009260619365211778310822144478715470138721732896542122868296968373085974495283497957468581960910401423757569310334958095426400264096668002815037137905145893697539451423926289533529112037672426880046561813110206918280677261949352662343584147019370742161604608.000000<0 1 -1
exact x[7]=-6872884380000000937284477000000038142634200000000417394799999999999999999999999999999999999999999999999999999999999999999999999999999999999999999999999999999999999999999999999999999999999999999999999999999999999999999999999999999999999999999999999999999999999999999999999611364657600000057938392673333334703905428999999998956513/38611710000000002662606500000000034782900000000000000000
x[528]=-178000000000000009260619365211778310822144478715470138721732896542122868296968373085974495283497957468581960910401423757569310334958095426400264096668002815037137905145893697539451423926289533529112037672426880046561813110206918280677261949352662343584147019370742161604608.000000<0 1 -1
exact x[528]=-17800000000000001199999999999999999999999999999999999999999999999999999999999999999999999999999999999999999999999999999999999999999999999999999999999999999999999999999999999999999999999999999999999999999999999999999999999999999999999999999999999999999999999999999999999999676999999999999991/100000000000000000
x[208]=-178000000000000009260619365211778310822144478715470138721732896542122868296968373085974495283497957468581960910401423757569310334958095426400264096668002815037137905145893697539451423926289533529112037672426880046561813110206918280677261949352662343584147019370742161604608.000000<0 1 -1
exact x[208]=-3560000000000000239999999999999999999999999999999999999999999999999999999999999999999999999999999999999999999999999999999999999999999999999999999999999999999999999999999999999999999999999999999999999999999999999999999999999999999999999999999999999999999999999999999999999868000000000000001/20000000000000000
x[212]=-178000000000000009260619365211778310822144478715470138721732896542122868296968373085974495283497957468581960910401423757569310334958095426400264096668002815037137905145893697539451423926289533529112037672426880046561813110206918280677261949352662343584147019370742161604608.000000<0 1 -1
exact x[212]=-17800000000000001199999999999999999999999999999999999999999999999999999999999999999999999999999999999999999999999999999999999999999999999999999999999999999999999999999999999999999999999999999999999999999999999999999999999999999999999999999999999999999999999999999999999999615999999999999997/100000000000000000
x[218]=-178000000000000009260619365211778310822144478715470138721732896542122868296968373085974495283497957468581960910401423757569310334958095426400264096668002815037137905145893697539451423926289533529112037672426880046561813110206918280677261949352662343584147019370742161604608.000000<0 1 -1
exact x[218]=-17800000000000001199999999999999999999999999999999999999999999999999999999999999999999999999999999999999999999999999999999999999999999999999999999999999999999999999999999999999999999999999999999999999999999999999999999999999999999999999999999999999999999999999999999999999676999999999999991/100000000000000000
x[6]=-178000000000000009260619365211778310822144478715470138721732896542122868296968373085974495283497957468581960910401423757569310334958095426400264096668002815037137905145893697539451423926289533529112037672426880046561813110206918280677261949352662343584147019370742161604608.000000<0 1 -1
exact x[6]=-4980351000000000422956200000000005878799999999999999999999999999999999999999999999999999999999999999999999999999999999999999999999999999999999999999999999999999999999999999999999999999999999999999999999999999999999999999999999999999999999999999999999999999999999999999999950066666666666669046454999999999946111/27979500000000000489900000000000000000
x[1206]=-178000000000000009260619365211778310822144478715470138721732896542122868296968373085974495283497957468581960910401423757569310334958095426400264096668002815037137905145893697539451423926289533529112037672426880046561813110206918280677261949352662343584147019370742161604608.000000<0 1 -1
exact x[1206]=-8900000000000000599999999999999999999999999999999999999999999999999999999999999999999999999999999999999999999999999999999999999999999999999999999999999999999999999999999999999999999999999999999999999999999999999999999999999999999999999999999999999999999999999999999999999897499999999999993/50000000000000000
x[522]=-178000000000000009260619365211778310822144478715470138721732896542122868296968373085974495283497957468581960910401423757569310334958095426400264096668002815037137905145893697539451423926289533529112037672426880046561813110206918280677261949352662343584147019370742161604608.000000<0 1 -1
exact x[522]=-17800000000000001199999999999999999999999999999999999999999999999999999999999999999999999999999999999999999999999999999999999999999999999999999999999999999999999999999999999999999999999999999999999999999999999999999999999999999999999999999999999999999999999999999999999999615999999999999997/100000000000000000
x[520]=-178000000000000009260619365211778310822144478715470138721732896542122868296968373085974495283497957468581960910401423757569310334958095426400264096668002815037137905145893697539451423926289533529112037672426880046561813110206918280677261949352662343584147019370742161604608.000000<0 1 -1
exact x[520]=-3560000000000000239999999999999999999999999999999999999999999999999999999999999999999999999999999999999999999999999999999999999999999999999999999999999999999999999999999999999999999999999999999999999999999999999999999999999999999999999999999999999999999999999999999999999868000000000000001/20000000000000000
x[8]=-178000000000000009260619365211778310822144478715470138721732896542122868296968373085974495283497957468581960910401423757569310334958095426400264096668002815037137905145893697539451423926289533529112037672426880046561813110206918280677261949352662343584147019370742161604608.000000<0 1 -1
exact x[8]=-6872884380000000937284477000000038142634200000000417394799999999999999999999999999999999999999999999999999999999999999999999999999999999999999999999999999999999999999999999999999999999999999999999999999999999999999999999999999999999999999999999999999999999999999999999999822956828400000080251818293333335427037021000000005913093/38611710000000002662606500000000034782900000000000000000
obj value = 5927400000000000176246328674589493702885035700262234860346736608381429268758017546340635190842003923829359803302535108192507296503288435601513438692125012333734980284495929311364538579145556105394771896442855848718864461214804158430338855726994394742294891329628795058520064.000000
prev basis k(219): 238; new basis k: 314

---------------------------------------------------------
----------1: replacing k(219) with new_col(314)-----------
-----------------------------------------------------------

Solving 3 linear equations time: 	0.140000
Search k and new_col time: 		0.150000
file ptest.c line 819: Matrix is SINGULAR
