reading file TestMats/LPnetlib/lp_share2b/lp_share2b.mtx
reading file TestMats/LPnetlib/lp_share2b/lp_share2b_b.mtx
reading file TestMats/LPnetlib/lp_share2b/lp_share2b_c.mtx
reading file TestMats/LPnetlib/lp_share2b/lp_share2b_lo.mtx
reading file TestMats/LPnetlib/lp_share2b/lp_share2b_hi.mtx
m=96 n=162 fixed_var=0 nz=777 real_nnz=777
Constructing initial basis...
Size of triangular part is 94
getting initial basic variables....
OPT(5) FEAS(2) INFEAS(3) NOFEAS(4) UNBND(6) UNDEF(1)
0: 3, obj: -70.000000
1: 3, obj: -70.000000
2: 3, obj: -129.443017
3: 3, obj: -140.188232
4: 3, obj: -162.024835
5: 3, obj: -183.599419
6: 3, obj: -198.217313
7: 3, obj: -198.217313
8: 3, obj: -198.217313
9: 3, obj: -279.069086
10: 3, obj: -279.069086
11: 3, obj: -279.069086
12: 3, obj: -311.531723
13: 2, obj: -336.212773
preprocess finished
scales of A and b are different
obj value = -336.212773
found 0!! This update won't improve obj value
prev basis k(78): 76; new basis k: 159

---------------------------------------------------------
----------0: replacing k(78) with new_col(159)-----------
-----------------------------------------------------------

Solving 3 linear equations time: 	0.000000
Search k and new_col time: 		0.000000

	time     	L_nnz 	sum(Lb) 	U_nnz 		sum(Ub)

LLU: 	0.010000 	215   	725383    	370   	1110074
LUU: 	0.000000 	218   	724906    	377   	1142225
LLU/LUU: inf 	0.9862 	1.0007    	0.9814   	0.9719

obj value = -336.212773
prev basis k(67): 65; new basis k: 154

---------------------------------------------------------
----------1: replacing k(67) with new_col(154)-----------
-----------------------------------------------------------

Solving 3 linear equations time: 	0.000000
Search k and new_col time: 		0.000000

	time     	L_nnz 	sum(Lb) 	U_nnz 		sum(Ub)

LLU: 	0.010000 	226   	774631    	382   	1145405
"LUU_lb": 0.000000 	230   	796344    	378   	1138250
LUU: 	0.000000 	223   	751541    	388   	1184598
LLU/LUU: inf 	1.0135 	1.0307    	0.9845   	0.9669


SPEX Left LU Factorization time: 	0.010000
"lower bound" of SPEX LU Update time: 	0.000000
SPEX LU Update time: 			0.000000


time of Left LU/ time of update: 	inf

obj value = -336.248481
prev basis k(64): 62; new basis k: 76

---------------------------------------------------------
----------2: replacing k(64) with new_col(76)-----------
-----------------------------------------------------------

Solving 3 linear equations time: 	0.010000
Search k and new_col time: 		0.010000

	time     	L_nnz 	sum(Lb) 	U_nnz 		sum(Ub)

LLU: 	0.000000 	223   	766947    	378   	1116581
"LUU_lb": 0.000000 	244   	864058    	388   	1170274
LUU: 	0.010000 	242   	839799    	390   	1194926
LLU/LUU: 0.0000 	0.9215 	0.9133    	0.9692   	0.9344


SPEX Left LU Factorization time: 	0.010000
"lower bound" of SPEX LU Update time: 	0.000000
SPEX LU Update time: 			0.010000


time of Left LU/ time of update: 	1.000000

obj value = -344.592582
prev basis k(70): 141; new basis k: 129

---------------------------------------------------------
----------3: replacing k(70) with new_col(129)-----------
-----------------------------------------------------------

Solving 3 linear equations time: 	0.000000
Search k and new_col time: 		0.000000

	time     	L_nnz 	sum(Lb) 	U_nnz 		sum(Ub)

LLU: 	0.010000 	219   	721936    	374   	1123109
"LUU_lb": 0.000000 	224   	772412    	377   	1119251
LUU: 	0.000000 	240   	834873    	388   	1157183
LLU/LUU: inf 	0.9125 	0.8647    	0.9639   	0.9706


SPEX Left LU Factorization time: 	0.020000
"lower bound" of SPEX LU Update time: 	0.000000
SPEX LU Update time: 			0.010000


time of Left LU/ time of update: 	2.000000

obj value = -344.919987
prev basis k(46): 38; new basis k: 156

---------------------------------------------------------
----------4: replacing k(46) with new_col(156)-----------
-----------------------------------------------------------

Solving 3 linear equations time: 	0.000000
Search k and new_col time: 		0.010000

	time     	L_nnz 	sum(Lb) 	U_nnz 		sum(Ub)

LLU: 	0.000000 	216   	730716    	368   	1063594
"LUU_lb": 0.000000 	227   	764926    	379   	1139328
LUU: 	0.000000 	259   	923862    	395   	1177375
LLU/LUU: nan 	0.8340 	0.7909    	0.9316   	0.9034


SPEX Left LU Factorization time: 	0.020000
"lower bound" of SPEX LU Update time: 	0.000000
SPEX LU Update time: 			0.010000


time of Left LU/ time of update: 	2.000000

obj value = -349.904804
prev basis k(64): 76; new basis k: 47

---------------------------------------------------------
----------5: replacing k(64) with new_col(47)-----------
-----------------------------------------------------------

Solving 3 linear equations time: 	0.010000
Search k and new_col time: 		0.010000

	time     	L_nnz 	sum(Lb) 	U_nnz 		sum(Ub)

LLU: 	0.000000 	216   	732966    	364   	1055256
"LUU_lb": 0.010000 	230   	795172    	369   	1075277
LUU: 	0.000000 	259   	923903    	401   	1196853
LLU/LUU: nan 	0.8340 	0.7933    	0.9077   	0.8817


SPEX Left LU Factorization time: 	0.020000
"lower bound" of SPEX LU Update time: 	0.010000
SPEX LU Update time: 			0.010000


time of Left LU/ time of update: 	2.000000

obj value = -352.065049
prev basis k(46): 156; new basis k: 152

---------------------------------------------------------
----------6: replacing k(46) with new_col(152)-----------
-----------------------------------------------------------

Solving 3 linear equations time: 	0.000000
Search k and new_col time: 		0.000000

	time     	L_nnz 	sum(Lb) 	U_nnz 		sum(Ub)

LLU: 	0.010000 	215   	728148    	367   	1062534
"LUU_lb": 0.000000 	222   	763944    	367   	1067473
LUU: 	0.000000 	259   	923903    	403   	1207608
LLU/LUU: inf 	0.8301 	0.7881    	0.9107   	0.8799


SPEX Left LU Factorization time: 	0.030000
"lower bound" of SPEX LU Update time: 	0.010000
SPEX LU Update time: 			0.010000


time of Left LU/ time of update: 	3.000000

obj value = -353.651931
prev basis k(68): 66; new basis k: 160

---------------------------------------------------------
----------7: replacing k(68) with new_col(160)-----------
-----------------------------------------------------------

Solving 3 linear equations time: 	0.010000
Search k and new_col time: 		0.010000

	time     	L_nnz 	sum(Lb) 	U_nnz 		sum(Ub)

LLU: 	0.000000 	215   	721163    	392   	1151940
"LUU_lb": 0.000000 	229   	793411    	371   	1081156
LUU: 	0.000000 	273   	994764    	412   	1242274
LLU/LUU: nan 	0.7875 	0.7250    	0.9515   	0.9273


SPEX Left LU Factorization time: 	0.030000
"lower bound" of SPEX LU Update time: 	0.010000
SPEX LU Update time: 			0.010000


time of Left LU/ time of update: 	3.000000

obj value = -357.242435
prev basis k(51): 49; new basis k: 143

---------------------------------------------------------
----------8: replacing k(51) with new_col(143)-----------
-----------------------------------------------------------

Solving 3 linear equations time: 	0.010000
Search k and new_col time: 		0.010000

	time     	L_nnz 	sum(Lb) 	U_nnz 		sum(Ub)

LLU: 	0.000000 	214   	710627    	395   	1156463
"LUU_lb": 0.010000 	234   	801990    	395   	1159258
LUU: 	0.000000 	285   	1051735    	419   	1252791
LLU/LUU: nan 	0.7509 	0.6757    	0.9427   	0.9231


SPEX Left LU Factorization time: 	0.030000
"lower bound" of SPEX LU Update time: 	0.020000
SPEX LU Update time: 			0.010000


time of Left LU/ time of update: 	3.000000

obj value = -358.953252
prev basis k(72): 70; new basis k: 157

---------------------------------------------------------
----------9: replacing k(72) with new_col(157)-----------
-----------------------------------------------------------

Solving 3 linear equations time: 	0.010000
Search k and new_col time: 		0.010000

	time     	L_nnz 	sum(Lb) 	U_nnz 		sum(Ub)

LLU: 	0.000000 	235   	801838    	403   	1170584
"LUU_lb": 0.000000 	223   	712185    	395   	1156463
LUU: 	0.000000 	294   	1049524    	419   	1250498
LLU/LUU: nan 	0.7993 	0.7640    	0.9618   	0.9361


SPEX Left LU Factorization time: 	0.030000
"lower bound" of SPEX LU Update time: 	0.020000
SPEX LU Update time: 			0.010000


time of Left LU/ time of update: 	3.000000

obj value = -362.042717
prev basis k(71): 69; new basis k: 155

---------------------------------------------------------
----------10: replacing k(71) with new_col(155)-----------
-----------------------------------------------------------

Solving 3 linear equations time: 	0.000000
Search k and new_col time: 		0.010000

	time     	L_nnz 	sum(Lb) 	U_nnz 		sum(Ub)

LLU: 	0.010000 	259   	902329    	404   	1174184
"LUU_lb": 0.000000 	254   	892406    	418   	1247639
LUU: 	0.000000 	294   	1052927    	433   	1305763
LLU/LUU: inf 	0.8810 	0.8570    	0.9330   	0.8992


SPEX Left LU Factorization time: 	0.040000
"lower bound" of SPEX LU Update time: 	0.020000
SPEX LU Update time: 			0.010000


time of Left LU/ time of update: 	4.000000

obj value = -363.849283
prev basis k(80): 78; new basis k: 145

---------------------------------------------------------
----------11: replacing k(80) with new_col(145)-----------
-----------------------------------------------------------

Solving 3 linear equations time: 	0.000000
Search k and new_col time: 		0.010000

	time     	L_nnz 	sum(Lb) 	U_nnz 		sum(Ub)

LLU: 	0.000000 	253   	842716    	406   	1161625
"LUU_lb": 0.000000 	259   	902338    	409   	1178117
LUU: 	0.000000 	304   	1083728    	440   	1350615
LLU/LUU: nan 	0.8322 	0.7776    	0.9227   	0.8601


SPEX Left LU Factorization time: 	0.040000
"lower bound" of SPEX LU Update time: 	0.020000
SPEX LU Update time: 			0.010000


time of Left LU/ time of update: 	4.000000

obj value = -366.059279
prev basis k(73): 71; new basis k: 4

---------------------------------------------------------
----------12: replacing k(73) with new_col(4)-----------
-----------------------------------------------------------

Solving 3 linear equations time: 	0.010000
Search k and new_col time: 		0.010000

	time     	L_nnz 	sum(Lb) 	U_nnz 		sum(Ub)

LLU: 	0.010000 	247   	848168    	416   	1201097
"LUU_lb": 0.000000 	270   	928994    	417   	1218958
LUU: 	0.000000 	304   	1082842    	448   	1394868
LLU/LUU: inf 	0.8125 	0.7833    	0.9286   	0.8611


SPEX Left LU Factorization time: 	0.050000
"lower bound" of SPEX LU Update time: 	0.020000
SPEX LU Update time: 			0.010000


time of Left LU/ time of update: 	5.000000

obj value = -368.082205
prev basis k(6): 86; new basis k: 64

---------------------------------------------------------
----------13: replacing k(6) with new_col(64)-----------
-----------------------------------------------------------

Solving 3 linear equations time: 	0.010000
Search k and new_col time: 		0.010000

	time     	L_nnz 	sum(Lb) 	U_nnz 		sum(Ub)

LLU: 	0.010000 	250   	813585    	394   	1114768
"LUU_lb": 0.000000 	261   	913247    	409   	1200188
LUU: 	0.000000 	304   	1080354    	429   	1317347
LLU/LUU: inf 	0.8224 	0.7531    	0.9184   	0.8462


SPEX Left LU Factorization time: 	0.060000
"lower bound" of SPEX LU Update time: 	0.020000
SPEX LU Update time: 			0.010000


time of Left LU/ time of update: 	6.000000

obj value = -372.205025
prev basis k(46): 152; new basis k: 93

---------------------------------------------------------
----------14: replacing k(46) with new_col(93)-----------
-----------------------------------------------------------

Solving 3 linear equations time: 	0.010000
Search k and new_col time: 		0.010000

	time     	L_nnz 	sum(Lb) 	U_nnz 		sum(Ub)

LLU: 	0.000000 	232   	767941    	397   	1157707
"LUU_lb": 0.010000 	250   	843701    	405   	1187267
LUU: 	0.000000 	306   	1087747    	431   	1340312
LLU/LUU: nan 	0.7582 	0.7060    	0.9211   	0.8638


SPEX Left LU Factorization time: 	0.060000
"lower bound" of SPEX LU Update time: 	0.030000
SPEX LU Update time: 			0.010000


time of Left LU/ time of update: 	6.000000

obj value = -388.361366
prev basis k(70): 129; new basis k: 133

---------------------------------------------------------
----------15: replacing k(70) with new_col(133)-----------
-----------------------------------------------------------

Solving 3 linear equations time: 	0.010000
Search k and new_col time: 		0.010000

	time     	L_nnz 	sum(Lb) 	U_nnz 		sum(Ub)

LLU: 	0.000000 	232   	766567    	402   	1182575
"LUU_lb": 0.000000 	243   	820752    	406   	1202724
LUU: 	0.000000 	305   	1066284    	428   	1276440
LLU/LUU: nan 	0.7607 	0.7189    	0.9393   	0.9265


SPEX Left LU Factorization time: 	0.060000
"lower bound" of SPEX LU Update time: 	0.030000
SPEX LU Update time: 			0.010000


time of Left LU/ time of update: 	6.000000

obj value = -400.960179
prev basis k(10): 8; new basis k: 76

---------------------------------------------------------
----------16: replacing k(10) with new_col(76)-----------
-----------------------------------------------------------

Solving 3 linear equations time: 	0.000000
Search k and new_col time: 		0.010000

	time     	L_nnz 	sum(Lb) 	U_nnz 		sum(Ub)

LLU: 	0.000000 	244   	811016    	403   	1181542
"LUU_lb": 0.000000 	252   	845824    	408   	1225644
LUU: 	0.000000 	315   	1107909    	435   	1321856
LLU/LUU: nan 	0.7746 	0.7320    	0.9264   	0.8939


SPEX Left LU Factorization time: 	0.060000
"lower bound" of SPEX LU Update time: 	0.030000
SPEX LU Update time: 			0.010000


time of Left LU/ time of update: 	6.000000

obj value = -406.392924
prev basis k(70): 133; new basis k: 129

---------------------------------------------------------
----------17: replacing k(70) with new_col(129)-----------
-----------------------------------------------------------

Solving 3 linear equations time: 	0.010000
Search k and new_col time: 		0.010000

	time     	L_nnz 	sum(Lb) 	U_nnz 		sum(Ub)

LLU: 	0.010000 	242   	793090    	404   	1184278
"LUU_lb": 0.000000 	247   	826563    	420   	1264284
LUU: 	0.000000 	314   	1100414    	434   	1312596
LLU/LUU: inf 	0.7707 	0.7207    	0.9309   	0.9022


SPEX Left LU Factorization time: 	0.070000
"lower bound" of SPEX LU Update time: 	0.030000
SPEX LU Update time: 			0.010000


time of Left LU/ time of update: 	7.000000

obj value = -407.940980
prev basis k(10): 76; new basis k: 146

---------------------------------------------------------
----------18: replacing k(10) with new_col(146)-----------
-----------------------------------------------------------

Solving 3 linear equations time: 	0.000000
Search k and new_col time: 		0.010000

	time     	L_nnz 	sum(Lb) 	U_nnz 		sum(Ub)

LLU: 	0.010000 	248   	818578    	412   	1231341
"LUU_lb": 0.000000 	252   	843996    	413   	1212579
LUU: 	0.000000 	314   	1096072    	446   	1359480
LLU/LUU: inf 	0.7898 	0.7468    	0.9238   	0.9057


SPEX Left LU Factorization time: 	0.080000
"lower bound" of SPEX LU Update time: 	0.030000
SPEX LU Update time: 			0.010000


time of Left LU/ time of update: 	8.000000

obj value = -408.173671
prev basis k(78): 159; new basis k: 152

---------------------------------------------------------
----------19: replacing k(78) with new_col(152)-----------
-----------------------------------------------------------

Solving 3 linear equations time: 	0.010000
Search k and new_col time: 		0.010000

	time     	L_nnz 	sum(Lb) 	U_nnz 		sum(Ub)

LLU: 	0.000000 	248   	819802    	410   	1218070
"LUU_lb": 0.010000 	254   	849072    	416   	1249887
LUU: 	0.000000 	305   	1054789    	443   	1342178
LLU/LUU: nan 	0.8131 	0.7772    	0.9255   	0.9075


SPEX Left LU Factorization time: 	0.080000
"lower bound" of SPEX LU Update time: 	0.040000
SPEX LU Update time: 			0.010000


time of Left LU/ time of update: 	8.000000

obj value = -409.437363
prev basis k(6): 64; new basis k: 49

---------------------------------------------------------
----------20: replacing k(6) with new_col(49)-----------
-----------------------------------------------------------

Solving 3 linear equations time: 	0.010000
Search k and new_col time: 		0.010000

	time     	L_nnz 	sum(Lb) 	U_nnz 		sum(Ub)

LLU: 	0.000000 	262   	870558    	430   	1306699
"LUU_lb": 0.000000 	263   	892362    	415   	1252644
LUU: 	0.010000 	306   	1058932    	438   	1315239
LLU/LUU: 0.0000 	0.8562 	0.8221    	0.9817   	0.9935


SPEX Left LU Factorization time: 	0.080000
"lower bound" of SPEX LU Update time: 	0.040000
SPEX LU Update time: 			0.020000


time of Left LU/ time of update: 	4.000000

obj value = -415.523318
found 0!! This update won't improve obj value
prev basis k(31): 29; new basis k: 118

---------------------------------------------------------
----------21: replacing k(31) with new_col(118)-----------
-----------------------------------------------------------

Solving 3 linear equations time: 	0.000000
Search k and new_col time: 		0.000000

	time     	L_nnz 	sum(Lb) 	U_nnz 		sum(Ub)

LLU: 	0.010000 	267   	875175    	435   	1304129
"LUU_lb": 0.000000 	273   	912676    	437   	1320059
LUU: 	0.000000 	319   	1109854    	447   	1339145
LLU/LUU: inf 	0.8370 	0.7885    	0.9732   	0.9739


SPEX Left LU Factorization time: 	0.090000
"lower bound" of SPEX LU Update time: 	0.040000
SPEX LU Update time: 			0.020000


time of Left LU/ time of update: 	4.500000

obj value = -415.523318
found 0!! This update won't improve obj value
prev basis k(33): 31; new basis k: 119

---------------------------------------------------------
----------22: replacing k(33) with new_col(119)-----------
-----------------------------------------------------------

Solving 3 linear equations time: 	0.010000
Search k and new_col time: 		0.010000

	time     	L_nnz 	sum(Lb) 	U_nnz 		sum(Ub)

LLU: 	0.010000 	270   	878667    	443   	1313385
"LUU_lb": 0.000000 	277   	907825    	441   	1317497
LUU: 	0.000000 	333   	1155214    	455   	1355633
LLU/LUU: inf 	0.8108 	0.7606    	0.9736   	0.9688


SPEX Left LU Factorization time: 	0.100000
"lower bound" of SPEX LU Update time: 	0.040000
SPEX LU Update time: 			0.020000


time of Left LU/ time of update: 	5.000000

obj value = -415.523318
prev basis k(56): 54; new basis k: 11

---------------------------------------------------------
----------23: replacing k(56) with new_col(11)-----------
-----------------------------------------------------------

Solving 3 linear equations time: 	0.010000
Search k and new_col time: 		0.010000

	time     	L_nnz 	sum(Lb) 	U_nnz 		sum(Ub)

LLU: 	0.000000 	271   	879291    	439   	1290088
"LUU_lb": 0.000000 	296   	982429    	443   	1315138
LUU: 	0.000000 	344   	1199665    	455   	1355338
LLU/LUU: nan 	0.7878 	0.7329    	0.9648   	0.9519


SPEX Left LU Factorization time: 	0.100000
"lower bound" of SPEX LU Update time: 	0.040000
SPEX LU Update time: 			0.020000


time of Left LU/ time of update: 	5.000000

obj value = -415.732241
found 0!! This update won't improve obj value
prev basis k(30): 28; new basis k: 29

---------------------------------------------------------
----------24: replacing k(30) with new_col(29)-----------
-----------------------------------------------------------

Solving 3 linear equations time: 	0.000000
Search k and new_col time: 		0.000000

	time     	L_nnz 	sum(Lb) 	U_nnz 		sum(Ub)

LLU: 	0.010000 	271   	879376    	439   	1290230
"LUU_lb": 0.000000 	280   	911270    	441   	1301795
LUU: 	0.000000 	359   	1249693    	453   	1358214
LLU/LUU: inf 	0.7549 	0.7037    	0.9691   	0.9499


SPEX Left LU Factorization time: 	0.110000
"lower bound" of SPEX LU Update time: 	0.040000
SPEX LU Update time: 			0.020000


time of Left LU/ time of update: 	5.500000

obj value = -415.732241
found 0!! This update won't improve obj value
prev basis k(33): 119; new basis k: 117

---------------------------------------------------------
----------25: replacing k(33) with new_col(117)-----------
-----------------------------------------------------------

Solving 3 linear equations time: 	0.010000
Search k and new_col time: 		0.010000

	time     	L_nnz 	sum(Lb) 	U_nnz 		sum(Ub)

LLU: 	0.010000 	276   	882784    	445   	1333122
"LUU_lb": 0.000000 	274   	898230    	440   	1301163
LUU: 	0.000000 	359   	1245770    	453   	1351436
LLU/LUU: inf 	0.7688 	0.7086    	0.9823   	0.9864


SPEX Left LU Factorization time: 	0.120000
"lower bound" of SPEX LU Update time: 	0.040000
SPEX LU Update time: 			0.020000


time of Left LU/ time of update: 	6.000000

obj value = -415.732241
found 0!! This update won't improve obj value
prev basis k(35): 33; new basis k: 121

---------------------------------------------------------
----------26: replacing k(35) with new_col(121)-----------
-----------------------------------------------------------

Solving 3 linear equations time: 	0.010000
Search k and new_col time: 		0.010000

	time     	L_nnz 	sum(Lb) 	U_nnz 		sum(Ub)

LLU: 	0.010000 	300   	898955    	448   	1299824
"LUU_lb": 0.000000 	284   	921734    	454   	1352358
LUU: 	0.000000 	376   	1311765    	460   	1384058
LLU/LUU: inf 	0.7979 	0.6853    	0.9739   	0.9391


SPEX Left LU Factorization time: 	0.130000
"lower bound" of SPEX LU Update time: 	0.040000
SPEX LU Update time: 			0.020000


time of Left LU/ time of update: 	6.500000

obj value = -415.732241
found 0!! This update won't improve obj value
prev basis k(34): 32; new basis k: 124

---------------------------------------------------------
----------27: replacing k(34) with new_col(124)-----------
-----------------------------------------------------------

Solving 3 linear equations time: 	0.010000
Search k and new_col time: 		0.010000

	time     	L_nnz 	sum(Lb) 	U_nnz 		sum(Ub)

LLU: 	0.010000 	275   	891621    	452   	1294982
"LUU_lb": 0.000000 	308   	931342    	451   	1311346
LUU: 	0.000000 	394   	1376642    	460   	1392436
LLU/LUU: inf 	0.6980 	0.6477    	0.9826   	0.9300


SPEX Left LU Factorization time: 	0.140000
"lower bound" of SPEX LU Update time: 	0.040000
SPEX LU Update time: 			0.020000


time of Left LU/ time of update: 	7.000000

obj value = -415.732241
optimal solution found!
