27, 28, 29, 30, 31, 32, 33, 34, 35, 36, 37, 38, 39, 40, 66, 42, 43, 44, 45, 48, 49, 59, 60, 64, 65, 76, 75, 
prev basis k(12): 12; new basis k: 35

---------------------------------------------------------
----------0: replacing k(12) with new_col(35)-----------
-----------------------------------------------------------
27, 28, 29, 30, 31, 32, 33, 34, 35, 36, 37, 38, 62, 40, 66, 42, 43, 44, 45, 48, 49, 59, 60, 64, 65, 76, 75, 
prev basis k(13): 13; new basis k: 34

---------------------------------------------------------
----------1: replacing k(13) with new_col(34)-----------
-----------------------------------------------------------
27, 28, 29, 30, 31, 32, 33, 34, 35, 36, 37, 38, 62, 61, 66, 42, 43, 44, 45, 48, 49, 59, 60, 64, 65, 76, 75, 
prev basis k(15): 15; new basis k: 19

---------------------------------------------------------
----------2: replacing k(15) with new_col(19)-----------
-----------------------------------------------------------
27, 28, 29, 30, 31, 32, 33, 34, 35, 36, 37, 38, 62, 61, 66, 46, 43, 44, 45, 48, 49, 59, 60, 64, 65, 76, 75, 
prev basis k(6): 6; new basis k: 36

---------------------------------------------------------
----------3: replacing k(6) with new_col(36)-----------
-----------------------------------------------------------
27, 28, 29, 30, 31, 32, 63, 34, 35, 36, 37, 38, 62, 61, 66, 46, 43, 44, 45, 48, 49, 59, 60, 64, 65, 76, 75, 
prev basis k(7): 7; new basis k: 47

---------------------------------------------------------
----------4: replacing k(7) with new_col(47)-----------
-----------------------------------------------------------
27, 28, 29, 30, 31, 32, 63, 74, 35, 36, 37, 38, 62, 61, 66, 46, 43, 44, 45, 48, 49, 59, 60, 64, 65, 76, 75, 
prev basis k(1): 1; new basis k: 31

---------------------------------------------------------
----------5: replacing k(1) with new_col(31)-----------
-----------------------------------------------------------
27, 58, 29, 30, 31, 32, 63, 74, 35, 36, 37, 38, 62, 61, 66, 46, 43, 44, 45, 48, 49, 59, 60, 64, 65, 76, 75, 
prev basis k(14): 39; new basis k: 20

---------------------------------------------------------
----------6: replacing k(14) with new_col(20)-----------
-----------------------------------------------------------
27, 58, 29, 30, 31, 32, 63, 74, 35, 36, 37, 38, 62, 61, 47, 46, 43, 44, 45, 48, 49, 59, 60, 64, 65, 76, 75, 
prev basis k(0): 0; new basis k: 23

---------------------------------------------------------
----------7: replacing k(0) with new_col(23)-----------
-----------------------------------------------------------
50, 58, 29, 30, 31, 32, 63, 74, 35, 36, 37, 38, 62, 61, 47, 46, 43, 44, 45, 48, 49, 59, 60, 64, 65, 76, 75, 
