reading file TestMats/LPnetlib/lp_bore3d/lp_bore3d.mtx
reading file TestMats/LPnetlib/lp_bore3d/lp_bore3d_b.mtx
reading file TestMats/LPnetlib/lp_bore3d/lp_bore3d_c.mtx
reading file TestMats/LPnetlib/lp_bore3d/lp_bore3d_lo.mtx
reading file TestMats/LPnetlib/lp_bore3d/lp_bore3d_hi.mtx
m=233 n=334 fixed_var=1 nz=1448 real_nnz=1446
Constructing initial basis...
Size of triangular part is 224
getting initial basic variables....
OPT(5) FEAS(2) INFEAS(3) NOFEAS(4) UNBND(6) UNDEF(1)
0: 3, obj: 2211.020689
1: 3, obj: 2211.020689
2: 3, obj: 2211.020689
3: 3, obj: 2211.020689
4: 3, obj: 3248.255952
5: 3, obj: 3363.499262
6: 2, obj: 2786.734655
preprocess finished
scales of A and b are same
obj value = 2786.734655
found 0!! This update won't improve obj value
prev basis k(168): 217; new basis k: 253

---------------------------------------------------------
----------0: replacing k(168) with new_col(253)-----------
-----------------------------------------------------------

Solving 3 linear equations time: 	0.050000
Search k and new_col time: 		0.050000

	time     	L_nnz 	sum(Lb) 	U_nnz 		sum(Ub)

LLU: 	0.140000 	682   	5852817    	1096   	9164621
LUU: 	0.000000 	700   	5752628    	1177   	9889634
LLU/LUU: inf 	0.9743 	1.0174    	0.9312   	0.9267

obj value = 2786.734655
found 0!! This update won't improve obj value
prev basis k(1): 2; new basis k: 208

---------------------------------------------------------
----------1: replacing k(1) with new_col(208)-----------
-----------------------------------------------------------

Solving 3 linear equations time: 	0.080000
Search k and new_col time: 		0.080000

	time     	L_nnz 	sum(Lb) 	U_nnz 		sum(Ub)

LLU: 	0.190000 	769   	6322241    	1244   	10113262
"LUU_lb": 0.020000 	732   	6389199    	1139   	9616487
LUU: 	0.020000 	743   	6194291    	1216   	10210569
LLU/LUU: 9.5000 	1.0350 	1.0207    	1.0230   	0.9905


SPEX Left LU Factorization time: 	0.190000
"lower bound" of SPEX LU Update time: 	0.020000
SPEX LU Update time: 			0.020000


time of Left LU/ time of update: 	9.500000

obj value = 2786.734655
found 0!! This update won't improve obj value
prev basis k(12): 3; new basis k: 21

---------------------------------------------------------
----------2: replacing k(12) with new_col(21)-----------
-----------------------------------------------------------

Solving 3 linear equations time: 	0.080000
Search k and new_col time: 		0.080000

	time     	L_nnz 	sum(Lb) 	U_nnz 		sum(Ub)

LLU: 	0.180000 	780   	6381569    	1257   	10208684
"LUU_lb": 0.000000 	775   	6322582    	1244   	10113260
LUU: 	0.000000 	749   	6194356    	1216   	10070622
LLU/LUU: inf 	1.0414 	1.0302    	1.0337   	1.0137


SPEX Left LU Factorization time: 	0.370000
"lower bound" of SPEX LU Update time: 	0.020000
SPEX LU Update time: 			0.020000


time of Left LU/ time of update: 	18.500000

obj value = 2786.734655
found 0!! This update won't improve obj value
prev basis k(17): 8; new basis k: 22

---------------------------------------------------------
----------3: replacing k(17) with new_col(22)-----------
-----------------------------------------------------------

Solving 3 linear equations time: 	0.070000
Search k and new_col time: 		0.070000

	time     	L_nnz 	sum(Lb) 	U_nnz 		sum(Ub)

LLU: 	0.170000 	738   	6119013    	1229   	10038745
"LUU_lb": 0.000000 	795   	6567456    	1269   	10343312
LUU: 	0.000000 	759   	6323652    	1226   	10182340
LLU/LUU: inf 	0.9723 	0.9676    	1.0024   	0.9859


SPEX Left LU Factorization time: 	0.540000
"lower bound" of SPEX LU Update time: 	0.020000
SPEX LU Update time: 			0.020000


time of Left LU/ time of update: 	27.000000

obj value = 2786.734655
found 0!! This update won't improve obj value
prev basis k(150): 183; new basis k: 184

---------------------------------------------------------
----------4: replacing k(150) with new_col(184)-----------
-----------------------------------------------------------

Solving 3 linear equations time: 	0.070000
Search k and new_col time: 		0.070000

	time     	L_nnz 	sum(Lb) 	U_nnz 		sum(Ub)

LLU: 	0.150000 	797   	6195532    	1223   	9639505
"LUU_lb": 0.050000 	758   	6395101    	1254   	10840100
LUU: 	0.060000 	752   	6280292    	1260   	10781965
LLU/LUU: 2.5000 	1.0598 	0.9865    	0.9706   	0.8940


SPEX Left LU Factorization time: 	0.690000
"lower bound" of SPEX LU Update time: 	0.070000
SPEX LU Update time: 			0.080000


time of Left LU/ time of update: 	8.625000

obj value = 2786.734655
found 0!! This update won't improve obj value
prev basis k(171): 220; new basis k: 226

---------------------------------------------------------
----------5: replacing k(171) with new_col(226)-----------
-----------------------------------------------------------

Solving 3 linear equations time: 	0.080000
Search k and new_col time: 		0.080000

	time     	L_nnz 	sum(Lb) 	U_nnz 		sum(Ub)

LLU: 	0.170000 	814   	6375363    	1241   	9776348
"LUU_lb": 0.000000 	805   	6295708    	1252   	9818767
LUU: 	0.010000 	758   	6333948    	1297   	10972275
LLU/LUU: 17.0000 	1.0739 	1.0065    	0.9568   	0.8910


SPEX Left LU Factorization time: 	0.860000
"lower bound" of SPEX LU Update time: 	0.070000
SPEX LU Update time: 			0.090000


time of Left LU/ time of update: 	9.555556

obj value = 2786.734655
found 0!! This update won't improve obj value
prev basis k(174): 223; new basis k: 227

---------------------------------------------------------
----------6: replacing k(174) with new_col(227)-----------
-----------------------------------------------------------

Solving 3 linear equations time: 	0.090000
Search k and new_col time: 		0.090000

	time     	L_nnz 	sum(Lb) 	U_nnz 		sum(Ub)

LLU: 	0.170000 	828   	6531584    	1296   	10157229
"LUU_lb": 0.000000 	823   	6473480    	1257   	9801674
LUU: 	0.010000 	768   	6452002    	1328   	11238917
LLU/LUU: 17.0000 	1.0781 	1.0123    	0.9759   	0.9038


SPEX Left LU Factorization time: 	1.030000
"lower bound" of SPEX LU Update time: 	0.070000
SPEX LU Update time: 			0.100000


time of Left LU/ time of update: 	10.300000

obj value = 2786.734655
prev basis k(178): 231; new basis k: 232

---------------------------------------------------------
----------7: replacing k(178) with new_col(232)-----------
-----------------------------------------------------------

Solving 3 linear equations time: 	0.080000
Search k and new_col time: 		0.090000

	time     	L_nnz 	sum(Lb) 	U_nnz 		sum(Ub)

LLU: 	0.160000 	823   	6396610    	1301   	10209365
"LUU_lb": 0.020000 	816   	6391213    	1289   	10096290
LUU: 	0.030000 	777   	6557913    	1292   	10849604
LLU/LUU: 5.3333 	1.0592 	0.9754    	1.0070   	0.9410


SPEX Left LU Factorization time: 	1.190000
"lower bound" of SPEX LU Update time: 	0.090000
SPEX LU Update time: 			0.130000


time of Left LU/ time of update: 	9.153846

obj value = 1799.039887
found 0!! This update won't improve obj value
prev basis k(32): 25; new basis k: 2

---------------------------------------------------------
----------8: replacing k(32) with new_col(2)-----------
-----------------------------------------------------------

Solving 3 linear equations time: 	0.080000
Search k and new_col time: 		0.080000

	time     	L_nnz 	sum(Lb) 	U_nnz 		sum(Ub)

LLU: 	0.160000 	810   	6253792    	1298   	10204066
"LUU_lb": 0.050000 	810   	6615438    	1414   	12090555
LUU: 	0.030000 	797   	6979665    	1320   	11197937
LLU/LUU: 5.3333 	1.0163 	0.8960    	0.9833   	0.9112


SPEX Left LU Factorization time: 	1.350000
"lower bound" of SPEX LU Update time: 	0.140000
SPEX LU Update time: 			0.160000


time of Left LU/ time of update: 	8.437500

obj value = 1799.039887
found 0!! This update won't improve obj value
prev basis k(63): 92; new basis k: 202

---------------------------------------------------------
----------9: replacing k(63) with new_col(202)-----------
-----------------------------------------------------------

Solving 3 linear equations time: 	0.080000
Search k and new_col time: 		0.080000

	time     	L_nnz 	sum(Lb) 	U_nnz 		sum(Ub)

LLU: 	0.250000 	932   	6650740    	1356   	10431621
"LUU_lb": 0.020000 	846   	6681417    	1325   	10271963
LUU: 	0.030000 	833   	7394983    	1338   	11376919
LLU/LUU: 8.3333 	1.1188 	0.8994    	1.0135   	0.9169


SPEX Left LU Factorization time: 	1.600000
"lower bound" of SPEX LU Update time: 	0.160000
SPEX LU Update time: 			0.190000


time of Left LU/ time of update: 	8.421053

obj value = 1799.039887
prev basis k(50): 306; new basis k: 79

---------------------------------------------------------
----------10: replacing k(50) with new_col(79)-----------
-----------------------------------------------------------

Solving 3 linear equations time: 	0.070000
Search k and new_col time: 		0.070000

	time     	L_nnz 	sum(Lb) 	U_nnz 		sum(Ub)

LLU: 	0.190000 	965   	7024458    	1292   	9457395
"LUU_lb": 0.030000 	978   	7164420    	1349   	10388635
LUU: 	0.030000 	883   	7931575    	1330   	11271093
LLU/LUU: 6.3333 	1.0929 	0.8856    	0.9714   	0.8391


SPEX Left LU Factorization time: 	1.790000
"lower bound" of SPEX LU Update time: 	0.190000
SPEX LU Update time: 			0.220000


time of Left LU/ time of update: 	8.136364

obj value = 1668.766216
found 0!! This update won't improve obj value
prev basis k(63): 202; new basis k: 294

---------------------------------------------------------
----------11: replacing k(63) with new_col(294)-----------
-----------------------------------------------------------

Solving 3 linear equations time: 	0.090000
Search k and new_col time: 		0.090000

	time     	L_nnz 	sum(Lb) 	U_nnz 		sum(Ub)

LLU: 	0.160000 	820   	6696392    	1175   	9698147
"LUU_lb": 0.030000 	868   	6560725    	1230   	9640336
LUU: 	0.000000 	883   	7931543    	1319   	11170393
LLU/LUU: inf 	0.9287 	0.8443    	0.8908   	0.8682


SPEX Left LU Factorization time: 	1.950000
"lower bound" of SPEX LU Update time: 	0.220000
SPEX LU Update time: 			0.220000


time of Left LU/ time of update: 	8.863636

obj value = 1668.766216
prev basis k(88): 117; new basis k: 282

---------------------------------------------------------
----------12: replacing k(88) with new_col(282)-----------
-----------------------------------------------------------

Solving 3 linear equations time: 	0.080000
Search k and new_col time: 		0.080000

	time     	L_nnz 	sum(Lb) 	U_nnz 		sum(Ub)

LLU: 	0.190000 	821   	6788038    	1180   	9431841
"LUU_lb": 0.010000 	841   	6946263    	1189   	9873782
LUU: 	0.010000 	912   	8268239    	1326   	11246056
LLU/LUU: 19.0000 	0.9002 	0.8210    	0.8899   	0.8387


SPEX Left LU Factorization time: 	2.140000
"lower bound" of SPEX LU Update time: 	0.230000
SPEX LU Update time: 			0.230000


time of Left LU/ time of update: 	9.304348

obj value = 1393.855350
found 0!! This update won't improve obj value
prev basis k(1): 208; new basis k: 30

---------------------------------------------------------
----------13: replacing k(1) with new_col(30)-----------
-----------------------------------------------------------

Solving 3 linear equations time: 	0.100000
Search k and new_col time: 		0.100000

	time     	L_nnz 	sum(Lb) 	U_nnz 		sum(Ub)

LLU: 	0.160000 	811   	6674233    	1228   	9856472
"LUU_lb": 0.000000 	805   	6613123    	1165   	9284555
LUU: 	0.010000 	885   	7933768    	1292   	10836637
LLU/LUU: 16.0000 	0.9164 	0.8412    	0.9505   	0.9096


SPEX Left LU Factorization time: 	2.300000
"lower bound" of SPEX LU Update time: 	0.230000
SPEX LU Update time: 			0.240000


time of Left LU/ time of update: 	9.583333

obj value = 1393.855350
found 0!! This update won't improve obj value
prev basis k(150): 184; new basis k: 182

---------------------------------------------------------
----------14: replacing k(150) with new_col(182)-----------
-----------------------------------------------------------

Solving 3 linear equations time: 	0.090000
Search k and new_col time: 		0.090000

	time     	L_nnz 	sum(Lb) 	U_nnz 		sum(Ub)

LLU: 	0.150000 	749   	6375085    	1225   	9836619
"LUU_lb": 0.020000 	815   	6976140    	1247   	10368409
LUU: 	0.010000 	882   	7884457    	1283   	10721182
LLU/LUU: 15.0000 	0.8492 	0.8086    	0.9548   	0.9175


SPEX Left LU Factorization time: 	2.450000
"lower bound" of SPEX LU Update time: 	0.250000
SPEX LU Update time: 			0.250000


time of Left LU/ time of update: 	9.800000

obj value = 1393.855350
found 0!! This update won't improve obj value
prev basis k(13): 4; new basis k: 25

---------------------------------------------------------
----------15: replacing k(13) with new_col(25)-----------
-----------------------------------------------------------

Solving 3 linear equations time: 	0.080000
Search k and new_col time: 		0.090000

	time     	L_nnz 	sum(Lb) 	U_nnz 		sum(Ub)

LLU: 	0.150000 	770   	6529626    	1182   	9368281
"LUU_lb": 0.000000 	762   	6486477    	1262   	10154858
LUU: 	0.070000 	869   	7761539    	1414   	12024463
LLU/LUU: 2.1429 	0.8861 	0.8413    	0.8359   	0.7791


SPEX Left LU Factorization time: 	2.600000
"lower bound" of SPEX LU Update time: 	0.250000
SPEX LU Update time: 			0.320000


time of Left LU/ time of update: 	8.125000

obj value = 1393.855350
found 0!! This update won't improve obj value
prev basis k(1): 30; new basis k: 28

---------------------------------------------------------
----------16: replacing k(1) with new_col(28)-----------
-----------------------------------------------------------

Solving 3 linear equations time: 	0.110000
Search k and new_col time: 		0.110000

	time     	L_nnz 	sum(Lb) 	U_nnz 		sum(Ub)

LLU: 	0.150000 	757   	6602532    	1159   	9282991
"LUU_lb": 0.000000 	768   	6521307    	1180   	9359068
LUU: 	0.020000 	868   	7749533    	1414   	12020313
LLU/LUU: 7.5000 	0.8721 	0.8520    	0.8197   	0.7723


SPEX Left LU Factorization time: 	2.750000
"lower bound" of SPEX LU Update time: 	0.250000
SPEX LU Update time: 			0.340000


time of Left LU/ time of update: 	8.088235

obj value = 1393.855350
found 0!! This update won't improve obj value
prev basis k(13): 25; new basis k: 31

---------------------------------------------------------
----------17: replacing k(13) with new_col(31)-----------
-----------------------------------------------------------

Solving 3 linear equations time: 	0.100000
Search k and new_col time: 		0.100000

	time     	L_nnz 	sum(Lb) 	U_nnz 		sum(Ub)

LLU: 	0.150000 	767   	6624142    	1158   	9236765
"LUU_lb": 0.050000 	755   	7067478    	1331   	11613923
LUU: 	0.010000 	869   	7761357    	1414   	12020120
LLU/LUU: 15.0000 	0.8826 	0.8535    	0.8190   	0.7684


SPEX Left LU Factorization time: 	2.900000
"lower bound" of SPEX LU Update time: 	0.300000
SPEX LU Update time: 			0.350000


time of Left LU/ time of update: 	8.285714

obj value = 1393.855350
found 0!! This update won't improve obj value
prev basis k(11): 32; new basis k: 245

---------------------------------------------------------
----------18: replacing k(11) with new_col(245)-----------
-----------------------------------------------------------

Solving 3 linear equations time: 	0.110000
Search k and new_col time: 		0.110000

	time     	L_nnz 	sum(Lb) 	U_nnz 		sum(Ub)

LLU: 	0.150000 	768   	6570479    	1155   	9314821
"LUU_lb": 0.000000 	780   	6738607    	1158   	9235007
LUU: 	0.000000 	877   	7831181    	1401   	11862340
LLU/LUU: inf 	0.8757 	0.8390    	0.8244   	0.7852


SPEX Left LU Factorization time: 	3.050000
"lower bound" of SPEX LU Update time: 	0.300000
SPEX LU Update time: 			0.350000


time of Left LU/ time of update: 	8.714286

obj value = 1393.855350
found 0!! This update won't improve obj value
prev basis k(17): 22; new basis k: 240

---------------------------------------------------------
----------19: replacing k(17) with new_col(240)-----------
-----------------------------------------------------------

Solving 3 linear equations time: 	0.100000
Search k and new_col time: 		0.100000

	time     	L_nnz 	sum(Lb) 	U_nnz 		sum(Ub)

LLU: 	0.160000 	803   	6665694    	1231   	9849155
"LUU_lb": 0.060000 	726   	6359262    	1271   	10697280
LUU: 	0.020000 	878   	7842629    	1381   	11648191
LLU/LUU: 8.0000 	0.9146 	0.8499    	0.8914   	0.8456


SPEX Left LU Factorization time: 	3.210000
"lower bound" of SPEX LU Update time: 	0.360000
SPEX LU Update time: 			0.370000


time of Left LU/ time of update: 	8.675676

obj value = 1393.855350
prev basis k(74): 103; new basis k: 231

---------------------------------------------------------
----------20: replacing k(74) with new_col(231)-----------
-----------------------------------------------------------

Solving 3 linear equations time: 	0.090000
Search k and new_col time: 		0.100000

	time     	L_nnz 	sum(Lb) 	U_nnz 		sum(Ub)

LLU: 	0.180000 	872   	7210393    	1275   	10038627
"LUU_lb": 0.020000 	826   	6941613    	1271   	10059381
LUU: 	0.020000 	900   	8086483    	1422   	12016245
LLU/LUU: 9.0000 	0.9689 	0.8917    	0.8966   	0.8354


SPEX Left LU Factorization time: 	3.390000
"lower bound" of SPEX LU Update time: 	0.380000
SPEX LU Update time: 			0.390000


time of Left LU/ time of update: 	8.692308

obj value = 1374.725767
found 0!! This update won't improve obj value
prev basis k(172): 221; new basis k: 305

---------------------------------------------------------
----------21: replacing k(172) with new_col(305)-----------
-----------------------------------------------------------

Solving 3 linear equations time: 	0.090000
Search k and new_col time: 		0.090000

	time     	L_nnz 	sum(Lb) 	U_nnz 		sum(Ub)

LLU: 	0.190000 	873   	7219805    	1314   	10280757
"LUU_lb": 0.000000 	873   	7217057    	1275   	10038627
LUU: 	0.030000 	913   	8383870    	1492   	12874523
LLU/LUU: 6.3333 	0.9562 	0.8612    	0.8807   	0.7985


SPEX Left LU Factorization time: 	3.580000
"lower bound" of SPEX LU Update time: 	0.380000
SPEX LU Update time: 			0.420000


time of Left LU/ time of update: 	8.523810

obj value = 1374.725767
found 0!! This update won't improve obj value
prev basis k(66): 206; new basis k: 95

---------------------------------------------------------
----------22: replacing k(66) with new_col(95)-----------
-----------------------------------------------------------

Solving 3 linear equations time: 	0.110000
Search k and new_col time: 		0.110000

	time     	L_nnz 	sum(Lb) 	U_nnz 		sum(Ub)

LLU: 	0.180000 	895   	7429976    	1267   	9904162
"LUU_lb": 0.010000 	846   	6916436    	1281   	9952673
LUU: 	0.040000 	890   	8120541    	1433   	12139025
LLU/LUU: 4.5000 	1.0056 	0.9150    	0.8842   	0.8159


SPEX Left LU Factorization time: 	3.760000
"lower bound" of SPEX LU Update time: 	0.390000
SPEX LU Update time: 			0.460000


time of Left LU/ time of update: 	8.173913

obj value = 1374.725767
found 0!! This update won't improve obj value
prev basis k(1): 28; new basis k: 208

---------------------------------------------------------
----------23: replacing k(1) with new_col(208)-----------
-----------------------------------------------------------

Solving 3 linear equations time: 	0.120000
Search k and new_col time: 		0.120000

	time     	L_nnz 	sum(Lb) 	U_nnz 		sum(Ub)

LLU: 	0.160000 	884   	7257962    	1232   	9613465
"LUU_lb": 0.010000 	874   	7642859    	1279   	10179938
LUU: 	0.050000 	873   	7890906    	1414   	11730149
LLU/LUU: 3.2000 	1.0126 	0.9198    	0.8713   	0.8196


SPEX Left LU Factorization time: 	3.920000
"lower bound" of SPEX LU Update time: 	0.400000
SPEX LU Update time: 			0.510000


time of Left LU/ time of update: 	7.686275

obj value = 1374.725767
found 0!! This update won't improve obj value
prev basis k(70): 99; new basis k: 207

---------------------------------------------------------
----------24: replacing k(70) with new_col(207)-----------
-----------------------------------------------------------

Solving 3 linear equations time: 	0.090000
Search k and new_col time: 		0.090000

	time     	L_nnz 	sum(Lb) 	U_nnz 		sum(Ub)

LLU: 	0.160000 	901   	7374205    	1273   	9951452
"LUU_lb": 0.000000 	896   	7400102    	1244   	9726573
LUU: 	0.010000 	878   	7958235    	1441   	12034517
LLU/LUU: 16.0000 	1.0262 	0.9266    	0.8834   	0.8269


SPEX Left LU Factorization time: 	4.080000
"lower bound" of SPEX LU Update time: 	0.400000
SPEX LU Update time: 			0.520000


time of Left LU/ time of update: 	7.846154

obj value = 1374.725767
found 0!! This update won't improve obj value
prev basis k(17): 240; new basis k: 242

---------------------------------------------------------
----------25: replacing k(17) with new_col(242)-----------
-----------------------------------------------------------

Solving 3 linear equations time: 	0.100000
Search k and new_col time: 		0.100000

	time     	L_nnz 	sum(Lb) 	U_nnz 		sum(Ub)

LLU: 	0.170000 	901   	7374106    	1273   	9951384
"LUU_lb": 0.070000 	821   	7572482    	1481   	13304310
LUU: 	0.020000 	880   	7983038    	1433   	11943888
LLU/LUU: 8.5000 	1.0239 	0.9237    	0.8883   	0.8332


SPEX Left LU Factorization time: 	4.250000
"lower bound" of SPEX LU Update time: 	0.470000
SPEX LU Update time: 			0.540000


time of Left LU/ time of update: 	7.870370

obj value = 1374.725767
found 0!! This update won't improve obj value
prev basis k(216): 314; new basis k: 310

---------------------------------------------------------
----------26: replacing k(216) with new_col(310)-----------
-----------------------------------------------------------

Solving 3 linear equations time: 	0.090000
Search k and new_col time: 		0.100000

	time     	L_nnz 	sum(Lb) 	U_nnz 		sum(Ub)

LLU: 	0.160000 	897   	7350980    	1249   	9632314
"LUU_lb": 0.000000 	901   	7374106    	1258   	9761807
LUU: 	0.060000 	913   	8562786    	1798   	16306760
LLU/LUU: 2.6667 	0.9825 	0.8585    	0.6947   	0.5907


SPEX Left LU Factorization time: 	4.410000
"lower bound" of SPEX LU Update time: 	0.470000
SPEX LU Update time: 			0.600000


time of Left LU/ time of update: 	7.350000

obj value = 1374.725767
found 0!! This update won't improve obj value
prev basis k(217): 317; new basis k: 311

---------------------------------------------------------
----------27: replacing k(217) with new_col(311)-----------
-----------------------------------------------------------

Solving 3 linear equations time: 	0.110000
Search k and new_col time: 		0.110000

	time     	L_nnz 	sum(Lb) 	U_nnz 		sum(Ub)

LLU: 	0.140000 	823   	6165906    	1248   	9819794
"LUU_lb": 0.060000 	913   	8095908    	1730   	16054604
LUU: 	0.100000 	1001   	9563949    	2082   	19239673
LLU/LUU: 1.4000 	0.8222 	0.6447    	0.5994   	0.5104


SPEX Left LU Factorization time: 	4.550000
"lower bound" of SPEX LU Update time: 	0.530000
SPEX LU Update time: 			0.700000


time of Left LU/ time of update: 	6.500000

obj value = 1374.725767
prev basis k(139): 280; new basis k: 168

---------------------------------------------------------
----------28: replacing k(139) with new_col(168)-----------
-----------------------------------------------------------

Solving 3 linear equations time: 	0.120000
Search k and new_col time: 		0.120000

	time     	L_nnz 	sum(Lb) 	U_nnz 		sum(Ub)

LLU: 	0.140000 	829   	6243222    	1263   	10044096
"LUU_lb": 0.030000 	871   	6703909    	1246   	9808121
LUU: 	0.050000 	1052   	10120538    	2079   	19211324
LLU/LUU: 2.8000 	0.7880 	0.6169    	0.6075   	0.5228


SPEX Left LU Factorization time: 	4.690000
"lower bound" of SPEX LU Update time: 	0.560000
SPEX LU Update time: 			0.750000


time of Left LU/ time of update: 	6.253333

obj value = 1374.668604
prev basis k(88): 282; new basis k: 313

---------------------------------------------------------
----------29: replacing k(88) with new_col(313)-----------
-----------------------------------------------------------

Solving 3 linear equations time: 	0.130000
Search k and new_col time: 		0.130000

	time     	L_nnz 	sum(Lb) 	U_nnz 		sum(Ub)

LLU: 	0.140000 	833   	6264859    	1257   	9956420
"LUU_lb": 0.020000 	872   	6733654    	1263   	10040198
LUU: 	0.010000 	1056   	10171212    	2084   	19267275
LLU/LUU: 14.0000 	0.7888 	0.6159    	0.6032   	0.5168


SPEX Left LU Factorization time: 	4.830000
"lower bound" of SPEX LU Update time: 	0.580000
SPEX LU Update time: 			0.760000


time of Left LU/ time of update: 	6.355263

obj value = 1374.134147
prev basis k(217): 311; new basis k: 280

---------------------------------------------------------
----------30: replacing k(217) with new_col(280)-----------
-----------------------------------------------------------

Solving 3 linear equations time: 	0.130000
Search k and new_col time: 		0.130000

	time     	L_nnz 	sum(Lb) 	U_nnz 		sum(Ub)

LLU: 	0.130000 	826   	6203158    	1240   	9805533
"LUU_lb": 0.050000 	905   	7401249    	1437   	12346292
LUU: 	0.000000 	1055   	10158112    	2066   	19031710
LLU/LUU: inf 	0.7829 	0.6107    	0.6002   	0.5152


SPEX Left LU Factorization time: 	4.960000
"lower bound" of SPEX LU Update time: 	0.630000
SPEX LU Update time: 			0.760000


time of Left LU/ time of update: 	6.526316

obj value = 1374.021325
found 0!! This update won't improve obj value
prev basis k(151): 171; new basis k: 92

---------------------------------------------------------
----------31: replacing k(151) with new_col(92)-----------
-----------------------------------------------------------

Solving 3 linear equations time: 	0.150000
Search k and new_col time: 		0.150000

	time     	L_nnz 	sum(Lb) 	U_nnz 		sum(Ub)

LLU: 	0.130000 	824   	6162201    	1214   	9506139
"LUU_lb": 0.040000 	784   	6388643    	1382   	11951394
LUU: 	0.060000 	1092   	10572208    	2007   	18362191
LLU/LUU: 2.1667 	0.7546 	0.5829    	0.6049   	0.5177


SPEX Left LU Factorization time: 	5.090000
"lower bound" of SPEX LU Update time: 	0.670000
SPEX LU Update time: 			0.820000


time of Left LU/ time of update: 	6.207317

obj value = 1374.021325
prev basis k(196): 279; new basis k: 186

---------------------------------------------------------
----------32: replacing k(196) with new_col(186)-----------
-----------------------------------------------------------

Solving 3 linear equations time: 	0.170000
Search k and new_col time: 		0.170000

	time     	L_nnz 	sum(Lb) 	U_nnz 		sum(Ub)

LLU: 	0.150000 	848   	6402999    	1249   	9975192
"LUU_lb": 0.030000 	868   	6670488    	1224   	9633552
LUU: 	0.070000 	1144   	11113715    	2050   	18795644
LLU/LUU: 2.1429 	0.7413 	0.5761    	0.6093   	0.5307


SPEX Left LU Factorization time: 	5.240000
"lower bound" of SPEX LU Update time: 	0.700000
SPEX LU Update time: 			0.890000


time of Left LU/ time of update: 	5.887640

obj value = 1373.080394
found 0!! This update won't improve obj value
prev basis k(30): 26; new basis k: 25

---------------------------------------------------------
----------33: replacing k(30) with new_col(25)-----------
-----------------------------------------------------------

Solving 3 linear equations time: 	0.220000
Search k and new_col time: 		0.220000

	time     	L_nnz 	sum(Lb) 	U_nnz 		sum(Ub)

LLU: 	0.150000 	817   	6445263    	1215   	9988379
"LUU_lb": 0.040000 	780   	6683527    	1420   	12410507
LUU: 	0.100000 	1138   	11028602    	2018   	18328070
LLU/LUU: 1.5000 	0.7179 	0.5844    	0.6021   	0.5450


SPEX Left LU Factorization time: 	5.390000
"lower bound" of SPEX LU Update time: 	0.740000
SPEX LU Update time: 			0.990000


time of Left LU/ time of update: 	5.444444

obj value = 1373.080394
optimal solution found!
