reading file TestMats/LPnetlib/lp_bnl1/lp_bnl1.mtx
reading file TestMats/LPnetlib/lp_bnl1/lp_bnl1_b.mtx
reading file TestMats/LPnetlib/lp_bnl1/lp_bnl1_c.mtx
reading file TestMats/LPnetlib/lp_bnl1/lp_bnl1_lo.mtx
reading file TestMats/LPnetlib/lp_bnl1/lp_bnl1_hi.mtx
m=643 n=1586 fixed_var=0 nz=5532 real_nnz=5532
Constructing initial basis...
Size of triangular part is 638
getting initial basic variables....
OPT(5) FEAS(2) INFEAS(3) NOFEAS(4) UNBND(6) UNDEF(1)
0: 3, obj: 237.213262
1: 3, obj: 235.034414
2: 3, obj: 233.219242
3: 3, obj: 230.975005
4: 3, obj: 231.188606
5: 3, obj: 231.337520
6: 3, obj: 231.949939
7: 3, obj: 234.459121
8: 3, obj: 238.182986
9: 3, obj: 245.027008
10: 3, obj: 244.968591
11: 3, obj: 236.331781
12: 3, obj: 232.508330
13: 3, obj: 232.529909
14: 3, obj: 229.667207
15: 3, obj: 224.188185
16: 3, obj: 223.736154
17: 3, obj: 221.590348
18: 3, obj: 216.071146
19: 3, obj: 211.890679
20: 3, obj: 211.041632
21: 3, obj: 287.129736
22: 3, obj: 294.847622
23: 3, obj: 473.738090
24: 3, obj: 588.423279
25: 3, obj: 590.104223
26: 3, obj: 854.024217
27: 3, obj: 912.032198
28: 3, obj: 1035.981905
29: 3, obj: 1125.379081
30: 3, obj: 1190.835170
31: 3, obj: 1224.774455
32: 3, obj: 1232.652645
33: 3, obj: 1278.848337
34: 3, obj: 1357.755574
35: 3, obj: 1468.849046
36: 3, obj: 1550.221620
37: 3, obj: 1595.498745
38: 3, obj: 1666.445201
39: 3, obj: 1696.217316
40: 3, obj: 1719.922266
41: 3, obj: 1772.277846
42: 3, obj: 1794.312214
43: 3, obj: 1860.278819
44: 3, obj: 1884.135275
45: 3, obj: 1915.729486
46: 3, obj: 1970.146237
47: 3, obj: 1977.317742
48: 3, obj: 1984.742058
49: 3, obj: 1972.245417
50: 3, obj: 1988.503946
51: 3, obj: 2006.836332
52: 3, obj: 2028.454506
53: 3, obj: 2028.863190
54: 3, obj: 2024.279985
55: 3, obj: 2040.093101
56: 3, obj: 2043.978970
57: 3, obj: 2010.482300
58: 3, obj: 2005.082776
59: 3, obj: 2016.202007
60: 3, obj: 2038.791116
61: 3, obj: 2062.930890
62: 3, obj: 2089.538747
63: 3, obj: 2116.362409
64: 3, obj: 2110.010433
65: 2, obj: 2075.447937
infeasible solution: x[211]=-12514374999999999921/1831666666666666625000000000000000000
66: 2, obj: 2075.006387, new basis count: -1
infeasible solution: x[211]=-12514374999999999921/1831666666666666625000000000000000000
67: 2, obj: 2075.004693, new basis count: 1
infeasible solution: x[211]=-12514374999999999921/1831666666666666625000000000000000000
68: 2, obj: 2074.991027, new basis count: 1
infeasible solution: x[211]=-12514374999999999921/1831666666666666625000000000000000000
69: 2, obj: 2074.929231, new basis count: 1
infeasible solution: x[211]=-12514374999999999921/1831666666666666625000000000000000000
70: 2, obj: 2073.417076, new basis count: 1
infeasible solution: x[211]=-12514374999999999921/1831666666666666625000000000000000000
71: 2, obj: 2073.416225, new basis count: 1
infeasible solution: x[211]=-12514374999999999921/1831666666666666625000000000000000000
72: 2, obj: 2073.347340, new basis count: 1
infeasible solution: x[211]=-12514374999999999921/1831666666666666625000000000000000000
73: 2, obj: 2073.117875, new basis count: 1
infeasible solution: x[211]=-12514374999999999921/1831666666666666625000000000000000000
74: 2, obj: 2072.023341, new basis count: 1
infeasible solution: x[211]=-12514374999999999921/1831666666666666625000000000000000000
75: 2, obj: 2068.919123, new basis count: 1
infeasible solution: x[211]=-12514374999999999921/1831666666666666625000000000000000000
76: 2, obj: 2067.672837, new basis count: 1
infeasible solution: x[211]=-12514374999999999921/1831666666666666625000000000000000000
77: 2, obj: 2067.669503, new basis count: 1
infeasible solution: x[211]=-12514374999999999921/1831666666666666625000000000000000000
78: 2, obj: 2067.354396, new basis count: 1
infeasible solution: x[211]=-12514374999999999921/1831666666666666625000000000000000000
79: 2, obj: 2065.341450, new basis count: 1
infeasible solution: x[211]=-12514374999999999921/1831666666666666625000000000000000000
80: 2, obj: 2065.324428, new basis count: 1
infeasible solution: x[211]=-12514374999999999921/1831666666666666625000000000000000000
81: 2, obj: 2065.313564, new basis count: 1
infeasible solution: x[211]=-12514374999999999921/1831666666666666625000000000000000000
82: 2, obj: 2065.295857, new basis count: 1
infeasible solution: x[211]=-12514374999999999921/1831666666666666625000000000000000000
83: 2, obj: 2065.293175, new basis count: 1
infeasible solution: x[211]=-12514374999999999921/1831666666666666625000000000000000000
84: 2, obj: 2060.896189, new basis count: 1
infeasible solution: x[211]=-12514374999999999921/1831666666666666625000000000000000000
85: 2, obj: 2060.281806, new basis count: 1
infeasible solution: x[211]=-12514374999999999921/1831666666666666625000000000000000000
86: 2, obj: 2060.275966, new basis count: 1
infeasible solution: x[211]=-12514374999999999921/1831666666666666625000000000000000000
87: 2, obj: 2060.271830, new basis count: 1
infeasible solution: x[211]=-12514374999999999921/1831666666666666625000000000000000000
88: 2, obj: 2060.265743, new basis count: 1
infeasible solution: x[211]=-12514374999999999921/1831666666666666625000000000000000000
89: 2, obj: 2060.156780, new basis count: 1
infeasible solution: x[211]=-12514374999999999921/1831666666666666625000000000000000000
90: 2, obj: 2059.965884, new basis count: 1
infeasible solution: x[211]=-12514374999999999921/1831666666666666625000000000000000000
91: 2, obj: 2059.964005, new basis count: 1
infeasible solution: x[211]=-12514374999999999921/1831666666666666625000000000000000000
92: 2, obj: 2059.848067, new basis count: 1
infeasible solution: x[211]=-12514374999999999921/1831666666666666625000000000000000000
93: 2, obj: 2059.570078, new basis count: 1
infeasible solution: x[211]=-12514374999999999921/1831666666666666625000000000000000000
94: 2, obj: 2059.213274, new basis count: 1
infeasible solution: x[211]=-12514374999999999921/1831666666666666625000000000000000000
95: 2, obj: 2058.713129, new basis count: 1
infeasible solution: x[211]=-12514374999999999921/1831666666666666625000000000000000000
96: 2, obj: 2058.529143, new basis count: 1
infeasible solution: x[211]=-12514374999999999921/1831666666666666625000000000000000000
97: 2, obj: 2058.436726, new basis count: 1
infeasible solution: x[211]=-12514374999999999921/1831666666666666625000000000000000000
98: 2, obj: 2058.239304, new basis count: 1
infeasible solution: x[211]=-12514374999999999921/1831666666666666625000000000000000000
99: 2, obj: 2058.119410, new basis count: 1
infeasible solution: x[211]=-12514374999999999921/1831666666666666625000000000000000000
100: 2, obj: 2058.068791, new basis count: 1
infeasible solution: x[211]=-12514374999999999921/1831666666666666625000000000000000000
101: 2, obj: 2058.068791, new basis count: 1
infeasible solution: x[211]=-12514374999999999921/1831666666666666625000000000000000000
102: 2, obj: 2058.050612, new basis count: 1
infeasible solution: x[211]=-12514374999999999921/1831666666666666625000000000000000000
103: 2, obj: 2057.907261, new basis count: 1
infeasible solution: x[211]=-12514374999999999921/1831666666666666625000000000000000000
104: 2, obj: 2057.514705, new basis count: 2
infeasible solution: x[211]=-12514374999999999921/1831666666666666625000000000000000000
105: 2, obj: 2053.275046, new basis count: 2
infeasible solution: x[211]=-12514374999999999921/1831666666666666625000000000000000000
106: 2, obj: 2053.121120, new basis count: 2
infeasible solution: x[211]=-12514374999999999921/1831666666666666625000000000000000000
107: 2, obj: 2052.989835, new basis count: 2
infeasible solution: x[211]=-12514374999999999921/1831666666666666625000000000000000000
108: 2, obj: 2052.882566, new basis count: 2
infeasible solution: x[211]=-12514374999999999921/1831666666666666625000000000000000000
109: 2, obj: 2052.049556, new basis count: 2
infeasible solution: x[211]=-12514374999999999921/1831666666666666625000000000000000000
110: 2, obj: 2051.216424, new basis count: 2
infeasible solution: x[211]=-12514374999999999921/1831666666666666625000000000000000000
111: 2, obj: 2050.933560, new basis count: 2
infeasible solution: x[211]=-12514374999999999921/1831666666666666625000000000000000000
112: 2, obj: 2050.811684, new basis count: 2
infeasible solution: x[211]=-12514374999999999921/1831666666666666625000000000000000000
113: 2, obj: 2050.551273, new basis count: 2
infeasible solution: x[211]=-12514374999999999921/1831666666666666625000000000000000000
114: 2, obj: 2050.362236, new basis count: 2
infeasible solution: x[13]=-51975000000000001349999999999999919/4622499999999999613000000000000008100000000000000000
115: 2, obj: 2050.034062, new basis count: 2
infeasible solution: x[13]=-51975000000000001349999999999999919/4622499999999999613000000000000008100000000000000000
116: 2, obj: 2049.157437, new basis count: 2
infeasible solution: x[13]=-51975000000000001349999999999999919/4622499999999999613000000000000008100000000000000000
117: 2, obj: 2049.041788, new basis count: 2
infeasible solution: x[13]=-51975000000000001349999999999999919/4622499999999999613000000000000008100000000000000000
118: 2, obj: 2048.809035, new basis count: 2
infeasible solution: x[13]=-51975000000000001349999999999999919/4622499999999999613000000000000008100000000000000000
119: 2, obj: 2044.566422, new basis count: 2
infeasible solution: x[13]=-51975000000000001349999999999999919/4622499999999999613000000000000008100000000000000000
120: 2, obj: 2044.361056, new basis count: 2
infeasible solution: x[13]=-51975000000000001349999999999999919/4622499999999999613000000000000008100000000000000000
121: 2, obj: 2044.354799, new basis count: 2
infeasible solution: x[13]=-51975000000000001349999999999999919/4622499999999999613000000000000008100000000000000000
122: 2, obj: 2043.620693, new basis count: 1
infeasible solution: x[13]=-51975000000000001349999999999999919/4622499999999999613000000000000008100000000000000000
123: 2, obj: 2043.288934, new basis count: 2
infeasible solution: x[13]=-51975000000000001349999999999999919/4622499999999999613000000000000008100000000000000000
124: 2, obj: 2042.826924, new basis count: 2
infeasible solution: x[13]=-51975000000000001349999999999999919/4622499999999999613000000000000008100000000000000000
125: 2, obj: 2042.544179, new basis count: 2
infeasible solution: x[211]=-12514374999999999921/1831666666666666625000000000000000000
126: 2, obj: 2042.256658, new basis count: 2
infeasible solution: x[13]=-51975000000000001349999999999999919/4622499999999999613000000000000008100000000000000000
127: 2, obj: 2042.134694, new basis count: 1
infeasible solution: x[13]=-51975000000000001349999999999999919/4622499999999999613000000000000008100000000000000000
128: 2, obj: 2042.124447, new basis count: 2
infeasible solution: x[13]=-51975000000000001349999999999999919/4622499999999999613000000000000008100000000000000000
129: 2, obj: 2042.122824, new basis count: 1
infeasible solution: x[13]=-51975000000000001349999999999999919/4622499999999999613000000000000008100000000000000000
130: 2, obj: 2041.951518, new basis count: 1
infeasible solution: x[13]=-51975000000000001349999999999999919/4622499999999999613000000000000008100000000000000000
131: 2, obj: 2041.947019, new basis count: 2
infeasible solution: x[13]=-51975000000000001349999999999999919/4622499999999999613000000000000008100000000000000000
132: 2, obj: 2041.785534, new basis count: 2
infeasible solution: x[13]=-51975000000000001349999999999999919/4622499999999999613000000000000008100000000000000000
133: 2, obj: 2041.755937, new basis count: 2
infeasible solution: x[13]=-51975000000000001349999999999999919/4622499999999999613000000000000008100000000000000000
134: 2, obj: 2041.543872, new basis count: 2
infeasible solution: x[13]=-51975000000000001349999999999999919/4622499999999999613000000000000008100000000000000000
135: 2, obj: 2038.287662, new basis count: 2
infeasible solution: x[13]=-51975000000000001349999999999999919/4622499999999999613000000000000008100000000000000000
136: 2, obj: 2038.223540, new basis count: 2
infeasible solution: x[13]=-51975000000000001349999999999999919/4622499999999999613000000000000008100000000000000000
137: 2, obj: 2038.172693, new basis count: 2
infeasible solution: x[13]=-51975000000000001349999999999999919/4622499999999999613000000000000008100000000000000000
138: 2, obj: 2038.117270, new basis count: 2
infeasible solution: x[13]=-51975000000000001349999999999999919/4622499999999999613000000000000008100000000000000000
139: 2, obj: 2038.055507, new basis count: 1
infeasible solution: x[13]=-51975000000000001349999999999999919/4622499999999999613000000000000008100000000000000000
140: 2, obj: 2037.829774, new basis count: 2
infeasible solution: x[13]=-51975000000000001349999999999999919/4622499999999999613000000000000008100000000000000000
141: 2, obj: 2037.777952, new basis count: 2
infeasible solution: x[13]=-51975000000000001349999999999999919/4622499999999999613000000000000008100000000000000000
142: 2, obj: 2037.110996, new basis count: 2
infeasible solution: x[13]=-51975000000000001349999999999999919/4622499999999999613000000000000008100000000000000000
143: 2, obj: 2037.004286, new basis count: 2
infeasible solution: x[13]=-51975000000000001349999999999999919/4622499999999999613000000000000008100000000000000000
144: 2, obj: 2030.110431, new basis count: 1
infeasible solution: x[13]=-51975000000000001349999999999999919/4622499999999999613000000000000008100000000000000000
145: 2, obj: 2029.998073, new basis count: 2
infeasible solution: x[13]=-51975000000000001349999999999999919/4622499999999999613000000000000008100000000000000000
146: 2, obj: 2029.597247, new basis count: 2
infeasible solution: x[13]=-51975000000000001349999999999999919/4622499999999999613000000000000008100000000000000000
147: 2, obj: 2029.522356, new basis count: 2
infeasible solution: x[13]=-51975000000000001349999999999999919/4622499999999999613000000000000008100000000000000000
148: 2, obj: 2029.230638, new basis count: 1
infeasible solution: x[13]=-51975000000000001349999999999999919/4622499999999999613000000000000008100000000000000000
149: 2, obj: 2028.320025, new basis count: 2
infeasible solution: x[13]=-51975000000000001349999999999999919/4622499999999999613000000000000008100000000000000000
150: 2, obj: 2027.362151, new basis count: 2
infeasible solution: x[13]=-51975000000000001349999999999999919/4622499999999999613000000000000008100000000000000000
151: 2, obj: 2025.846295, new basis count: 2
infeasible solution: x[13]=-51975000000000001349999999999999919/4622499999999999613000000000000008100000000000000000
152: 2, obj: 2025.795572, new basis count: 2
infeasible solution: x[13]=-51975000000000001349999999999999919/4622499999999999613000000000000008100000000000000000
153: 2, obj: 2025.537284, new basis count: 2
infeasible solution: x[13]=-51975000000000001349999999999999919/4622499999999999613000000000000008100000000000000000
154: 2, obj: 2025.324475, new basis count: 2
infeasible solution: x[13]=-51975000000000001349999999999999919/4622499999999999613000000000000008100000000000000000
155: 2, obj: 2025.138107, new basis count: 2
infeasible solution: x[13]=-51975000000000001349999999999999919/4622499999999999613000000000000008100000000000000000
156: 2, obj: 2025.127764, new basis count: 2
infeasible solution: x[13]=-51975000000000001349999999999999919/4622499999999999613000000000000008100000000000000000
157: 2, obj: 2024.916903, new basis count: 2
infeasible solution: x[13]=-51975000000000001349999999999999919/4622499999999999613000000000000008100000000000000000
158: 2, obj: 2024.814956, new basis count: 2
infeasible solution: x[13]=-51975000000000001349999999999999919/4622499999999999613000000000000008100000000000000000
159: 2, obj: 2023.944040, new basis count: 2
infeasible solution: x[13]=-51975000000000001349999999999999919/4622499999999999613000000000000008100000000000000000
160: 2, obj: 2023.137221, new basis count: 2
infeasible solution: x[13]=-51975000000000001349999999999999919/4622499999999999613000000000000008100000000000000000
161: 2, obj: 2023.105037, new basis count: 2
infeasible solution: x[13]=-51975000000000001349999999999999919/4622499999999999613000000000000008100000000000000000
162: 2, obj: 2022.925666, new basis count: 2
infeasible solution: x[13]=-51975000000000001349999999999999919/4622499999999999613000000000000008100000000000000000
163: 2, obj: 2018.794778, new basis count: 2
infeasible solution: x[13]=-51975000000000001349999999999999919/4622499999999999613000000000000008100000000000000000
164: 2, obj: 2018.629811, new basis count: 2
infeasible solution: x[13]=-51975000000000001349999999999999919/4622499999999999613000000000000008100000000000000000
165: 2, obj: 2015.902400, new basis count: 2
infeasible solution: x[13]=-51975000000000001349999999999999919/4622499999999999613000000000000008100000000000000000
166: 2, obj: 2015.064090, new basis count: 1
infeasible solution: x[13]=-51975000000000001349999999999999919/4622499999999999613000000000000008100000000000000000
167: 2, obj: 2014.529762, new basis count: 2
infeasible solution: x[13]=-51975000000000001349999999999999919/4622499999999999613000000000000008100000000000000000
168: 2, obj: 2014.177516, new basis count: 2
infeasible solution: x[13]=-51975000000000001349999999999999919/4622499999999999613000000000000008100000000000000000
169: 2, obj: 2013.071483, new basis count: 2
infeasible solution: x[13]=-51975000000000001349999999999999919/4622499999999999613000000000000008100000000000000000
170: 2, obj: 2012.607706, new basis count: 2
infeasible solution: x[13]=-51975000000000001349999999999999919/4622499999999999613000000000000008100000000000000000
171: 2, obj: 2012.407716, new basis count: 2
infeasible solution: x[13]=-51975000000000001349999999999999919/4622499999999999613000000000000008100000000000000000
172: 2, obj: 2011.896031, new basis count: 2
infeasible solution: x[13]=-51975000000000001349999999999999919/4622499999999999613000000000000008100000000000000000
173: 2, obj: 2011.846149, new basis count: 2
infeasible solution: x[13]=-51975000000000001349999999999999919/4622499999999999613000000000000008100000000000000000
174: 2, obj: 2011.762430, new basis count: 2
infeasible solution: x[13]=-51975000000000001349999999999999919/4622499999999999613000000000000008100000000000000000
175: 2, obj: 2011.743399, new basis count: 1
infeasible solution: x[13]=-51975000000000001349999999999999919/4622499999999999613000000000000008100000000000000000
176: 2, obj: 2010.761159, new basis count: 2
infeasible solution: x[13]=-51975000000000001349999999999999919/4622499999999999613000000000000008100000000000000000
177: 2, obj: 2010.305635, new basis count: 2
infeasible solution: x[13]=-51975000000000001349999999999999919/4622499999999999613000000000000008100000000000000000
178: 2, obj: 2009.917477, new basis count: 2
infeasible solution: x[13]=-51975000000000001349999999999999919/4622499999999999613000000000000008100000000000000000
179: 2, obj: 2009.710547, new basis count: 2
infeasible solution: x[13]=-51975000000000001349999999999999919/4622499999999999613000000000000008100000000000000000
180: 2, obj: 2009.393676, new basis count: 2
infeasible solution: x[13]=-51975000000000001349999999999999919/4622499999999999613000000000000008100000000000000000
181: 2, obj: 2008.985548, new basis count: 2
infeasible solution: x[13]=-51975000000000001349999999999999919/4622499999999999613000000000000008100000000000000000
182: 2, obj: 2008.914068, new basis count: 1
infeasible solution: x[13]=-51975000000000001349999999999999919/4622499999999999613000000000000008100000000000000000
183: 2, obj: 2008.837528, new basis count: 2
infeasible solution: x[13]=-51975000000000001349999999999999919/4622499999999999613000000000000008100000000000000000
184: 2, obj: 2008.469095, new basis count: 2
infeasible solution: x[13]=-51975000000000001349999999999999919/4622499999999999613000000000000008100000000000000000
185: 2, obj: 2006.927503, new basis count: 2
infeasible solution: x[1084]=-37543124999999999763/879199999999988889109999999998901
186: 2, obj: 2006.393507, new basis count: 2
infeasible solution: x[1084]=-37543124999999999763/879199999999988889109999999998901
187: 2, obj: 2006.121606, new basis count: 2
infeasible solution: x[1084]=-37543124999999999763/879199999999988889109999999998901
188: 2, obj: 2005.782334, new basis count: 2
infeasible solution: x[1084]=-37543124999999999763/879199999999988889109999999998901
189: 2, obj: 2005.634333, new basis count: 2
infeasible solution: x[13]=-51975000000000001349999999999999919/4622499999999999613000000000000008100000000000000000
190: 2, obj: 2005.286933, new basis count: 2
infeasible solution: x[13]=-51975000000000001349999999999999919/4622499999999999613000000000000008100000000000000000
191: 2, obj: 2005.139119, new basis count: 2
infeasible solution: x[13]=-51975000000000001349999999999999919/4622499999999999613000000000000008100000000000000000
192: 2, obj: 2004.761992, new basis count: 2
infeasible solution: x[13]=-51975000000000001349999999999999919/4622499999999999613000000000000008100000000000000000
193: 2, obj: 2004.221137, new basis count: 2
infeasible solution: x[13]=-51975000000000001349999999999999919/4622499999999999613000000000000008100000000000000000
194: 2, obj: 2002.537119, new basis count: 2
infeasible solution: x[13]=-51975000000000001349999999999999919/4622499999999999613000000000000008100000000000000000
195: 2, obj: 2002.430186, new basis count: 2
infeasible solution: x[13]=-51975000000000001349999999999999919/4622499999999999613000000000000008100000000000000000
196: 2, obj: 2002.096407, new basis count: 2
infeasible solution: x[13]=-51975000000000001349999999999999919/4622499999999999613000000000000008100000000000000000
197: 2, obj: 2001.545457, new basis count: 2
infeasible solution: x[13]=-51975000000000001349999999999999919/4622499999999999613000000000000008100000000000000000
198: 2, obj: 2001.488914, new basis count: 2
infeasible solution: x[13]=-165000000000000009/21499999999999999100000000000000000
199: 2, obj: 2001.264419, new basis count: 2
infeasible solution: x[13]=-165000000000000009/21499999999999999100000000000000000
200: 2, obj: 2001.155791, new basis count: 2
infeasible solution: x[13]=-165000000000000009/21499999999999999100000000000000000
201: 2, obj: 2000.928432, new basis count: 1
infeasible solution: x[13]=-165000000000000009/21499999999999999100000000000000000
202: 2, obj: 2000.496976, new basis count: 1
infeasible solution: x[13]=-165000000000000009/21499999999999999100000000000000000
203: 2, obj: 1999.992822, new basis count: 2
infeasible solution: x[13]=-165000000000000009/21499999999999999100000000000000000
204: 2, obj: 1999.992822, new basis count: 2
infeasible solution: x[13]=-165000000000000009/21499999999999999100000000000000000
205: 2, obj: 1999.886303, new basis count: 2
infeasible solution: x[13]=-165000000000000009/21499999999999999100000000000000000
206: 2, obj: 1999.861913, new basis count: 3
infeasible solution: x[13]=-165000000000000009/21499999999999999100000000000000000
207: 2, obj: 1999.577148, new basis count: 3
infeasible solution: x[13]=-165000000000000009/21499999999999999100000000000000000
208: 2, obj: 1999.536835, new basis count: 3
infeasible solution: x[13]=-165000000000000009/21499999999999999100000000000000000
209: 2, obj: 1999.527131, new basis count: 3
infeasible solution: x[13]=-165000000000000009/21499999999999999100000000000000000
210: 2, obj: 1999.392120, new basis count: 3
infeasible solution: x[13]=-165000000000000009/21499999999999999100000000000000000
211: 2, obj: 1996.795263, new basis count: 2
infeasible solution: x[13]=-165000000000000009/21499999999999999100000000000000000
212: 2, obj: 1992.275779, new basis count: 3
infeasible solution: x[13]=-165000000000000009/21499999999999999100000000000000000
213: 2, obj: 1991.516196, new basis count: 3
infeasible solution: x[13]=-165000000000000009/21499999999999999100000000000000000
214: 2, obj: 1991.132899, new basis count: 2
infeasible solution: x[13]=-165000000000000009/21499999999999999100000000000000000
215: 2, obj: 1989.474766, new basis count: 3
infeasible solution: x[13]=-165000000000000009/21499999999999999100000000000000000
216: 2, obj: 1989.466715, new basis count: 3
infeasible solution: x[13]=-165000000000000009/21499999999999999100000000000000000
217: 2, obj: 1988.769582, new basis count: 3
infeasible solution: x[13]=-165000000000000009/21499999999999999100000000000000000
218: 2, obj: 1987.934811, new basis count: 3
infeasible solution: x[13]=-165000000000000009/21499999999999999100000000000000000
219: 2, obj: 1985.776120, new basis count: 3
infeasible solution: x[13]=-51975000000000001349999999999999919/4622499999999999613000000000000008100000000000000000
220: 2, obj: 1985.486324, new basis count: 3
infeasible solution: x[13]=-51975000000000001349999999999999919/4622499999999999613000000000000008100000000000000000
221: 2, obj: 1985.231611, new basis count: 3
infeasible solution: x[13]=-51975000000000001349999999999999919/4622499999999999613000000000000008100000000000000000
222: 2, obj: 1984.651083, new basis count: 3
infeasible solution: x[13]=-51975000000000001349999999999999919/4622499999999999613000000000000008100000000000000000
223: 2, obj: 1984.560033, new basis count: 3
infeasible solution: x[13]=-51975000000000001349999999999999919/4622499999999999613000000000000008100000000000000000
224: 2, obj: 1984.367245, new basis count: 3
infeasible solution: x[13]=-51975000000000001349999999999999919/4622499999999999613000000000000008100000000000000000
225: 2, obj: 1984.186567, new basis count: 3
infeasible solution: x[13]=-51975000000000001349999999999999919/4622499999999999613000000000000008100000000000000000
226: 2, obj: 1983.532741, new basis count: 3
infeasible solution: x[13]=-51975000000000001349999999999999919/4622499999999999613000000000000008100000000000000000
227: 2, obj: 1983.020644, new basis count: 3
infeasible solution: x[13]=-51975000000000001349999999999999919/4622499999999999613000000000000008100000000000000000
228: 2, obj: 1982.094020, new basis count: 3
infeasible solution: x[13]=-51975000000000001349999999999999919/4622499999999999613000000000000008100000000000000000
229: 2, obj: 1981.752235, new basis count: 3
infeasible solution: x[13]=-51975000000000001349999999999999919/4622499999999999613000000000000008100000000000000000
230: 2, obj: 1981.714753, new basis count: 3
infeasible solution: x[13]=-51975000000000001349999999999999919/4622499999999999613000000000000008100000000000000000
231: 2, obj: 1981.714499, new basis count: 2
infeasible solution: x[13]=-51975000000000001349999999999999919/4622499999999999613000000000000008100000000000000000
232: 2, obj: 1981.539760, new basis count: 3
infeasible solution: x[13]=-51975000000000001349999999999999919/4622499999999999613000000000000008100000000000000000
233: 2, obj: 1981.199623, new basis count: 3
infeasible solution: x[13]=-51975000000000001349999999999999919/4622499999999999613000000000000008100000000000000000
234: 2, obj: 1981.069444, new basis count: 3
infeasible solution: x[13]=-165000000000000009/21499999999999999100000000000000000
235: 2, obj: 1980.734973, new basis count: 3
infeasible solution: x[13]=-165000000000000009/21499999999999999100000000000000000
236: 2, obj: 1980.224280, new basis count: 3
infeasible solution: x[13]=-165000000000000009/21499999999999999100000000000000000
237: 2, obj: 1979.278061, new basis count: 3
infeasible solution: x[13]=-165000000000000009/21499999999999999100000000000000000
238: 2, obj: 1979.206841, new basis count: 3
infeasible solution: x[13]=-165000000000000009/21499999999999999100000000000000000
239: 2, obj: 1979.150789, new basis count: 2
infeasible solution: x[13]=-165000000000000009/21499999999999999100000000000000000
240: 2, obj: 1979.032022, new basis count: 3
infeasible solution: x[13]=-165000000000000009/21499999999999999100000000000000000
241: 2, obj: 1979.009096, new basis count: 3
infeasible solution: x[13]=-165000000000000009/21499999999999999100000000000000000
242: 2, obj: 1978.905415, new basis count: 3
infeasible solution: x[13]=-165000000000000009/21499999999999999100000000000000000
243: 2, obj: 1978.488806, new basis count: 2
infeasible solution: x[13]=-165000000000000009/21499999999999999100000000000000000
244: 2, obj: 1978.425056, new basis count: 3
infeasible solution: x[13]=-165000000000000009/21499999999999999100000000000000000
245: 2, obj: 1978.400572, new basis count: 3
infeasible solution: x[13]=-165000000000000009/21499999999999999100000000000000000
246: 2, obj: 1978.345145, new basis count: 3
infeasible solution: x[13]=-165000000000000009/21499999999999999100000000000000000
247: 2, obj: 1978.032844, new basis count: 3
infeasible solution: x[13]=-165000000000000009/21499999999999999100000000000000000
248: 2, obj: 1977.682542, new basis count: 3
infeasible solution: x[13]=-165000000000000009/21499999999999999100000000000000000
249: 2, obj: 1977.673734, new basis count: 3
infeasible solution: x[13]=-165000000000000009/21499999999999999100000000000000000
250: 2, obj: 1977.656936, new basis count: 3
infeasible solution: x[13]=-165000000000000009/21499999999999999100000000000000000
251: 2, obj: 1977.634006, new basis count: 3
infeasible solution: x[13]=-165000000000000009/21499999999999999100000000000000000
252: 2, obj: 1977.629562, new basis count: 3
infeasible solution: x[13]=-165000000000000009/21499999999999999100000000000000000
253: 5, obj: 1977.629562, new basis count: 3
preprocess finished
LP is optimized!
