reading file TestMats/LPnetlib/lp_beaconfd/lp_beaconfd.mtx
reading file TestMats/LPnetlib/lp_beaconfd/lp_beaconfd_b.mtx
reading file TestMats/LPnetlib/lp_beaconfd/lp_beaconfd_c.mtx
reading file TestMats/LPnetlib/lp_beaconfd/lp_beaconfd_lo.mtx
reading file TestMats/LPnetlib/lp_beaconfd/lp_beaconfd_hi.mtx
m=173 n=295 fixed_var=0 nz=3408 real_nnz=3408
Constructing initial basis...
Size of triangular part is 173
getting initial basic variables....
OPT(5) FEAS(2) INFEAS(3) NOFEAS(4) UNBND(6) UNDEF(1)
0: 3, obj: -13944.911909
1: 3, obj: -4563.991909
2: 3, obj: -2233.313409
3: 3, obj: 57.936711
4: 3, obj: 6098.499611
5: 3, obj: 14334.375111
6: 3, obj: 25140.444531
7: 2, obj: 33705.393471
preprocess finished
scales of A and b are different
obj value = 33705.393471
prev basis k(160): 278; new basis k: 277

---------------------------------------------------------
----------0: replacing k(160) with new_col(277)-----------
-----------------------------------------------------------

Solving 3 linear equations time: 	0.040000
Search k and new_col time: 		0.040000

	time     	L_nnz 	sum(Lb) 	U_nnz 		sum(Ub)

LLU: 	0.020000 	248   	1427904    	1780   	9503860
LUU: 	0.000000 	248   	1427904    	1780   	9503860
LLU/LUU: inf 	1.0000 	1.0000    	1.0000   	1.0000

obj value = 33705.268210
found 0!! This update won't improve obj value
prev basis k(153): 263; new basis k: 262

---------------------------------------------------------
----------1: replacing k(153) with new_col(262)-----------
-----------------------------------------------------------

Solving 3 linear equations time: 	0.040000
Search k and new_col time: 		0.040000

	time     	L_nnz 	sum(Lb) 	U_nnz 		sum(Ub)

LLU: 	0.020000 	248   	1427904    	1780   	9503857
"LUU_lb": 0.000000 	248   	1427904    	1780   	9503857
LUU: 	0.000000 	248   	1427904    	1780   	9503857
LLU/LUU: inf 	1.0000 	1.0000    	1.0000   	1.0000


SPEX Left LU Factorization time: 	0.020000
"lower bound" of SPEX LU Update time: 	0.000000
SPEX LU Update time: 			0.000000


time of Left LU/ time of update: 	inf

obj value = 33705.268210
prev basis k(118): 173; new basis k: 174

---------------------------------------------------------
----------2: replacing k(118) with new_col(174)-----------
-----------------------------------------------------------

Solving 3 linear equations time: 	0.060000
Search k and new_col time: 		0.060000

	time     	L_nnz 	sum(Lb) 	U_nnz 		sum(Ub)

LLU: 	0.010000 	248   	1427911    	1781   	9507072
"LUU_lb": 0.010000 	248   	1427904    	1780   	9504101
LUU: 	0.000000 	248   	1427904    	1780   	9504101
LLU/LUU: inf 	1.0000 	1.0000    	1.0006   	1.0003


SPEX Left LU Factorization time: 	0.030000
"lower bound" of SPEX LU Update time: 	0.010000
SPEX LU Update time: 			0.000000


time of Left LU/ time of update: 	inf

obj value = 33704.901262
found 0!! This update won't improve obj value
prev basis k(4): 37; new basis k: 180

---------------------------------------------------------
----------3: replacing k(4) with new_col(180)-----------
-----------------------------------------------------------

Solving 3 linear equations time: 	0.040000
Search k and new_col time: 		0.040000

	time     	L_nnz 	sum(Lb) 	U_nnz 		sum(Ub)

LLU: 	0.030000 	266   	1473279    	1951   	10583896
"LUU_lb": 0.000000 	253   	1464920    	1805   	9435979
LUU: 	0.000000 	253   	1464856    	1804   	9432881
LLU/LUU: inf 	1.0514 	1.0058    	1.0815   	1.1220


SPEX Left LU Factorization time: 	0.060000
"lower bound" of SPEX LU Update time: 	0.010000
SPEX LU Update time: 			0.000000


time of Left LU/ time of update: 	inf

obj value = 33704.901262
prev basis k(125): 186; new basis k: 188

---------------------------------------------------------
----------4: replacing k(125) with new_col(188)-----------
-----------------------------------------------------------

Solving 3 linear equations time: 	0.040000
Search k and new_col time: 		0.040000

	time     	L_nnz 	sum(Lb) 	U_nnz 		sum(Ub)

LLU: 	0.030000 	266   	1473273    	1952   	10588612
"LUU_lb": 0.000000 	266   	1473280    	1952   	10588745
LUU: 	0.000000 	253   	1464665    	1805   	9434451
LLU/LUU: inf 	1.0514 	1.0059    	1.0814   	1.1223


SPEX Left LU Factorization time: 	0.090000
"lower bound" of SPEX LU Update time: 	0.010000
SPEX LU Update time: 			0.000000


time of Left LU/ time of update: 	inf

obj value = 33619.599262
found 0!! This update won't improve obj value
prev basis k(152): 261; new basis k: 260

---------------------------------------------------------
----------5: replacing k(152) with new_col(260)-----------
-----------------------------------------------------------

Solving 3 linear equations time: 	0.040000
Search k and new_col time: 		0.040000

	time     	L_nnz 	sum(Lb) 	U_nnz 		sum(Ub)

LLU: 	0.030000 	266   	1473279    	1953   	10591917
"LUU_lb": 0.000000 	266   	1473273    	1953   	10591874
LUU: 	0.000000 	253   	1464661    	1806   	9437767
LLU/LUU: inf 	1.0514 	1.0059    	1.0814   	1.1223


SPEX Left LU Factorization time: 	0.120000
"lower bound" of SPEX LU Update time: 	0.010000
SPEX LU Update time: 			0.000000


time of Left LU/ time of update: 	inf

obj value = 33619.599262
prev basis k(115): 163; new basis k: 165

---------------------------------------------------------
----------6: replacing k(115) with new_col(165)-----------
-----------------------------------------------------------

Solving 3 linear equations time: 	0.040000
Search k and new_col time: 		0.050000

	time     	L_nnz 	sum(Lb) 	U_nnz 		sum(Ub)

LLU: 	0.020000 	266   	1473279    	1954   	10596761
"LUU_lb": 0.000000 	265   	1473278    	1954   	10596766
LUU: 	0.000000 	253   	1464661    	1807   	9442604
LLU/LUU: inf 	1.0514 	1.0059    	1.0814   	1.1222


SPEX Left LU Factorization time: 	0.140000
"lower bound" of SPEX LU Update time: 	0.010000
SPEX LU Update time: 			0.000000


time of Left LU/ time of update: 	inf

obj value = 33618.073402
prev basis k(156): 270; new basis k: 269

---------------------------------------------------------
----------7: replacing k(156) with new_col(269)-----------
-----------------------------------------------------------

Solving 3 linear equations time: 	0.030000
Search k and new_col time: 		0.050000

	time     	L_nnz 	sum(Lb) 	U_nnz 		sum(Ub)

LLU: 	0.020000 	266   	1473279    	1954   	10596763
"LUU_lb": 0.000000 	265   	1473278    	1954   	10596763
LUU: 	0.000000 	252   	1464660    	1807   	9442597
LLU/LUU: inf 	1.0556 	1.0059    	1.0814   	1.1222


SPEX Left LU Factorization time: 	0.160000
"lower bound" of SPEX LU Update time: 	0.010000
SPEX LU Update time: 			0.000000


time of Left LU/ time of update: 	inf

obj value = 33616.813402
found 0!! This update won't improve obj value
prev basis k(124): 184; new basis k: 185

---------------------------------------------------------
----------8: replacing k(124) with new_col(185)-----------
-----------------------------------------------------------

Solving 3 linear equations time: 	0.040000
Search k and new_col time: 		0.050000

	time     	L_nnz 	sum(Lb) 	U_nnz 		sum(Ub)

LLU: 	0.020000 	266   	1473260    	1955   	10601316
"LUU_lb": 0.000000 	266   	1473279    	1955   	10601723
LUU: 	0.000000 	252   	1464656    	1808   	9446904
LLU/LUU: inf 	1.0556 	1.0059    	1.0813   	1.1222


SPEX Left LU Factorization time: 	0.180000
"lower bound" of SPEX LU Update time: 	0.010000
SPEX LU Update time: 			0.000000


time of Left LU/ time of update: 	inf

obj value = 33616.813402
found 0!! This update won't improve obj value
prev basis k(158): 274; new basis k: 273

---------------------------------------------------------
----------9: replacing k(158) with new_col(273)-----------
-----------------------------------------------------------

Solving 3 linear equations time: 	0.040000
Search k and new_col time: 		0.040000

	time     	L_nnz 	sum(Lb) 	U_nnz 		sum(Ub)

LLU: 	0.030000 	266   	1473260    	1955   	10601320
"LUU_lb": 0.000000 	266   	1473260    	1955   	10601320
LUU: 	0.000000 	252   	1464652    	1808   	9446905
LLU/LUU: inf 	1.0556 	1.0059    	1.0813   	1.1222


SPEX Left LU Factorization time: 	0.210000
"lower bound" of SPEX LU Update time: 	0.010000
SPEX LU Update time: 			0.000000


time of Left LU/ time of update: 	inf

obj value = 33616.813402
found 0!! This update won't improve obj value
prev basis k(86): 126; new basis k: 125

---------------------------------------------------------
----------10: replacing k(86) with new_col(125)-----------
-----------------------------------------------------------

Solving 3 linear equations time: 	0.040000
Search k and new_col time: 		0.040000

	time     	L_nnz 	sum(Lb) 	U_nnz 		sum(Ub)

LLU: 	0.030000 	266   	1473246    	1957   	10610492
"LUU_lb": 0.000000 	259   	1466776    	2012   	10999136
LUU: 	0.010000 	251   	1457909    	1866   	9847432
LLU/LUU: 3.0000 	1.0598 	1.0105    	1.0488   	1.0775


SPEX Left LU Factorization time: 	0.240000
"lower bound" of SPEX LU Update time: 	0.010000
SPEX LU Update time: 			0.010000


time of Left LU/ time of update: 	24.000000

obj value = 33616.813402
prev basis k(159): 276; new basis k: 275

---------------------------------------------------------
----------11: replacing k(159) with new_col(275)-----------
-----------------------------------------------------------

Solving 3 linear equations time: 	0.040000
Search k and new_col time: 		0.040000

	time     	L_nnz 	sum(Lb) 	U_nnz 		sum(Ub)

LLU: 	0.030000 	266   	1473246    	1957   	10610492
"LUU_lb": 0.000000 	266   	1473246    	1957   	10610492
LUU: 	0.000000 	251   	1457909    	1866   	9847430
LLU/LUU: inf 	1.0598 	1.0105    	1.0488   	1.0775


SPEX Left LU Factorization time: 	0.270000
"lower bound" of SPEX LU Update time: 	0.010000
SPEX LU Update time: 			0.010000


time of Left LU/ time of update: 	27.000000

obj value = 33614.087102
found 0!! This update won't improve obj value
prev basis k(162): 281; new basis k: 280

---------------------------------------------------------
----------12: replacing k(162) with new_col(280)-----------
-----------------------------------------------------------

Solving 3 linear equations time: 	0.050000
Search k and new_col time: 		0.050000

	time     	L_nnz 	sum(Lb) 	U_nnz 		sum(Ub)

LLU: 	0.020000 	266   	1473259    	2013   	10977269
"LUU_lb": 0.000000 	266   	1473246    	1957   	10611723
LUU: 	0.010000 	251   	1457905    	1866   	9848173
LLU/LUU: 2.0000 	1.0598 	1.0105    	1.0788   	1.1147


SPEX Left LU Factorization time: 	0.290000
"lower bound" of SPEX LU Update time: 	0.010000
SPEX LU Update time: 			0.020000


time of Left LU/ time of update: 	14.500000

obj value = 33614.087102
prev basis k(148): 248; new basis k: 249

---------------------------------------------------------
----------13: replacing k(148) with new_col(249)-----------
-----------------------------------------------------------

Solving 3 linear equations time: 	0.040000
Search k and new_col time: 		0.040000

	time     	L_nnz 	sum(Lb) 	U_nnz 		sum(Ub)

LLU: 	0.030000 	266   	1473259    	2014   	10981414
"LUU_lb": 0.000000 	266   	1473259    	2014   	10981414
LUU: 	0.000000 	251   	1457905    	1867   	9852427
LLU/LUU: inf 	1.0598 	1.0105    	1.0787   	1.1146


SPEX Left LU Factorization time: 	0.320000
"lower bound" of SPEX LU Update time: 	0.010000
SPEX LU Update time: 			0.020000


time of Left LU/ time of update: 	16.000000

obj value = 33593.414742
found 0!! This update won't improve obj value
prev basis k(133): 205; new basis k: 204

---------------------------------------------------------
----------14: replacing k(133) with new_col(204)-----------
-----------------------------------------------------------

Solving 3 linear equations time: 	0.040000
Search k and new_col time: 		0.040000

	time     	L_nnz 	sum(Lb) 	U_nnz 		sum(Ub)

LLU: 	0.030000 	266   	1473265    	2016   	10990951
"LUU_lb": 0.000000 	266   	1473259    	2016   	10990761
LUU: 	0.000000 	251   	1457901    	1869   	9862007
LLU/LUU: inf 	1.0598 	1.0105    	1.0787   	1.1145


SPEX Left LU Factorization time: 	0.350000
"lower bound" of SPEX LU Update time: 	0.010000
SPEX LU Update time: 			0.020000


time of Left LU/ time of update: 	17.500000

obj value = 33593.414742
prev basis k(131): 199; new basis k: 198

---------------------------------------------------------
----------15: replacing k(131) with new_col(198)-----------
-----------------------------------------------------------

Solving 3 linear equations time: 	0.040000
Search k and new_col time: 		0.050000

	time     	L_nnz 	sum(Lb) 	U_nnz 		sum(Ub)

LLU: 	0.020000 	266   	1473278    	2017   	10996303
"LUU_lb": 0.010000 	266   	1473264    	2017   	10995779
LUU: 	0.000000 	251   	1457900    	1870   	9867122
LLU/LUU: inf 	1.0598 	1.0105    	1.0786   	1.1144


SPEX Left LU Factorization time: 	0.370000
"lower bound" of SPEX LU Update time: 	0.020000
SPEX LU Update time: 			0.020000


time of Left LU/ time of update: 	18.500000

obj value = 33593.148357
prev basis k(143): 229; new basis k: 227

---------------------------------------------------------
----------16: replacing k(143) with new_col(227)-----------
-----------------------------------------------------------

Solving 3 linear equations time: 	0.040000
Search k and new_col time: 		0.040000

	time     	L_nnz 	sum(Lb) 	U_nnz 		sum(Ub)

LLU: 	0.030000 	266   	1473278    	2017   	10996300
"LUU_lb": 0.000000 	266   	1473278    	2017   	10996300
LUU: 	0.000000 	251   	1457900    	1870   	9867118
LLU/LUU: inf 	1.0598 	1.0105    	1.0786   	1.1144


SPEX Left LU Factorization time: 	0.400000
"lower bound" of SPEX LU Update time: 	0.020000
SPEX LU Update time: 			0.020000


time of Left LU/ time of update: 	20.000000

obj value = 33592.485807
optimal solution found!
