reading file TestMats/LPnetlib/lp_fit2d/lp_fit2d.mtx
reading file TestMats/LPnetlib/lp_fit2d/lp_fit2d_b.mtx
reading file TestMats/LPnetlib/lp_fit2d/lp_fit2d_c.mtx
reading file TestMats/LPnetlib/lp_fit2d/lp_fit2d_lo.mtx
reading file TestMats/LPnetlib/lp_fit2d/lp_fit2d_hi.mtx
m=25 n=10524 fixed_var=0 nz=129042 real_nnz=129042
Constructing initial basis...
Size of triangular part is 25
getting initial basic variables....
OPT(5) FEAS(2) INFEAS(3) NOFEAS(4) UNBND(6) UNDEF(1)
0: 2, obj: 0.000000
preprocess finished
scales of A and b are different
obj value = 0.000000
found 0!! This update won't improve obj value
prev basis k(0): 0; new basis k: 4542

---------------------------------------------------------
----------0: replacing k(0) with new_col(4542)-----------
-----------------------------------------------------------

Solving 3 linear equations time: 	0.000000
Search k and new_col time: 		0.020000

	time     	L_nnz 	sum(Lb) 	U_nnz 		sum(Ub)

LLU: 	0.000000 	30   	23482    	56   	45355
LUU: 	0.000000 	33   	28432    	57   	43668
LLU/LUU: nan 	0.9091 	0.8259    	0.9825   	1.0386

obj value = 0.000000
found 0!! This update won't improve obj value
prev basis k(2): 2; new basis k: 3579

---------------------------------------------------------
----------1: replacing k(2) with new_col(3579)-----------
-----------------------------------------------------------

Solving 3 linear equations time: 	0.000000
Search k and new_col time: 		0.020000

	time     	L_nnz 	sum(Lb) 	U_nnz 		sum(Ub)

LLU: 	0.000000 	33   	27182    	70   	53805
"LUU_lb": 0.000000 	33   	28026    	69   	52581
LUU: 	0.000000 	34   	30607    	70   	56094
LLU/LUU: nan 	0.9706 	0.8881    	1.0000   	0.9592


SPEX Left LU Factorization time: 	0.000000
"lower bound" of SPEX LU Update time: 	0.000000
SPEX LU Update time: 			0.000000


time of Left LU/ time of update: 	nan

obj value = 0.000000
found 0!! This update won't improve obj value
prev basis k(7): 7; new basis k: 1744

---------------------------------------------------------
----------2: replacing k(7) with new_col(1744)-----------
-----------------------------------------------------------

Solving 3 linear equations time: 	0.000000
Search k and new_col time: 		0.030000

	time     	L_nnz 	sum(Lb) 	U_nnz 		sum(Ub)

LLU: 	0.000000 	45   	39487    	76   	59747
"LUU_lb": 0.000000 	36   	30822    	79   	61308
LUU: 	0.000000 	39   	36510    	79   	62531
LLU/LUU: nan 	1.1538 	1.0815    	0.9620   	0.9555


SPEX Left LU Factorization time: 	0.000000
"lower bound" of SPEX LU Update time: 	0.000000
SPEX LU Update time: 			0.000000


time of Left LU/ time of update: 	nan

obj value = 0.000000
found 0!! This update won't improve obj value
prev basis k(13): 13; new basis k: 1165

---------------------------------------------------------
----------3: replacing k(13) with new_col(1165)-----------
-----------------------------------------------------------

Solving 3 linear equations time: 	0.000000
Search k and new_col time: 		0.020000

	time     	L_nnz 	sum(Lb) 	U_nnz 		sum(Ub)

LLU: 	0.000000 	49   	40424    	88   	65944
"LUU_lb": 0.000000 	50   	45514    	89   	67876
LUU: 	0.000000 	42   	40709    	92   	74436
LLU/LUU: nan 	1.1667 	0.9930    	0.9565   	0.8859


SPEX Left LU Factorization time: 	0.000000
"lower bound" of SPEX LU Update time: 	0.000000
SPEX LU Update time: 			0.000000


time of Left LU/ time of update: 	nan

obj value = 0.000000
found 0!! This update won't improve obj value
prev basis k(2): 3579; new basis k: 1657

---------------------------------------------------------
----------4: replacing k(2) with new_col(1657)-----------
-----------------------------------------------------------

Solving 3 linear equations time: 	0.000000
Search k and new_col time: 		0.020000

	time     	L_nnz 	sum(Lb) 	U_nnz 		sum(Ub)

LLU: 	0.000000 	43   	38629    	89   	68843
"LUU_lb": 0.000000 	47   	43846    	85   	67650
LUU: 	0.000000 	42   	40460    	90   	71596
LLU/LUU: nan 	1.0238 	0.9547    	0.9889   	0.9615


SPEX Left LU Factorization time: 	0.000000
"lower bound" of SPEX LU Update time: 	0.000000
SPEX LU Update time: 			0.000000


time of Left LU/ time of update: 	nan

obj value = 0.000000
found 0!! This update won't improve obj value
prev basis k(13): 1165; new basis k: 3580

---------------------------------------------------------
----------5: replacing k(13) with new_col(3580)-----------
-----------------------------------------------------------

Solving 3 linear equations time: 	0.000000
Search k and new_col time: 		0.030000

	time     	L_nnz 	sum(Lb) 	U_nnz 		sum(Ub)

LLU: 	0.000000 	43   	37344    	90   	68511
"LUU_lb": 0.000000 	44   	40864    	90   	71959
LUU: 	0.000000 	42   	40459    	91   	71542
LLU/LUU: nan 	1.0238 	0.9230    	0.9890   	0.9576


SPEX Left LU Factorization time: 	0.000000
"lower bound" of SPEX LU Update time: 	0.000000
SPEX LU Update time: 			0.000000


time of Left LU/ time of update: 	nan

obj value = 0.000000
found 0!! This update won't improve obj value
prev basis k(16): 16; new basis k: 1164

---------------------------------------------------------
----------6: replacing k(16) with new_col(1164)-----------
-----------------------------------------------------------

Solving 3 linear equations time: 	0.000000
Search k and new_col time: 		0.020000

	time     	L_nnz 	sum(Lb) 	U_nnz 		sum(Ub)

LLU: 	0.000000 	57   	49639    	99   	72712
"LUU_lb": 0.000000 	48   	43313    	101   	75936
LUU: 	0.000000 	47   	45161    	103   	80185
LLU/LUU: nan 	1.2128 	1.0992    	0.9612   	0.9068


SPEX Left LU Factorization time: 	0.000000
"lower bound" of SPEX LU Update time: 	0.000000
SPEX LU Update time: 			0.000000


time of Left LU/ time of update: 	nan

obj value = 0.000000
found 0!! This update won't improve obj value
prev basis k(24): 8815; new basis k: 7766

---------------------------------------------------------
----------7: replacing k(24) with new_col(7766)-----------
-----------------------------------------------------------

Solving 3 linear equations time: 	0.000000
Search k and new_col time: 		0.020000

	time     	L_nnz 	sum(Lb) 	U_nnz 		sum(Ub)

LLU: 	0.000000 	53   	48680    	103   	75197
"LUU_lb": 0.000000 	57   	49641    	104   	78760
LUU: 	0.000000 	49   	47334    	105   	76256
LLU/LUU: nan 	1.0816 	1.0284    	0.9810   	0.9861


SPEX Left LU Factorization time: 	0.000000
"lower bound" of SPEX LU Update time: 	0.000000
SPEX LU Update time: 			0.000000


time of Left LU/ time of update: 	nan

obj value = 0.000000
found 0!! This update won't improve obj value
prev basis k(9): 9; new basis k: 10011

---------------------------------------------------------
----------8: replacing k(9) with new_col(10011)-----------
-----------------------------------------------------------

Solving 3 linear equations time: 	0.000000
Search k and new_col time: 		0.030000

	time     	L_nnz 	sum(Lb) 	U_nnz 		sum(Ub)

LLU: 	0.000000 	64   	58628    	110   	81887
"LUU_lb": 0.000000 	61   	56732    	114   	82719
LUU: 	0.000000 	55   	53779    	115   	83808
LLU/LUU: nan 	1.1636 	1.0902    	0.9565   	0.9771


SPEX Left LU Factorization time: 	0.000000
"lower bound" of SPEX LU Update time: 	0.000000
SPEX LU Update time: 			0.000000


time of Left LU/ time of update: 	nan

obj value = 0.000000
found 0!! This update won't improve obj value
prev basis k(13): 3580; new basis k: 9402

---------------------------------------------------------
----------9: replacing k(13) with new_col(9402)-----------
-----------------------------------------------------------

Solving 3 linear equations time: 	0.000000
Search k and new_col time: 		0.020000

	time     	L_nnz 	sum(Lb) 	U_nnz 		sum(Ub)

LLU: 	0.000000 	62   	57542    	112   	80529
"LUU_lb": 0.000000 	63   	58637    	109   	80462
LUU: 	0.000000 	55   	53774    	116   	85026
LLU/LUU: nan 	1.1273 	1.0701    	0.9655   	0.9471


SPEX Left LU Factorization time: 	0.000000
"lower bound" of SPEX LU Update time: 	0.000000
SPEX LU Update time: 			0.000000


time of Left LU/ time of update: 	nan

obj value = 0.000000
found 0!! This update won't improve obj value
prev basis k(19): 19; new basis k: 3579

---------------------------------------------------------
----------10: replacing k(19) with new_col(3579)-----------
-----------------------------------------------------------

Solving 3 linear equations time: 	0.000000
Search k and new_col time: 		0.030000

	time     	L_nnz 	sum(Lb) 	U_nnz 		sum(Ub)

LLU: 	0.000000 	64   	59424    	122   	86377
"LUU_lb": 0.000000 	66   	61629    	126   	87156
LUU: 	0.000000 	62   	60599    	130   	95937
LLU/LUU: nan 	1.0323 	0.9806    	0.9385   	0.9004


SPEX Left LU Factorization time: 	0.000000
"lower bound" of SPEX LU Update time: 	0.000000
SPEX LU Update time: 			0.000000


time of Left LU/ time of update: 	nan

obj value = 0.000000
found 0!! This update won't improve obj value
prev basis k(4): 4; new basis k: 5966

---------------------------------------------------------
----------11: replacing k(4) with new_col(5966)-----------
-----------------------------------------------------------

Solving 3 linear equations time: 	0.000000
Search k and new_col time: 		0.020000

	time     	L_nnz 	sum(Lb) 	U_nnz 		sum(Ub)

LLU: 	0.000000 	70   	60679    	137   	92574
"LUU_lb": 0.000000 	73   	67380    	126   	90156
LUU: 	0.000000 	71   	69186    	136   	102200
LLU/LUU: nan 	0.9859 	0.8770    	1.0074   	0.9058


SPEX Left LU Factorization time: 	0.000000
"lower bound" of SPEX LU Update time: 	0.000000
SPEX LU Update time: 			0.000000


time of Left LU/ time of update: 	nan

obj value = 0.000000
found 0!! This update won't improve obj value
prev basis k(6): 6; new basis k: 6139

---------------------------------------------------------
----------12: replacing k(6) with new_col(6139)-----------
-----------------------------------------------------------

Solving 3 linear equations time: 	0.000000
Search k and new_col time: 		0.030000

	time     	L_nnz 	sum(Lb) 	U_nnz 		sum(Ub)

LLU: 	0.000000 	74   	62755    	138   	94423
"LUU_lb": 0.000000 	78   	68857    	147   	101957
LUU: 	0.000000 	72   	68233    	149   	110788
LLU/LUU: nan 	1.0278 	0.9197    	0.9262   	0.8523


SPEX Left LU Factorization time: 	0.000000
"lower bound" of SPEX LU Update time: 	0.000000
SPEX LU Update time: 			0.000000


time of Left LU/ time of update: 	nan

obj value = 0.000000
found 0!! This update won't improve obj value
prev basis k(2): 1657; new basis k: 3480

---------------------------------------------------------
----------13: replacing k(2) with new_col(3480)-----------
-----------------------------------------------------------

Solving 3 linear equations time: 	0.000000
Search k and new_col time: 		0.030000

	time     	L_nnz 	sum(Lb) 	U_nnz 		sum(Ub)

LLU: 	0.000000 	77   	63392    	146   	94640
"LUU_lb": 0.000000 	73   	66030    	137   	90436
LUU: 	0.000000 	72   	68197    	149   	108223
LLU/LUU: nan 	1.0694 	0.9295    	0.9799   	0.8745


SPEX Left LU Factorization time: 	0.000000
"lower bound" of SPEX LU Update time: 	0.000000
SPEX LU Update time: 			0.000000


time of Left LU/ time of update: 	nan

obj value = 0.000000
found 0!! This update won't improve obj value
prev basis k(8): 8; new basis k: 6962

---------------------------------------------------------
----------14: replacing k(8) with new_col(6962)-----------
-----------------------------------------------------------

Solving 3 linear equations time: 	0.000000
Search k and new_col time: 		0.020000

	time     	L_nnz 	sum(Lb) 	U_nnz 		sum(Ub)

LLU: 	0.000000 	80   	69172    	158   	103619
"LUU_lb": 0.000000 	87   	72897    	154   	102446
LUU: 	0.010000 	85   	79063    	161   	116048
LLU/LUU: 0.0000 	0.9412 	0.8749    	0.9814   	0.8929


SPEX Left LU Factorization time: 	0.000000
"lower bound" of SPEX LU Update time: 	0.000000
SPEX LU Update time: 			0.010000


time of Left LU/ time of update: 	0.000000

obj value = 0.000000
LP is unbound!
