reading file TestMats/LPnetlib/lp_gfrd_pnc/lp_gfrd_pnc.mtx
reading file TestMats/LPnetlib/lp_gfrd_pnc/lp_gfrd_pnc_b.mtx
reading file TestMats/LPnetlib/lp_gfrd_pnc/lp_gfrd_pnc_c.mtx
reading file TestMats/LPnetlib/lp_gfrd_pnc/lp_gfrd_pnc_lo.mtx
reading file TestMats/LPnetlib/lp_gfrd_pnc/lp_gfrd_pnc_hi.mtx
m=616 n=1160 fixed_var=0 nz=2445 real_nnz=2445
Constructing initial basis...
Size of triangular part is 594
getting initial basic variables....
OPT(5) FEAS(2) INFEAS(3) NOFEAS(4) UNBND(6) UNDEF(1)
0: 3, obj: 65875.352500
1: 3, obj: 311621.367500
2: 3, obj: 746138.863500
3: 3, obj: 1287039.675200
4: 3, obj: 1287039.675200
5: 3, obj: 1428931.940200
6: 3, obj: 1839094.131200
7: 3, obj: 2480577.408000
8: 3, obj: 2876859.458500
9: 3, obj: 3357028.135500
10: 3, obj: 3919358.187400
11: 3, obj: 4277719.961400
12: 3, obj: 5215628.331800
13: 3, obj: 5603075.769300
14: 3, obj: 6361622.555300
15: 3, obj: 6971239.396300
16: 2, obj: 7320778.131571
0: x[902]=1.000000 is nonbasic, bnd=[0.000000 1.000000] state=3
1: x[904]=1.000000 is nonbasic, bnd=[0.000000 1.000000] state=3
2: x[905]=1.000000 is nonbasic, bnd=[0.000000 1.000000] state=3
3: x[906]=1.000000 is nonbasic, bnd=[0.000000 1.000000] state=3
4: x[907]=1.000000 is nonbasic, bnd=[0.000000 1.000000] state=3
5: x[908]=1.000000 is nonbasic, bnd=[0.000000 1.000000] state=3
6: x[909]=1.000000 is nonbasic, bnd=[0.000000 1.000000] state=3
7: x[910]=1.000000 is nonbasic, bnd=[0.000000 1.000000] state=3
8: x[916]=1.000000 is nonbasic, bnd=[0.000000 1.000000] state=3
9: x[917]=1.000000 is nonbasic, bnd=[0.000000 1.000000] state=3
10: x[925]=1.000000 is nonbasic, bnd=[0.000000 1.000000] state=3
11: x[937]=1.000000 is nonbasic, bnd=[0.000000 1.000000] state=3
12: x[941]=1.000000 is nonbasic, bnd=[0.000000 1.000000] state=3
13: x[943]=1.000000 is nonbasic, bnd=[0.000000 1.000000] state=3
14: x[949]=1.000000 is nonbasic, bnd=[0.000000 1.000000] state=3
15: x[950]=1.000000 is nonbasic, bnd=[0.000000 1.000000] state=3
16: x[952]=1.000000 is nonbasic, bnd=[0.000000 1.000000] state=3
17: x[953]=1.000000 is nonbasic, bnd=[0.000000 1.000000] state=3
18: x[954]=1.000000 is nonbasic, bnd=[0.000000 1.000000] state=3
19: x[955]=1.000000 is nonbasic, bnd=[0.000000 1.000000] state=3
20: x[956]=1.000000 is nonbasic, bnd=[0.000000 1.000000] state=3
21: x[957]=1.000000 is nonbasic, bnd=[0.000000 1.000000] state=3
22: x[958]=1.000000 is nonbasic, bnd=[0.000000 1.000000] state=3
23: x[959]=1.000000 is nonbasic, bnd=[0.000000 1.000000] state=3
24: x[963]=1.000000 is nonbasic, bnd=[0.000000 1.000000] state=3
25: x[965]=1.000000 is nonbasic, bnd=[0.000000 1.000000] state=3
26: x[966]=1.000000 is nonbasic, bnd=[0.000000 1.000000] state=3
27: x[970]=1.000000 is nonbasic, bnd=[0.000000 1.000000] state=3
28: x[972]=1.000000 is nonbasic, bnd=[0.000000 1.000000] state=3
29: x[974]=1.000000 is nonbasic, bnd=[0.000000 1.000000] state=3
30: x[975]=1.000000 is nonbasic, bnd=[0.000000 1.000000] state=3
31: x[978]=1.000000 is nonbasic, bnd=[0.000000 1.000000] state=3
32: x[980]=1.000000 is nonbasic, bnd=[0.000000 1.000000] state=3
33: x[981]=1.000000 is nonbasic, bnd=[0.000000 1.000000] state=3
34: x[984]=1.000000 is nonbasic, bnd=[0.000000 1.000000] state=3
35: x[986]=1.000000 is nonbasic, bnd=[0.000000 1.000000] state=3
36: x[990]=1.000000 is nonbasic, bnd=[0.000000 1.000000] state=3
37: x[994]=1.000000 is nonbasic, bnd=[0.000000 1.000000] state=3
38: x[998]=1.000000 is nonbasic, bnd=[0.000000 1.000000] state=3
39: x[999]=1.000000 is nonbasic, bnd=[0.000000 1.000000] state=3
40: x[1003]=1.000000 is nonbasic, bnd=[0.000000 1.000000] state=3
41: x[1005]=1.000000 is nonbasic, bnd=[0.000000 1.000000] state=3
42: x[1007]=1.000000 is nonbasic, bnd=[0.000000 1.000000] state=3
43: x[1009]=1.000000 is nonbasic, bnd=[0.000000 1.000000] state=3
44: x[1011]=1.000000 is nonbasic, bnd=[0.000000 1.000000] state=3
45: x[1013]=1.000000 is nonbasic, bnd=[0.000000 1.000000] state=3
46: x[1014]=1.000000 is nonbasic, bnd=[0.000000 1.000000] state=3
47: x[1017]=1.000000 is nonbasic, bnd=[0.000000 1.000000] state=3
48: x[1018]=1.000000 is nonbasic, bnd=[0.000000 1.000000] state=3
49: x[1019]=1.000000 is nonbasic, bnd=[0.000000 1.000000] state=3
50: x[1020]=1.000000 is nonbasic, bnd=[0.000000 1.000000] state=3
51: x[1026]=1.000000 is nonbasic, bnd=[0.000000 1.000000] state=3
52: x[1030]=1.000000 is nonbasic, bnd=[0.000000 1.000000] state=3
53: x[1032]=1.000000 is nonbasic, bnd=[0.000000 1.000000] state=3
54: x[1036]=1.000000 is nonbasic, bnd=[0.000000 1.000000] state=3
55: x[1038]=1.000000 is nonbasic, bnd=[0.000000 1.000000] state=3
56: x[1039]=1.000000 is nonbasic, bnd=[0.000000 1.000000] state=3
57: x[1040]=1.000000 is nonbasic, bnd=[0.000000 1.000000] state=3
58: x[1041]=1.000000 is nonbasic, bnd=[0.000000 1.000000] state=3
59: x[1045]=1.000000 is nonbasic, bnd=[0.000000 1.000000] state=3
60: x[1047]=1.000000 is nonbasic, bnd=[0.000000 1.000000] state=3
61: x[1053]=1.000000 is nonbasic, bnd=[0.000000 1.000000] state=3
62: x[1055]=1.000000 is nonbasic, bnd=[0.000000 1.000000] state=3
63: x[1056]=1.000000 is nonbasic, bnd=[0.000000 1.000000] state=3
64: x[1059]=1.000000 is nonbasic, bnd=[0.000000 1.000000] state=3
65: x[1068]=1.000000 is nonbasic, bnd=[0.000000 1.000000] state=3
66: x[1096]=1.000000 is nonbasic, bnd=[0.000000 1.000000] state=3
67: x[1128]=1.000000 is nonbasic, bnd=[0.000000 1.000000] state=3
68: x[1129]=1.000000 is nonbasic, bnd=[0.000000 1.000000] state=3
69: x[1130]=1.000000 is nonbasic, bnd=[0.000000 1.000000] state=3
70: x[1131]=1.000000 is nonbasic, bnd=[0.000000 1.000000] state=3
71: x[1133]=1.000000 is nonbasic, bnd=[0.000000 1.000000] state=3
72: x[1134]=1.000000 is nonbasic, bnd=[0.000000 1.000000] state=3
17: 2, obj: 2301203.361571
preprocess finished
scales of A and b are same
obj value = 7320778.131571
found 0!! This update won't improve obj value
prev basis k(520): 858; new basis k: 1152

---------------------------------------------------------
----------0: replacing k(520) with new_col(1152)-----------
-----------------------------------------------------------

Solving 3 linear equations time: 	0.300000
Search k and new_col time: 		0.310000

	time     	L_nnz 	sum(Lb) 	U_nnz 		sum(Ub)

LLU: 	0.110000 	1258   	23263727    	1163   	21913701
LUU: 	0.000000 	1249   	22985124    	1183   	22318339
LLU/LUU: inf 	1.0072 	1.0121    	0.9831   	0.9819

obj value = 7320778.131571
found 0!! This update won't improve obj value
prev basis k(604): 1120; new basis k: 1157

---------------------------------------------------------
----------1: replacing k(604) with new_col(1157)-----------
-----------------------------------------------------------

Solving 3 linear equations time: 	0.290000
Search k and new_col time: 		0.310000

	time     	L_nnz 	sum(Lb) 	U_nnz 		sum(Ub)

LLU: 	0.100000 	1255   	23126535    	1187   	22334841
"LUU_lb": 0.000000 	1258   	23263728    	1165   	21927612
LUU: 	0.000000 	1249   	22987023    	1185   	22334227
LLU/LUU: inf 	1.0048 	1.0061    	1.0017   	1.0000


SPEX Left LU Factorization time: 	0.100000
"lower bound" of SPEX LU Update time: 	0.000000
SPEX LU Update time: 			0.000000


time of Left LU/ time of update: 	inf

obj value = 7320778.131571
found 0!! This update won't improve obj value
prev basis k(56): 34; new basis k: 1035

---------------------------------------------------------
----------2: replacing k(56) with new_col(1035)-----------
-----------------------------------------------------------

Solving 3 linear equations time: 	0.320000
Search k and new_col time: 		0.330000

	time     	L_nnz 	sum(Lb) 	U_nnz 		sum(Ub)

LLU: 	0.110000 	1280   	23617881    	1203   	22878503
"LUU_lb": 0.010000 	1257   	23126679    	1187   	22334851
LUU: 	0.000000 	1251   	22987348    	1185   	22334470
LLU/LUU: inf 	1.0232 	1.0274    	1.0152   	1.0244


SPEX Left LU Factorization time: 	0.210000
"lower bound" of SPEX LU Update time: 	0.010000
SPEX LU Update time: 			0.000000


time of Left LU/ time of update: 	inf

obj value = 7320778.131571
prev basis k(82): 60; new basis k: 1131

---------------------------------------------------------
----------3: replacing k(82) with new_col(1131)-----------
-----------------------------------------------------------

Solving 3 linear equations time: 	0.310000
Search k and new_col time: 		0.320000

	time     	L_nnz 	sum(Lb) 	U_nnz 		sum(Ub)

LLU: 	0.120000 	1277   	23440013    	1200   	22763819
"LUU_lb": 0.000000 	1290   	23990290    	1206   	23008090
LUU: 	0.010000 	1258   	23260522    	1188   	22491965
LLU/LUU: 12.0000 	1.0151 	1.0077    	1.0101   	1.0121


SPEX Left LU Factorization time: 	0.330000
"lower bound" of SPEX LU Update time: 	0.010000
SPEX LU Update time: 			0.010000


time of Left LU/ time of update: 	33.000000

obj value = 7319709.140507
prev basis k(464): 779; new basis k: 1144

---------------------------------------------------------
----------4: replacing k(464) with new_col(1144)-----------
-----------------------------------------------------------

Solving 3 linear equations time: 	0.320000
Search k and new_col time: 		0.320000

	time     	L_nnz 	sum(Lb) 	U_nnz 		sum(Ub)

LLU: 	0.110000 	1267   	23288407    	1193   	22525117
"LUU_lb": 0.010000 	1286   	23788285    	1204   	22885187
LUU: 	0.010000 	1259   	23180774    	1182   	22364308
LLU/LUU: 11.0000 	1.0064 	1.0046    	1.0093   	1.0072


SPEX Left LU Factorization time: 	0.440000
"lower bound" of SPEX LU Update time: 	0.020000
SPEX LU Update time: 			0.020000


time of Left LU/ time of update: 	22.000000

obj value = 7313062.295264
prev basis k(84): 62; new basis k: 1068

---------------------------------------------------------
----------5: replacing k(84) with new_col(1068)-----------
-----------------------------------------------------------

Solving 3 linear equations time: 	0.310000
Search k and new_col time: 		0.320000

	time     	L_nnz 	sum(Lb) 	U_nnz 		sum(Ub)

LLU: 	0.130000 	1300   	23807973    	1233   	23694411
"LUU_lb": 0.010000 	1279   	23722252    	1204   	22918988
LUU: 	0.000000 	1260   	23251517    	1191   	22697849
LLU/LUU: inf 	1.0317 	1.0239    	1.0353   	1.0439


SPEX Left LU Factorization time: 	0.570000
"lower bound" of SPEX LU Update time: 	0.030000
SPEX LU Update time: 			0.020000


time of Left LU/ time of update: 	28.500000

obj value = 7306438.196090
LP is unbound!
