reading file TestMats/LPnetlib/lp_grow22/lp_grow22.mtx
reading file TestMats/LPnetlib/lp_grow22/lp_grow22_b.mtx
reading file TestMats/LPnetlib/lp_grow22/lp_grow22_c.mtx
reading file TestMats/LPnetlib/lp_grow22/lp_grow22_lo.mtx
reading file TestMats/LPnetlib/lp_grow22/lp_grow22_hi.mtx
m=440 n=946 fixed_var=0 nz=8252 real_nnz=8252
Constructing initial basis...
Size of triangular part is 440
getting initial basic variables....
OPT(5) FEAS(2) INFEAS(3) NOFEAS(4) UNBND(6) UNDEF(1)
0: 2, obj: 0.000000
preprocess finished
scales of A and b are different
obj value = 0.000000
found 0!! This update won't improve obj value
prev basis k(64): 156; new basis k: 131

---------------------------------------------------------
----------0: replacing k(64) with new_col(131)-----------
-----------------------------------------------------------

Solving 3 linear equations time: 	0.020000
Search k and new_col time: 		0.030000

	time     	L_nnz 	sum(Lb) 	U_nnz 		sum(Ub)

LLU: 	0.000000 	589   	6704873    	661   	9583655
LUU: 	0.000000 	807   	10631928    	441   	5479882
LLU/LUU: nan 	0.7299 	0.6306    	1.4989   	1.7489

obj value = 0.000000
found 0!! This update won't improve obj value
prev basis k(0): 20; new basis k: 4

---------------------------------------------------------
----------1: replacing k(0) with new_col(4)-----------
-----------------------------------------------------------

Solving 3 linear equations time: 	0.040000
Search k and new_col time: 		0.040000

	time     	L_nnz 	sum(Lb) 	U_nnz 		sum(Ub)

LLU: 	0.000000 	500   	5821115    	763   	10711627
"LUU_lb": 0.000000 	604   	6705614    	661   	9583646
LUU: 	0.000000 	822   	10629827    	441   	5479873
LLU/LUU: nan 	0.6083 	0.5476    	1.7302   	1.9547


SPEX Left LU Factorization time: 	0.000000
"lower bound" of SPEX LU Update time: 	0.000000
SPEX LU Update time: 			0.000000


time of Left LU/ time of update: 	nan

obj value = 0.000000
found 0!! This update won't improve obj value
prev basis k(1): 21; new basis k: 0

---------------------------------------------------------
----------2: replacing k(1) with new_col(0)-----------
-----------------------------------------------------------

Solving 3 linear equations time: 	0.040000
Search k and new_col time: 		0.040000

	time     	L_nnz 	sum(Lb) 	U_nnz 		sum(Ub)

LLU: 	0.000000 	489   	5927545    	797   	11120093
"LUU_lb": 0.000000 	516   	5821887    	763   	10711613
LUU: 	0.000000 	838   	10625725    	442   	5479891
LLU/LUU: nan 	0.5835 	0.5578    	1.8032   	2.0293


SPEX Left LU Factorization time: 	0.000000
"lower bound" of SPEX LU Update time: 	0.000000
SPEX LU Update time: 			0.000000


time of Left LU/ time of update: 	nan

obj value = 0.000000
found 0!! This update won't improve obj value
prev basis k(2): 22; new basis k: 1

---------------------------------------------------------
----------3: replacing k(2) with new_col(1)-----------
-----------------------------------------------------------

Solving 3 linear equations time: 	0.040000
Search k and new_col time: 		0.040000

	time     	L_nnz 	sum(Lb) 	U_nnz 		sum(Ub)

LLU: 	0.000000 	495   	6071439    	810   	11415375
"LUU_lb": 0.000000 	505   	5928330    	797   	11120082
LUU: 	0.000000 	854   	10619286    	443   	5479935
LLU/LUU: nan 	0.5796 	0.5717    	1.8284   	2.0831


SPEX Left LU Factorization time: 	0.000000
"lower bound" of SPEX LU Update time: 	0.000000
SPEX LU Update time: 			0.000000


time of Left LU/ time of update: 	nan

obj value = 0.000000
found 0!! This update won't improve obj value
prev basis k(3): 26; new basis k: 2

---------------------------------------------------------
----------4: replacing k(3) with new_col(2)-----------
-----------------------------------------------------------

Solving 3 linear equations time: 	0.050000
Search k and new_col time: 		0.050000

	time     	L_nnz 	sum(Lb) 	U_nnz 		sum(Ub)

LLU: 	0.010000 	530   	6565177    	799   	11524055
"LUU_lb": 0.000000 	501   	6218748    	819   	11650344
LUU: 	0.010000 	868   	10665156    	444   	5480053
LLU/LUU: 1.0000 	0.6106 	0.6156    	1.7995   	2.1029


SPEX Left LU Factorization time: 	0.010000
"lower bound" of SPEX LU Update time: 	0.000000
SPEX LU Update time: 			0.010000


time of Left LU/ time of update: 	1.000000

obj value = 0.000000
found 0!! This update won't improve obj value
prev basis k(5): 28; new basis k: 3

---------------------------------------------------------
----------5: replacing k(5) with new_col(3)-----------
-----------------------------------------------------------

Solving 3 linear equations time: 	0.040000
Search k and new_col time: 		0.040000

	time     	L_nnz 	sum(Lb) 	U_nnz 		sum(Ub)

LLU: 	0.020000 	562   	7005727    	788   	11603656
"LUU_lb": 0.010000 	537   	6751751    	814   	11935934
LUU: 	0.000000 	891   	10824620    	450   	5504297
LLU/LUU: inf 	0.6308 	0.6472    	1.7511   	2.1081


SPEX Left LU Factorization time: 	0.030000
"lower bound" of SPEX LU Update time: 	0.010000
SPEX LU Update time: 			0.010000


time of Left LU/ time of update: 	3.000000

obj value = 0.000000
found 0!! This update won't improve obj value
prev basis k(6): 29; new basis k: 5

---------------------------------------------------------
----------6: replacing k(6) with new_col(5)-----------
-----------------------------------------------------------

Solving 3 linear equations time: 	0.030000
Search k and new_col time: 		0.040000

	time     	L_nnz 	sum(Lb) 	U_nnz 		sum(Ub)

LLU: 	0.050000 	591   	7693468    	793   	11740080
"LUU_lb": 0.010000 	570   	7199366    	800   	11894599
LUU: 	0.000000 	913   	10986746    	458   	5534844
LLU/LUU: inf 	0.6473 	0.7002    	1.7314   	2.1211


SPEX Left LU Factorization time: 	0.080000
"lower bound" of SPEX LU Update time: 	0.020000
SPEX LU Update time: 			0.010000


time of Left LU/ time of update: 	8.000000

obj value = 0.000000
found 0!! This update won't improve obj value
prev basis k(7): 30; new basis k: 6

---------------------------------------------------------
----------7: replacing k(7) with new_col(6)-----------
-----------------------------------------------------------

Solving 3 linear equations time: 	0.030000
Search k and new_col time: 		0.040000

	time     	L_nnz 	sum(Lb) 	U_nnz 		sum(Ub)

LLU: 	0.070000 	612   	8180709    	793   	11756234
"LUU_lb": 0.010000 	603   	7982803    	802   	11958440
LUU: 	0.000000 	933   	11163410    	486   	5727914
LLU/LUU: inf 	0.6559 	0.7328    	1.6317   	2.0524


SPEX Left LU Factorization time: 	0.150000
"lower bound" of SPEX LU Update time: 	0.030000
SPEX LU Update time: 			0.010000


time of Left LU/ time of update: 	15.000000

obj value = 0.000000
found 0!! This update won't improve obj value
prev basis k(8): 31; new basis k: 7

---------------------------------------------------------
----------8: replacing k(8) with new_col(7)-----------
-----------------------------------------------------------

Solving 3 linear equations time: 	0.040000
Search k and new_col time: 		0.050000

	time     	L_nnz 	sum(Lb) 	U_nnz 		sum(Ub)

LLU: 	0.080000 	620   	8360013    	808   	12138115
"LUU_lb": 0.010000 	618   	8327613    	805   	12047307
LUU: 	0.010000 	951   	11342748    	533   	6108452
LLU/LUU: 8.0000 	0.6519 	0.7370    	1.5159   	1.9871


SPEX Left LU Factorization time: 	0.230000
"lower bound" of SPEX LU Update time: 	0.040000
SPEX LU Update time: 			0.020000


time of Left LU/ time of update: 	11.500000

obj value = 0.000000
found 0!! This update won't improve obj value
prev basis k(9): 32; new basis k: 8

---------------------------------------------------------
----------9: replacing k(9) with new_col(8)-----------
-----------------------------------------------------------

Solving 3 linear equations time: 	0.040000
Search k and new_col time: 		0.050000

	time     	L_nnz 	sum(Lb) 	U_nnz 		sum(Ub)

LLU: 	0.130000 	638   	8771340    	824   	12543216
"LUU_lb": 0.020000 	620   	8360006    	818   	12379280
LUU: 	0.000000 	967   	11522949    	602   	6701742
LLU/LUU: inf 	0.6598 	0.7612    	1.3688   	1.8716


SPEX Left LU Factorization time: 	0.360000
"lower bound" of SPEX LU Update time: 	0.060000
SPEX LU Update time: 			0.020000


time of Left LU/ time of update: 	18.000000

obj value = 0.000000
found 0!! This update won't improve obj value
prev basis k(10): 33; new basis k: 9

---------------------------------------------------------
----------10: replacing k(10) with new_col(9)-----------
-----------------------------------------------------------

Solving 3 linear equations time: 	0.050000
Search k and new_col time: 		0.050000

	time     	L_nnz 	sum(Lb) 	U_nnz 		sum(Ub)

LLU: 	0.140000 	642   	8851624    	818   	12416256
"LUU_lb": 0.020000 	638   	8771401    	831   	12712052
LUU: 	0.010000 	981   	11697591    	690   	7532142
LLU/LUU: 14.0000 	0.6544 	0.7567    	1.1855   	1.6484


SPEX Left LU Factorization time: 	0.500000
"lower bound" of SPEX LU Update time: 	0.080000
SPEX LU Update time: 			0.030000


time of Left LU/ time of update: 	16.666667

obj value = 0.000000
found 0!! This update won't improve obj value
prev basis k(11): 34; new basis k: 10

---------------------------------------------------------
----------11: replacing k(11) with new_col(10)-----------
-----------------------------------------------------------

Solving 3 linear equations time: 	0.040000
Search k and new_col time: 		0.050000

	time     	L_nnz 	sum(Lb) 	U_nnz 		sum(Ub)

LLU: 	0.150000 	691   	9726621    	793   	12128057
"LUU_lb": 0.030000 	657   	9209717    	825   	12594991
LUU: 	0.010000 	993   	11861990    	797   	8624514
LLU/LUU: 15.0000 	0.6959 	0.8200    	0.9950   	1.4062


SPEX Left LU Factorization time: 	0.650000
"lower bound" of SPEX LU Update time: 	0.110000
SPEX LU Update time: 			0.040000


time of Left LU/ time of update: 	16.250000

obj value = 0.000000
found 0!! This update won't improve obj value
prev basis k(12): 35; new basis k: 11

---------------------------------------------------------
----------12: replacing k(12) with new_col(11)-----------
-----------------------------------------------------------

Solving 3 linear equations time: 	0.060000
Search k and new_col time: 		0.060000

	time     	L_nnz 	sum(Lb) 	U_nnz 		sum(Ub)

LLU: 	0.180000 	716   	10053870    	789   	12321564
"LUU_lb": 0.040000 	708   	10130808    	800   	12305913
LUU: 	0.010000 	1004   	12026568    	905   	9730769
LLU/LUU: 18.0000 	0.7131 	0.8360    	0.8718   	1.2662


SPEX Left LU Factorization time: 	0.830000
"lower bound" of SPEX LU Update time: 	0.150000
SPEX LU Update time: 			0.050000


time of Left LU/ time of update: 	16.600000

obj value = 0.000000
found 0!! This update won't improve obj value
prev basis k(13): 36; new basis k: 12

---------------------------------------------------------
----------13: replacing k(13) with new_col(12)-----------
-----------------------------------------------------------

Solving 3 linear equations time: 	0.070000
Search k and new_col time: 		0.070000

	time     	L_nnz 	sum(Lb) 	U_nnz 		sum(Ub)

LLU: 	0.200000 	717   	10064841    	797   	12528758
"LUU_lb": 0.020000 	716   	10053969    	798   	12539197
LUU: 	0.010000 	1014   	12186786    	1014   	10852013
LLU/LUU: 20.0000 	0.7071 	0.8259    	0.7860   	1.1545


SPEX Left LU Factorization time: 	1.030000
"lower bound" of SPEX LU Update time: 	0.170000
SPEX LU Update time: 			0.060000


time of Left LU/ time of update: 	17.166667

obj value = 0.000000
found 0!! This update won't improve obj value
prev basis k(14): 37; new basis k: 13

---------------------------------------------------------
----------14: replacing k(14) with new_col(13)-----------
-----------------------------------------------------------

Solving 3 linear equations time: 	0.060000
Search k and new_col time: 		0.070000

	time     	L_nnz 	sum(Lb) 	U_nnz 		sum(Ub)

LLU: 	0.220000 	728   	10337268    	804   	12677658
"LUU_lb": 0.000000 	734   	10125192    	797   	12528741
LUU: 	0.020000 	1023   	12345450    	1144   	12310019
LLU/LUU: 11.0000 	0.7116 	0.8373    	0.7028   	1.0299


SPEX Left LU Factorization time: 	1.250000
"lower bound" of SPEX LU Update time: 	0.170000
SPEX LU Update time: 			0.080000


time of Left LU/ time of update: 	15.625000

obj value = 0.000000
found 0!! This update won't improve obj value
prev basis k(15): 38; new basis k: 14

---------------------------------------------------------
----------15: replacing k(15) with new_col(14)-----------
-----------------------------------------------------------

Solving 3 linear equations time: 	0.060000
Search k and new_col time: 		0.070000

	time     	L_nnz 	sum(Lb) 	U_nnz 		sum(Ub)

LLU: 	0.240000 	720   	10130688    	818   	13032669
"LUU_lb": 0.040000 	747   	10788486    	808   	12776241
LUU: 	0.020000 	1031   	12491260    	1271   	13775090
LLU/LUU: 12.0000 	0.6984 	0.8110    	0.6436   	0.9461


SPEX Left LU Factorization time: 	1.490000
"lower bound" of SPEX LU Update time: 	0.210000
SPEX LU Update time: 			0.100000


time of Left LU/ time of update: 	14.900000

obj value = 0.000000
found 0!! This update won't improve obj value
prev basis k(16): 39; new basis k: 15

---------------------------------------------------------
----------16: replacing k(16) with new_col(15)-----------
-----------------------------------------------------------

Solving 3 linear equations time: 	0.070000
Search k and new_col time: 		0.080000

	time     	L_nnz 	sum(Lb) 	U_nnz 		sum(Ub)

LLU: 	0.250000 	721   	10141573    	822   	13142804
"LUU_lb": 0.020000 	720   	10130695    	823   	13153462
LUU: 	0.010000 	1037   	12612419    	1421   	15618899
LLU/LUU: 25.0000 	0.6953 	0.8041    	0.5785   	0.8415


SPEX Left LU Factorization time: 	1.740000
"lower bound" of SPEX LU Update time: 	0.230000
SPEX LU Update time: 			0.110000


time of Left LU/ time of update: 	15.818182

obj value = 0.000000
found 0!! This update won't improve obj value
prev basis k(17): 40; new basis k: 16

---------------------------------------------------------
----------17: replacing k(17) with new_col(16)-----------
-----------------------------------------------------------

Solving 3 linear equations time: 	0.080000
Search k and new_col time: 		0.090000

	time     	L_nnz 	sum(Lb) 	U_nnz 		sum(Ub)

LLU: 	0.260000 	722   	10152469    	826   	13253161
"LUU_lb": 0.030000 	721   	10141570    	827   	13263933
LUU: 	0.020000 	1041   	12698066    	1593   	17891609
LLU/LUU: 13.0000 	0.6936 	0.7995    	0.5185   	0.7407


SPEX Left LU Factorization time: 	2.000000
"lower bound" of SPEX LU Update time: 	0.260000
SPEX LU Update time: 			0.130000


time of Left LU/ time of update: 	15.384615

obj value = 0.000000
found 0!! This update won't improve obj value
prev basis k(18): 41; new basis k: 17

---------------------------------------------------------
----------18: replacing k(18) with new_col(17)-----------
-----------------------------------------------------------

Solving 3 linear equations time: 	0.090000
Search k and new_col time: 		0.090000

	time     	L_nnz 	sum(Lb) 	U_nnz 		sum(Ub)

LLU: 	0.270000 	721   	10116275    	826   	13266899
"LUU_lb": 0.020000 	722   	10152468    	828   	13302057
LUU: 	0.020000 	1043   	12742564    	1782   	20582582
LLU/LUU: 13.5000 	0.6913 	0.7939    	0.4635   	0.6446


SPEX Left LU Factorization time: 	2.270000
"lower bound" of SPEX LU Update time: 	0.280000
SPEX LU Update time: 			0.150000


time of Left LU/ time of update: 	15.133333

obj value = 0.000000
found 0!! This update won't improve obj value
prev basis k(19): 42; new basis k: 18

---------------------------------------------------------
----------19: replacing k(19) with new_col(18)-----------
-----------------------------------------------------------

Solving 3 linear equations time: 	0.090000
Search k and new_col time: 		0.100000

	time     	L_nnz 	sum(Lb) 	U_nnz 		sum(Ub)

LLU: 	0.300000 	722   	10127178    	835   	13498187
"LUU_lb": 0.050000 	740   	10568276    	824   	13221096
LUU: 	0.020000 	1043   	12742503    	1992   	23734231
LLU/LUU: 15.0000 	0.6922 	0.7948    	0.4192   	0.5687


SPEX Left LU Factorization time: 	2.570000
"lower bound" of SPEX LU Update time: 	0.330000
SPEX LU Update time: 			0.170000


time of Left LU/ time of update: 	15.117647

obj value = 0.000000
found 0!! This update won't improve obj value
prev basis k(66): 158; new basis k: 19

---------------------------------------------------------
----------20: replacing k(66) with new_col(19)-----------
-----------------------------------------------------------

Solving 3 linear equations time: 	0.110000
Search k and new_col time: 		0.120000

	time     	L_nnz 	sum(Lb) 	U_nnz 		sum(Ub)

LLU: 	0.340000 	763   	10882142    	834   	13702120
"LUU_lb": 0.050000 	746   	10697062    	852   	13913458
LUU: 	0.110000 	993   	11910731    	1816   	7198947
LLU/LUU: 3.0909 	0.7684 	0.9136    	0.4593   	1.9034


SPEX Left LU Factorization time: 	2.910000
"lower bound" of SPEX LU Update time: 	0.380000
SPEX LU Update time: 			0.280000


time of Left LU/ time of update: 	10.392857

obj value = 0.000000
found 0!! This update won't improve obj value
prev basis k(67): 159; new basis k: 29

---------------------------------------------------------
----------21: replacing k(67) with new_col(29)-----------
-----------------------------------------------------------

Solving 3 linear equations time: 	0.030000
Search k and new_col time: 		0.040000

	time     	L_nnz 	sum(Lb) 	U_nnz 		sum(Ub)

LLU: 	0.360000 	782   	11144944    	823   	13623144
"LUU_lb": 0.000000 	767   	10976522    	834   	13677667
LUU: 	0.010000 	1012   	12079805    	1810   	7238079
LLU/LUU: 36.0000 	0.7727 	0.9226    	0.4547   	1.8821


SPEX Left LU Factorization time: 	3.270000
"lower bound" of SPEX LU Update time: 	0.380000
SPEX LU Update time: 			0.290000


time of Left LU/ time of update: 	11.275862

obj value = 0.000000
found 0!! This update won't improve obj value
prev basis k(68): 160; new basis k: 30

---------------------------------------------------------
----------22: replacing k(68) with new_col(30)-----------
-----------------------------------------------------------

Solving 3 linear equations time: 	0.040000
Search k and new_col time: 		0.040000

	time     	L_nnz 	sum(Lb) 	U_nnz 		sum(Ub)

LLU: 	0.410000 	844   	12437559    	811   	13502791
"LUU_lb": 0.000000 	787   	11262311    	823   	13597958
LUU: 	0.010000 	1029   	12251163    	1805   	7283297
LLU/LUU: 41.0000 	0.8202 	1.0152    	0.4493   	1.8539


SPEX Left LU Factorization time: 	3.680000
"lower bound" of SPEX LU Update time: 	0.380000
SPEX LU Update time: 			0.300000


time of Left LU/ time of update: 	12.266667

obj value = 0.000000
found 0!! This update won't improve obj value
prev basis k(69): 161; new basis k: 31

---------------------------------------------------------
----------23: replacing k(69) with new_col(31)-----------
-----------------------------------------------------------

Solving 3 linear equations time: 	0.040000
Search k and new_col time: 		0.040000

	time     	L_nnz 	sum(Lb) 	U_nnz 		sum(Ub)

LLU: 	0.350000 	820   	11717031    	780   	12919528
"LUU_lb": 0.040000 	867   	12977879    	816   	13589765
LUU: 	0.000000 	1044   	12424582    	1801   	7334795
LLU/LUU: inf 	0.7854 	0.9431    	0.4331   	1.7614


SPEX Left LU Factorization time: 	4.030000
"lower bound" of SPEX LU Update time: 	0.420000
SPEX LU Update time: 			0.300000


time of Left LU/ time of update: 	13.433333

obj value = 0.000000
found 0!! This update won't improve obj value
prev basis k(70): 162; new basis k: 32

---------------------------------------------------------
----------24: replacing k(70) with new_col(32)-----------
-----------------------------------------------------------

Solving 3 linear equations time: 	0.040000
Search k and new_col time: 		0.040000

	time     	L_nnz 	sum(Lb) 	U_nnz 		sum(Ub)

LLU: 	0.360000 	840   	12049982    	793   	13357064
"LUU_lb": 0.010000 	822   	11760780    	792   	13180979
LUU: 	0.000000 	1057   	12587867    	1798   	7392521
LLU/LUU: inf 	0.7947 	0.9573    	0.4410   	1.8068


SPEX Left LU Factorization time: 	4.390000
"lower bound" of SPEX LU Update time: 	0.430000
SPEX LU Update time: 			0.300000


time of Left LU/ time of update: 	14.633333

obj value = 0.000000
found 0!! This update won't improve obj value
prev basis k(73): 165; new basis k: 33

---------------------------------------------------------
----------25: replacing k(73) with new_col(33)-----------
-----------------------------------------------------------

Solving 3 linear equations time: 	0.040000
Search k and new_col time: 		0.040000

	time     	L_nnz 	sum(Lb) 	U_nnz 		sum(Ub)

LLU: 	0.390000 	875   	12752857    	773   	13011080
"LUU_lb": 0.010000 	844   	12143802    	803   	13570440
LUU: 	0.000000 	1067   	12751710    	1800   	7487670
LLU/LUU: inf 	0.8201 	1.0001    	0.4294   	1.7377


SPEX Left LU Factorization time: 	4.780000
"lower bound" of SPEX LU Update time: 	0.440000
SPEX LU Update time: 			0.300000


time of Left LU/ time of update: 	15.933333

obj value = 0.000000
found 0!! This update won't improve obj value
prev basis k(75): 167; new basis k: 36

---------------------------------------------------------
----------26: replacing k(75) with new_col(36)-----------
-----------------------------------------------------------

Solving 3 linear equations time: 	0.050000
Search k and new_col time: 		0.050000

	time     	L_nnz 	sum(Lb) 	U_nnz 		sum(Ub)

LLU: 	0.410000 	895   	13114341    	760   	12798370
"LUU_lb": 0.000000 	878   	12823816    	780   	13157942
LUU: 	0.010000 	1074   	12883954    	1803   	7588937
LLU/LUU: 41.0000 	0.8333 	1.0179    	0.4215   	1.6865


SPEX Left LU Factorization time: 	5.190000
"lower bound" of SPEX LU Update time: 	0.440000
SPEX LU Update time: 			0.310000


time of Left LU/ time of update: 	16.741935

obj value = 0.000000
found 0!! This update won't improve obj value
prev basis k(76): 168; new basis k: 38

---------------------------------------------------------
----------27: replacing k(76) with new_col(38)-----------
-----------------------------------------------------------

Solving 3 linear equations time: 	0.020000
Search k and new_col time: 		0.030000

	time     	L_nnz 	sum(Lb) 	U_nnz 		sum(Ub)

LLU: 	0.430000 	900   	13139499    	783   	13416924
"LUU_lb": 0.010000 	901   	13255511    	773   	13084754
LUU: 	0.000000 	1079   	12983151    	1806   	7683909
LLU/LUU: inf 	0.8341 	1.0120    	0.4336   	1.7461


SPEX Left LU Factorization time: 	5.620000
"lower bound" of SPEX LU Update time: 	0.450000
SPEX LU Update time: 			0.310000


time of Left LU/ time of update: 	18.129032

obj value = 0.000000
found 0!! This update won't improve obj value
prev basis k(77): 169; new basis k: 39

---------------------------------------------------------
----------28: replacing k(77) with new_col(39)-----------
-----------------------------------------------------------

Solving 3 linear equations time: 	0.030000
Search k and new_col time: 		0.030000

	time     	L_nnz 	sum(Lb) 	U_nnz 		sum(Ub)

LLU: 	0.440000 	921   	13555881    	790   	13639748
"LUU_lb": 0.010000 	906   	13284438    	789   	13540369
LUU: 	0.000000 	1082   	13047360    	1810   	7785062
LLU/LUU: inf 	0.8512 	1.0390    	0.4365   	1.7520


SPEX Left LU Factorization time: 	6.060000
"lower bound" of SPEX LU Update time: 	0.460000
SPEX LU Update time: 			0.310000


time of Left LU/ time of update: 	19.548387

obj value = 0.000000
found 0!! This update won't improve obj value
prev basis k(78): 170; new basis k: 40

---------------------------------------------------------
----------29: replacing k(78) with new_col(40)-----------
-----------------------------------------------------------

Solving 3 linear equations time: 	0.020000
Search k and new_col time: 		0.030000

	time     	L_nnz 	sum(Lb) 	U_nnz 		sum(Ub)

LLU: 	0.430000 	943   	14011683    	779   	13422433
"LUU_lb": 0.010000 	925   	13650819    	797   	13785163
LUU: 	0.000000 	1083   	13069833    	1815   	7892445
LLU/LUU: inf 	0.8707 	1.0721    	0.4292   	1.7007


SPEX Left LU Factorization time: 	6.490000
"lower bound" of SPEX LU Update time: 	0.470000
SPEX LU Update time: 			0.310000


time of Left LU/ time of update: 	20.935484

obj value = 0.000000
found 0!! This update won't improve obj value
prev basis k(79): 171; new basis k: 41

---------------------------------------------------------
----------30: replacing k(79) with new_col(41)-----------
-----------------------------------------------------------

Solving 3 linear equations time: 	0.020000
Search k and new_col time: 		0.020000

	time     	L_nnz 	sum(Lb) 	U_nnz 		sum(Ub)

LLU: 	0.450000 	965   	14482004    	771   	13261388
"LUU_lb": 0.000000 	949   	14155411    	787   	13589674
LUU: 	0.010000 	1082   	13045764    	1820   	8005922
LLU/LUU: 45.0000 	0.8919 	1.1101    	0.4236   	1.6564


SPEX Left LU Factorization time: 	6.940000
"lower bound" of SPEX LU Update time: 	0.470000
SPEX LU Update time: 			0.320000


time of Left LU/ time of update: 	21.687500

obj value = 0.000000
LP is unbound!
