reading file TestMats/LPnetlib/lp_grow7/lp_grow7.mtx
reading file TestMats/LPnetlib/lp_grow7/lp_grow7_b.mtx
reading file TestMats/LPnetlib/lp_grow7/lp_grow7_c.mtx
reading file TestMats/LPnetlib/lp_grow7/lp_grow7_lo.mtx
reading file TestMats/LPnetlib/lp_grow7/lp_grow7_hi.mtx
m=140 n=301 fixed_var=0 nz=2612 real_nnz=2612
Constructing initial basis...
Size of triangular part is 140
getting initial basic variables....
OPT(5) FEAS(2) INFEAS(3) NOFEAS(4) UNBND(6) UNDEF(1)
0: 2, obj: 0.000000
preprocess finished
scales of A and b are different
obj value = 0.000000
found 0!! This update won't improve obj value
prev basis k(0): 20; new basis k: 19

---------------------------------------------------------
----------0: replacing k(0) with new_col(19)-----------
-----------------------------------------------------------

Solving 3 linear equations time: 	0.000000
Search k and new_col time: 		0.010000

	time     	L_nnz 	sum(Lb) 	U_nnz 		sum(Ub)

LLU: 	0.000000 	143   	567576    	269   	1156157
LUU: 	0.000000 	218   	740618    	196   	909201
LLU/LUU: nan 	0.6560 	0.7664    	1.3724   	1.2716

obj value = 0.000000
found 0!! This update won't improve obj value
prev basis k(1): 21; new basis k: 0

---------------------------------------------------------
----------1: replacing k(1) with new_col(0)-----------
-----------------------------------------------------------

Solving 3 linear equations time: 	0.000000
Search k and new_col time: 		0.000000

	time     	L_nnz 	sum(Lb) 	U_nnz 		sum(Ub)

LLU: 	0.000000 	153   	642729    	283   	1250632
"LUU_lb": 0.000000 	145   	589847    	283   	1245819
LUU: 	0.000000 	236   	741639    	197   	909204
LLU/LUU: nan 	0.6483 	0.8666    	1.4365   	1.3755


SPEX Left LU Factorization time: 	0.000000
"lower bound" of SPEX LU Update time: 	0.000000
SPEX LU Update time: 			0.000000


time of Left LU/ time of update: 	nan

obj value = 0.000000
found 0!! This update won't improve obj value
prev basis k(2): 22; new basis k: 1

---------------------------------------------------------
----------2: replacing k(2) with new_col(1)-----------
-----------------------------------------------------------

Solving 3 linear equations time: 	0.010000
Search k and new_col time: 		0.010000

	time     	L_nnz 	sum(Lb) 	U_nnz 		sum(Ub)

LLU: 	0.000000 	161   	702125    	295   	1337154
"LUU_lb": 0.000000 	157   	679782    	300   	1383491
LUU: 	0.000000 	253   	743677    	198   	909267
LLU/LUU: nan 	0.6364 	0.9441    	1.4899   	1.4706


SPEX Left LU Factorization time: 	0.000000
"lower bound" of SPEX LU Update time: 	0.000000
SPEX LU Update time: 			0.000000


time of Left LU/ time of update: 	nan

obj value = 0.000000
found 0!! This update won't improve obj value
prev basis k(3): 26; new basis k: 2

---------------------------------------------------------
----------3: replacing k(3) with new_col(2)-----------
-----------------------------------------------------------

Solving 3 linear equations time: 	0.000000
Search k and new_col time: 		0.000000

	time     	L_nnz 	sum(Lb) 	U_nnz 		sum(Ub)

LLU: 	0.000000 	177   	789735    	292   	1348766
"LUU_lb": 0.000000 	166   	740011    	306   	1423761
LUU: 	0.000000 	268   	761417    	199   	909413
LLU/LUU: nan 	0.6604 	1.0372    	1.4673   	1.4831


SPEX Left LU Factorization time: 	0.000000
"lower bound" of SPEX LU Update time: 	0.000000
SPEX LU Update time: 			0.000000


time of Left LU/ time of update: 	nan

obj value = 0.000000
found 0!! This update won't improve obj value
prev basis k(4): 27; new basis k: 3

---------------------------------------------------------
----------4: replacing k(4) with new_col(3)-----------
-----------------------------------------------------------

Solving 3 linear equations time: 	0.010000
Search k and new_col time: 		0.010000

	time     	L_nnz 	sum(Lb) 	U_nnz 		sum(Ub)

LLU: 	0.000000 	194   	908502    	300   	1414460
"LUU_lb": 0.000000 	183   	834158    	304   	1436647
LUU: 	0.000000 	282   	783301    	202   	910814
LLU/LUU: nan 	0.6879 	1.1598    	1.4851   	1.5530


SPEX Left LU Factorization time: 	0.000000
"lower bound" of SPEX LU Update time: 	0.000000
SPEX LU Update time: 			0.000000


time of Left LU/ time of update: 	nan

obj value = 0.000000
found 0!! This update won't improve obj value
prev basis k(5): 28; new basis k: 4

---------------------------------------------------------
----------5: replacing k(5) with new_col(4)-----------
-----------------------------------------------------------

Solving 3 linear equations time: 	0.010000
Search k and new_col time: 		0.010000

	time     	L_nnz 	sum(Lb) 	U_nnz 		sum(Ub)

LLU: 	0.000000 	222   	1083002    	304   	1474348
"LUU_lb": 0.000000 	202   	967173    	316   	1533683
LUU: 	0.010000 	295   	805910    	207   	913850
LLU/LUU: 0.0000 	0.7525 	1.3438    	1.4686   	1.6133


SPEX Left LU Factorization time: 	0.000000
"lower bound" of SPEX LU Update time: 	0.000000
SPEX LU Update time: 			0.010000


time of Left LU/ time of update: 	0.000000

obj value = 0.000000
found 0!! This update won't improve obj value
prev basis k(6): 29; new basis k: 5

---------------------------------------------------------
----------6: replacing k(6) with new_col(5)-----------
-----------------------------------------------------------

Solving 3 linear equations time: 	0.000000
Search k and new_col time: 		0.000000

	time     	L_nnz 	sum(Lb) 	U_nnz 		sum(Ub)

LLU: 	0.010000 	245   	1240475    	308   	1509868
"LUU_lb": 0.000000 	232   	1154069    	316   	1562314
LUU: 	0.000000 	307   	830849    	213   	918553
LLU/LUU: inf 	0.7980 	1.4930    	1.4460   	1.6437


SPEX Left LU Factorization time: 	0.010000
"lower bound" of SPEX LU Update time: 	0.000000
SPEX LU Update time: 			0.010000


time of Left LU/ time of update: 	1.000000

obj value = 0.000000
found 0!! This update won't improve obj value
prev basis k(7): 30; new basis k: 6

---------------------------------------------------------
----------7: replacing k(7) with new_col(6)-----------
-----------------------------------------------------------

Solving 3 linear equations time: 	0.000000
Search k and new_col time: 		0.000000

	time     	L_nnz 	sum(Lb) 	U_nnz 		sum(Ub)

LLU: 	0.010000 	253   	1294797    	320   	1603398
"LUU_lb": 0.000000 	250   	1278484    	322   	1612421
LUU: 	0.000000 	318   	854719    	220   	925304
LLU/LUU: inf 	0.7956 	1.5149    	1.4545   	1.7328


SPEX Left LU Factorization time: 	0.020000
"lower bound" of SPEX LU Update time: 	0.000000
SPEX LU Update time: 			0.010000


time of Left LU/ time of update: 	2.000000

obj value = 0.000000
found 0!! This update won't improve obj value
prev basis k(8): 31; new basis k: 7

---------------------------------------------------------
----------8: replacing k(8) with new_col(7)-----------
-----------------------------------------------------------

Solving 3 linear equations time: 	0.000000
Search k and new_col time: 		0.000000

	time     	L_nnz 	sum(Lb) 	U_nnz 		sum(Ub)

LLU: 	0.020000 	277   	1456038    	318   	1596180
"LUU_lb": 0.000000 	258   	1332767    	333   	1698500
LUU: 	0.010000 	328   	877865    	227   	934225
LLU/LUU: 2.0000 	0.8445 	1.6586    	1.4009   	1.7086


SPEX Left LU Factorization time: 	0.040000
"lower bound" of SPEX LU Update time: 	0.000000
SPEX LU Update time: 			0.020000


time of Left LU/ time of update: 	2.000000

obj value = 0.000000
found 0!! This update won't improve obj value
prev basis k(9): 32; new basis k: 8

---------------------------------------------------------
----------9: replacing k(9) with new_col(8)-----------
-----------------------------------------------------------

Solving 3 linear equations time: 	0.000000
Search k and new_col time: 		0.000000

	time     	L_nnz 	sum(Lb) 	U_nnz 		sum(Ub)

LLU: 	0.020000 	290   	1545999    	325   	1650828
"LUU_lb": 0.000000 	283   	1501245    	331   	1691215
LUU: 	0.000000 	337   	899626    	236   	945493
LLU/LUU: inf 	0.8605 	1.7185    	1.3771   	1.7460


SPEX Left LU Factorization time: 	0.060000
"lower bound" of SPEX LU Update time: 	0.000000
SPEX LU Update time: 			0.020000


time of Left LU/ time of update: 	3.000000

obj value = 0.000000
found 0!! This update won't improve obj value
prev basis k(10): 33; new basis k: 9

---------------------------------------------------------
----------10: replacing k(10) with new_col(9)-----------
-----------------------------------------------------------

Solving 3 linear equations time: 	0.000000
Search k and new_col time: 		0.010000

	time     	L_nnz 	sum(Lb) 	U_nnz 		sum(Ub)

LLU: 	0.020000 	296   	1585960    	335   	1732146
"LUU_lb": 0.000000 	286   	1515362    	327   	1665486
LUU: 	0.010000 	345   	919824    	245   	959114
LLU/LUU: 2.0000 	0.8580 	1.7242    	1.3673   	1.8060


SPEX Left LU Factorization time: 	0.080000
"lower bound" of SPEX LU Update time: 	0.000000
SPEX LU Update time: 			0.030000


time of Left LU/ time of update: 	2.666667

obj value = 0.000000
found 0!! This update won't improve obj value
prev basis k(11): 34; new basis k: 10

---------------------------------------------------------
----------11: replacing k(11) with new_col(10)-----------
-----------------------------------------------------------

Solving 3 linear equations time: 	0.000000
Search k and new_col time: 		0.000000

	time     	L_nnz 	sum(Lb) 	U_nnz 		sum(Ub)

LLU: 	0.020000 	318   	1714336    	327   	1702578
"LUU_lb": 0.010000 	313   	1703479    	342   	1786481
LUU: 	0.000000 	352   	938176    	255   	975257
LLU/LUU: inf 	0.9034 	1.8273    	1.2824   	1.7458


SPEX Left LU Factorization time: 	0.100000
"lower bound" of SPEX LU Update time: 	0.010000
SPEX LU Update time: 			0.030000


time of Left LU/ time of update: 	3.333333

obj value = 0.000000
found 0!! This update won't improve obj value
prev basis k(12): 35; new basis k: 11

---------------------------------------------------------
----------12: replacing k(12) with new_col(11)-----------
-----------------------------------------------------------

Solving 3 linear equations time: 	0.010000
Search k and new_col time: 		0.010000

	time     	L_nnz 	sum(Lb) 	U_nnz 		sum(Ub)

LLU: 	0.020000 	319   	1696944    	322   	1688908
"LUU_lb": 0.010000 	336   	1837699    	334   	1756678
LUU: 	0.000000 	358   	956406    	266   	994043
LLU/LUU: inf 	0.8911 	1.7743    	1.2105   	1.6990


SPEX Left LU Factorization time: 	0.120000
"lower bound" of SPEX LU Update time: 	0.020000
SPEX LU Update time: 			0.030000


time of Left LU/ time of update: 	4.000000

obj value = 0.000000
found 0!! This update won't improve obj value
prev basis k(13): 36; new basis k: 12

---------------------------------------------------------
----------13: replacing k(13) with new_col(12)-----------
-----------------------------------------------------------

Solving 3 linear equations time: 	0.000000
Search k and new_col time: 		0.000000

	time     	L_nnz 	sum(Lb) 	U_nnz 		sum(Ub)

LLU: 	0.030000 	324   	1730413    	333   	1774556
"LUU_lb": 0.010000 	323   	1727587    	335   	1784976
LUU: 	0.000000 	363   	973633    	278   	1015849
LLU/LUU: inf 	0.8926 	1.7773    	1.1978   	1.7469


SPEX Left LU Factorization time: 	0.150000
"lower bound" of SPEX LU Update time: 	0.030000
SPEX LU Update time: 			0.030000


time of Left LU/ time of update: 	5.000000

obj value = 0.000000
found 0!! This update won't improve obj value
prev basis k(14): 37; new basis k: 13

---------------------------------------------------------
----------14: replacing k(14) with new_col(13)-----------
-----------------------------------------------------------

Solving 3 linear equations time: 	0.000000
Search k and new_col time: 		0.000000

	time     	L_nnz 	sum(Lb) 	U_nnz 		sum(Ub)

LLU: 	0.040000 	347   	1867958    	345   	1881176
"LUU_lb": 0.000000 	342   	1856133    	350   	1898392
LUU: 	0.000000 	367   	987920    	292   	1041150
LLU/LUU: inf 	0.9455 	1.8908    	1.1815   	1.8068


SPEX Left LU Factorization time: 	0.190000
"lower bound" of SPEX LU Update time: 	0.030000
SPEX LU Update time: 			0.030000


time of Left LU/ time of update: 	6.333333

obj value = 0.000000
found 0!! This update won't improve obj value
prev basis k(15): 38; new basis k: 14

---------------------------------------------------------
----------15: replacing k(15) with new_col(14)-----------
-----------------------------------------------------------

Solving 3 linear equations time: 	0.000000
Search k and new_col time: 		0.000000

	time     	L_nnz 	sum(Lb) 	U_nnz 		sum(Ub)

LLU: 	0.040000 	348   	1870993    	362   	2010434
"LUU_lb": 0.010000 	366   	1996992    	348   	1904900
LUU: 	0.000000 	370   	999621    	303   	1068462
LLU/LUU: inf 	0.9405 	1.8717    	1.1947   	1.8816


SPEX Left LU Factorization time: 	0.230000
"lower bound" of SPEX LU Update time: 	0.040000
SPEX LU Update time: 			0.030000


time of Left LU/ time of update: 	7.666667

obj value = 0.000000
found 0!! This update won't improve obj value
prev basis k(16): 39; new basis k: 15

---------------------------------------------------------
----------16: replacing k(16) with new_col(15)-----------
-----------------------------------------------------------

Solving 3 linear equations time: 	0.000000
Search k and new_col time: 		0.000000

	time     	L_nnz 	sum(Lb) 	U_nnz 		sum(Ub)

LLU: 	0.040000 	349   	1874261    	370   	2072602
"LUU_lb": 0.010000 	348   	1870993    	371   	2075765
LUU: 	0.000000 	372   	1007791    	319   	1101199
LLU/LUU: inf 	0.9382 	1.8598    	1.1599   	1.8821


SPEX Left LU Factorization time: 	0.270000
"lower bound" of SPEX LU Update time: 	0.050000
SPEX LU Update time: 			0.030000


time of Left LU/ time of update: 	9.000000

obj value = 0.000000
found 0!! This update won't improve obj value
prev basis k(17): 40; new basis k: 16

---------------------------------------------------------
----------17: replacing k(17) with new_col(16)-----------
-----------------------------------------------------------

Solving 3 linear equations time: 	0.010000
Search k and new_col time: 		0.010000

	time     	L_nnz 	sum(Lb) 	U_nnz 		sum(Ub)

LLU: 	0.040000 	348   	1864505    	369   	2068463
"LUU_lb": 0.000000 	349   	1874261    	378   	2130234
LUU: 	0.000000 	373   	1011966    	336   	1137987
LLU/LUU: inf 	0.9330 	1.8425    	1.0982   	1.8177


SPEX Left LU Factorization time: 	0.310000
"lower bound" of SPEX LU Update time: 	0.050000
SPEX LU Update time: 			0.030000


time of Left LU/ time of update: 	10.333333

obj value = 0.000000
found 0!! This update won't improve obj value
prev basis k(18): 41; new basis k: 17

---------------------------------------------------------
----------18: replacing k(18) with new_col(17)-----------
-----------------------------------------------------------

Solving 3 linear equations time: 	0.000000
Search k and new_col time: 		0.010000

	time     	L_nnz 	sum(Lb) 	U_nnz 		sum(Ub)

LLU: 	0.040000 	349   	1867577    	381   	2159773
"LUU_lb": 0.010000 	367   	1993559    	369   	2070455
LUU: 	0.010000 	373   	1011969    	353   	1178881
LLU/LUU: 4.0000 	0.9357 	1.8455    	1.0793   	1.8321


SPEX Left LU Factorization time: 	0.350000
"lower bound" of SPEX LU Update time: 	0.060000
SPEX LU Update time: 			0.040000


time of Left LU/ time of update: 	8.750000

obj value = 0.000000
found 0!! This update won't improve obj value
prev basis k(64): 156; new basis k: 18

---------------------------------------------------------
----------19: replacing k(64) with new_col(18)-----------
-----------------------------------------------------------

Solving 3 linear equations time: 	0.000000
Search k and new_col time: 		0.000000

	time     	L_nnz 	sum(Lb) 	U_nnz 		sum(Ub)

LLU: 	0.050000 	375   	2033408    	394   	2259681
"LUU_lb": 0.010000 	373   	2029967    	397   	2271174
LUU: 	0.000000 	373   	1011952    	372   	1224667
LLU/LUU: inf 	1.0054 	2.0094    	1.0591   	1.8451


SPEX Left LU Factorization time: 	0.400000
"lower bound" of SPEX LU Update time: 	0.070000
SPEX LU Update time: 			0.040000


time of Left LU/ time of update: 	10.000000

obj value = 0.000000
found 0!! This update won't improve obj value
prev basis k(66): 158; new basis k: 27

---------------------------------------------------------
----------20: replacing k(66) with new_col(27)-----------
-----------------------------------------------------------

Solving 3 linear equations time: 	0.010000
Search k and new_col time: 		0.010000

	time     	L_nnz 	sum(Lb) 	U_nnz 		sum(Ub)

LLU: 	0.050000 	379   	2044628    	398   	2286107
"LUU_lb": 0.000000 	379   	2060034    	394   	2252340
LUU: 	0.000000 	377   	1042703    	389   	1270627
LLU/LUU: inf 	1.0053 	1.9609    	1.0231   	1.7992


SPEX Left LU Factorization time: 	0.450000
"lower bound" of SPEX LU Update time: 	0.070000
SPEX LU Update time: 			0.040000


time of Left LU/ time of update: 	11.250000

obj value = 0.000000
found 0!! This update won't improve obj value
prev basis k(67): 159; new basis k: 29

---------------------------------------------------------
----------21: replacing k(67) with new_col(29)-----------
-----------------------------------------------------------

Solving 3 linear equations time: 	0.010000
Search k and new_col time: 		0.010000

	time     	L_nnz 	sum(Lb) 	U_nnz 		sum(Ub)

LLU: 	0.050000 	383   	2056736    	397   	2274624
"LUU_lb": 0.000000 	384   	2077281    	398   	2279557
LUU: 	0.000000 	382   	1080899    	405   	1321502
LLU/LUU: inf 	1.0026 	1.9028    	0.9802   	1.7212


SPEX Left LU Factorization time: 	0.500000
"lower bound" of SPEX LU Update time: 	0.070000
SPEX LU Update time: 			0.040000


time of Left LU/ time of update: 	12.500000

obj value = 0.000000
found 0!! This update won't improve obj value
prev basis k(68): 160; new basis k: 30

---------------------------------------------------------
----------22: replacing k(68) with new_col(30)-----------
-----------------------------------------------------------

Solving 3 linear equations time: 	0.010000
Search k and new_col time: 		0.010000

	time     	L_nnz 	sum(Lb) 	U_nnz 		sum(Ub)

LLU: 	0.050000 	387   	2068678    	405   	2330272
"LUU_lb": 0.000000 	389   	2094107    	397   	2267791
LUU: 	0.000000 	388   	1125750    	420   	1370239
LLU/LUU: inf 	0.9974 	1.8376    	0.9643   	1.7006


SPEX Left LU Factorization time: 	0.550000
"lower bound" of SPEX LU Update time: 	0.070000
SPEX LU Update time: 			0.040000


time of Left LU/ time of update: 	13.750000

obj value = 0.000000
found 0!! This update won't improve obj value
prev basis k(69): 161; new basis k: 31

---------------------------------------------------------
----------23: replacing k(69) with new_col(31)-----------
-----------------------------------------------------------

Solving 3 linear equations time: 	0.000000
Search k and new_col time: 		0.000000

	time     	L_nnz 	sum(Lb) 	U_nnz 		sum(Ub)

LLU: 	0.060000 	392   	2088078    	405   	2325771
"LUU_lb": 0.000000 	389   	2082030    	408   	2348725
LUU: 	0.000000 	395   	1178826    	434   	1417293
LLU/LUU: inf 	0.9924 	1.7713    	0.9332   	1.6410


SPEX Left LU Factorization time: 	0.610000
"lower bound" of SPEX LU Update time: 	0.070000
SPEX LU Update time: 			0.040000


time of Left LU/ time of update: 	15.250000

obj value = 0.000000
found 0!! This update won't improve obj value
prev basis k(70): 162; new basis k: 32

---------------------------------------------------------
----------24: replacing k(70) with new_col(32)-----------
-----------------------------------------------------------

Solving 3 linear equations time: 	0.000000
Search k and new_col time: 		0.000000

	time     	L_nnz 	sum(Lb) 	U_nnz 		sum(Ub)

LLU: 	0.050000 	397   	2106952    	408   	2343760
"LUU_lb": 0.000000 	396   	2116664    	409   	2351462
LUU: 	0.000000 	403   	1239126    	447   	1462123
LLU/LUU: inf 	0.9851 	1.7004    	0.9128   	1.6030


SPEX Left LU Factorization time: 	0.660000
"lower bound" of SPEX LU Update time: 	0.070000
SPEX LU Update time: 			0.040000


time of Left LU/ time of update: 	16.500000

obj value = 0.000000
found 0!! This update won't improve obj value
prev basis k(73): 165; new basis k: 33

---------------------------------------------------------
----------25: replacing k(73) with new_col(33)-----------
-----------------------------------------------------------

Solving 3 linear equations time: 	0.000000
Search k and new_col time: 		0.000000

	time     	L_nnz 	sum(Lb) 	U_nnz 		sum(Ub)

LLU: 	0.050000 	403   	2132165    	432   	2507233
"LUU_lb": 0.010000 	400   	2120258    	424   	2445422
LUU: 	0.000000 	412   	1306530    	459   	1504604
LLU/LUU: inf 	0.9782 	1.6319    	0.9412   	1.6664


SPEX Left LU Factorization time: 	0.710000
"lower bound" of SPEX LU Update time: 	0.080000
SPEX LU Update time: 			0.040000


time of Left LU/ time of update: 	17.750000

obj value = 0.000000
found 0!! This update won't improve obj value
prev basis k(75): 167; new basis k: 36

---------------------------------------------------------
----------26: replacing k(75) with new_col(36)-----------
-----------------------------------------------------------

Solving 3 linear equations time: 	0.000000
Search k and new_col time: 		0.000000

	time     	L_nnz 	sum(Lb) 	U_nnz 		sum(Ub)

LLU: 	0.060000 	407   	2142102    	416   	2397807
"LUU_lb": 0.000000 	408   	2168234    	438   	2547350
LUU: 	0.000000 	422   	1376776    	468   	1538814
LLU/LUU: inf 	0.9645 	1.5559    	0.8889   	1.5582


SPEX Left LU Factorization time: 	0.770000
"lower bound" of SPEX LU Update time: 	0.080000
SPEX LU Update time: 			0.040000


time of Left LU/ time of update: 	19.250000

obj value = 0.000000
found 0!! This update won't improve obj value
prev basis k(76): 168; new basis k: 38

---------------------------------------------------------
----------27: replacing k(76) with new_col(38)-----------
-----------------------------------------------------------

Solving 3 linear equations time: 	0.000000
Search k and new_col time: 		0.000000

	time     	L_nnz 	sum(Lb) 	U_nnz 		sum(Ub)

LLU: 	0.060000 	395   	2051537    	457   	2660895
"LUU_lb": 0.000000 	414   	2189623    	428   	2475488
LUU: 	0.000000 	433   	1457563    	475   	1567416
LLU/LUU: inf 	0.9122 	1.4075    	0.9621   	1.6976


SPEX Left LU Factorization time: 	0.830000
"lower bound" of SPEX LU Update time: 	0.080000
SPEX LU Update time: 			0.040000


time of Left LU/ time of update: 	20.750000

obj value = 0.000000
found 0!! This update won't improve obj value
prev basis k(77): 169; new basis k: 39

---------------------------------------------------------
----------28: replacing k(77) with new_col(39)-----------
-----------------------------------------------------------

Solving 3 linear equations time: 	0.010000
Search k and new_col time: 		0.010000

	time     	L_nnz 	sum(Lb) 	U_nnz 		sum(Ub)

LLU: 	0.050000 	402   	2084698    	463   	2695390
"LUU_lb": 0.000000 	402   	2102284    	463   	2700898
LUU: 	0.000000 	445   	1545113    	481   	1592142
LLU/LUU: inf 	0.9034 	1.3492    	0.9626   	1.6929


SPEX Left LU Factorization time: 	0.880000
"lower bound" of SPEX LU Update time: 	0.080000
SPEX LU Update time: 			0.040000


time of Left LU/ time of update: 	22.000000

obj value = 0.000000
found 0!! This update won't improve obj value
prev basis k(78): 170; new basis k: 40

---------------------------------------------------------
----------29: replacing k(78) with new_col(40)-----------
-----------------------------------------------------------

Solving 3 linear equations time: 	0.000000
Search k and new_col time: 		0.000000

	time     	L_nnz 	sum(Lb) 	U_nnz 		sum(Ub)

LLU: 	0.060000 	409   	2117098    	451   	2613670
"LUU_lb": 0.000000 	408   	2127204    	470   	2741435
LUU: 	0.000000 	458   	1639292    	486   	1612896
LLU/LUU: inf 	0.8930 	1.2915    	0.9280   	1.6205


SPEX Left LU Factorization time: 	0.940000
"lower bound" of SPEX LU Update time: 	0.080000
SPEX LU Update time: 			0.040000


time of Left LU/ time of update: 	23.500000

obj value = 0.000000
LP is unbound!
