reading file TestMats/LPnetlib/lp_sc50a/lp_sc50a.mtx
reading file TestMats/LPnetlib/lp_sc50a/lp_sc50a_b.mtx
reading file TestMats/LPnetlib/lp_sc50a/lp_sc50a_c.mtx
reading file TestMats/LPnetlib/lp_sc50a/lp_sc50a_lo.mtx
reading file TestMats/LPnetlib/lp_sc50a/lp_sc50a_hi.mtx
m=50 n=78 fixed_var=0 nz=160 real_nnz=160
Constructing initial basis...
Size of triangular part is 50
getting initial basic variables....
OPT(5) FEAS(2) INFEAS(3) NOFEAS(4) UNBND(6) UNDEF(1)
0: 2, obj: 0.000000
preprocess finished
scales of A and b are different
obj value = 0.000000
found 0!! This update won't improve obj value
prev basis k(8): 8; new basis k: 32

---------------------------------------------------------
----------0: replacing k(8) with new_col(32)-----------
-----------------------------------------------------------

Solving 3 linear equations time: 	0.000000
Search k and new_col time: 		0.000000

	time     	L_nnz 	sum(Lb) 	U_nnz 		sum(Ub)

LLU: 	0.000000 	58   	83665    	85   	135804
LUU: 	0.000000 	70   	111913    	87   	139648
LLU/LUU: nan 	0.8286 	0.7476    	0.9770   	0.9725

obj value = 0.000000
found 0!! This update won't improve obj value
prev basis k(14): 14; new basis k: 40

---------------------------------------------------------
----------1: replacing k(14) with new_col(40)-----------
-----------------------------------------------------------

Solving 3 linear equations time: 	0.000000
Search k and new_col time: 		0.000000

	time     	L_nnz 	sum(Lb) 	U_nnz 		sum(Ub)

LLU: 	0.000000 	70   	111344    	87   	141736
"LUU_lb": 0.000000 	61   	91800    	86   	136878
LUU: 	0.000000 	74   	122422    	88   	140440
LLU/LUU: nan 	0.9459 	0.9095    	0.9886   	1.0092


SPEX Left LU Factorization time: 	0.000000
"lower bound" of SPEX LU Update time: 	0.000000
SPEX LU Update time: 			0.000000


time of Left LU/ time of update: 	nan

obj value = 0.000000
found 0!! This update won't improve obj value
prev basis k(20): 20; new basis k: 51

---------------------------------------------------------
----------2: replacing k(20) with new_col(51)-----------
-----------------------------------------------------------

Solving 3 linear equations time: 	0.000000
Search k and new_col time: 		0.000000

	time     	L_nnz 	sum(Lb) 	U_nnz 		sum(Ub)

LLU: 	0.000000 	67   	103212    	87   	141171
"LUU_lb": 0.000000 	72   	117729    	89   	147556
LUU: 	0.000000 	80   	137280    	89   	141799
LLU/LUU: nan 	0.8375 	0.7518    	0.9775   	0.9956


SPEX Left LU Factorization time: 	0.000000
"lower bound" of SPEX LU Update time: 	0.000000
SPEX LU Update time: 			0.000000


time of Left LU/ time of update: 	nan

obj value = 0.000000
found 0!! This update won't improve obj value
prev basis k(29): 29; new basis k: 62

---------------------------------------------------------
----------3: replacing k(29) with new_col(62)-----------
-----------------------------------------------------------

Solving 3 linear equations time: 	0.000000
Search k and new_col time: 		0.000000

	time     	L_nnz 	sum(Lb) 	U_nnz 		sum(Ub)

LLU: 	0.000000 	71   	113893    	88   	143489
"LUU_lb": 0.000000 	69   	108577    	89   	147327
LUU: 	0.000000 	87   	151061    	90   	141122
LLU/LUU: nan 	0.8161 	0.7540    	0.9778   	1.0168


SPEX Left LU Factorization time: 	0.000000
"lower bound" of SPEX LU Update time: 	0.000000
SPEX LU Update time: 			0.000000


time of Left LU/ time of update: 	nan

obj value = 0.000000
found 0!! This update won't improve obj value
prev basis k(27): 27; new basis k: 76

---------------------------------------------------------
----------4: replacing k(27) with new_col(76)-----------
-----------------------------------------------------------

Solving 3 linear equations time: 	0.000000
Search k and new_col time: 		0.000000

	time     	L_nnz 	sum(Lb) 	U_nnz 		sum(Ub)

LLU: 	0.000000 	72   	113688    	88   	138396
"LUU_lb": 0.000000 	73   	115017    	90   	144448
LUU: 	0.000000 	89   	152411    	92   	142307
LLU/LUU: nan 	0.8090 	0.7459    	0.9565   	0.9725


SPEX Left LU Factorization time: 	0.000000
"lower bound" of SPEX LU Update time: 	0.000000
SPEX LU Update time: 			0.000000


time of Left LU/ time of update: 	nan

obj value = 0.000000
found 0!! This update won't improve obj value
prev basis k(28): 28; new basis k: 74

---------------------------------------------------------
----------5: replacing k(28) with new_col(74)-----------
-----------------------------------------------------------

Solving 3 linear equations time: 	0.000000
Search k and new_col time: 		0.000000

	time     	L_nnz 	sum(Lb) 	U_nnz 		sum(Ub)

LLU: 	0.000000 	74   	118333    	90   	140533
"LUU_lb": 0.000000 	74   	118371    	91   	143989
LUU: 	0.000000 	90   	153142    	95   	144166
LLU/LUU: nan 	0.8222 	0.7727    	0.9474   	0.9748


SPEX Left LU Factorization time: 	0.000000
"lower bound" of SPEX LU Update time: 	0.000000
SPEX LU Update time: 			0.000000


time of Left LU/ time of update: 	nan

obj value = 0.000000
prev basis k(1): 1; new basis k: 75

---------------------------------------------------------
----------6: replacing k(1) with new_col(75)-----------
-----------------------------------------------------------

Solving 3 linear equations time: 	0.000000
Search k and new_col time: 		0.000000

	time     	L_nnz 	sum(Lb) 	U_nnz 		sum(Ub)

LLU: 	0.000000 	79   	126328    	92   	146263
"LUU_lb": 0.000000 	77   	124719    	94   	153411
LUU: 	0.000000 	91   	157999    	99   	151500
LLU/LUU: nan 	0.8681 	0.7995    	0.9293   	0.9654


SPEX Left LU Factorization time: 	0.000000
"lower bound" of SPEX LU Update time: 	0.000000
SPEX LU Update time: 			0.000000


time of Left LU/ time of update: 	nan

obj value = -18.674136
prev basis k(7): 7; new basis k: 43

---------------------------------------------------------
----------7: replacing k(7) with new_col(43)-----------
-----------------------------------------------------------

Solving 3 linear equations time: 	0.010000
Search k and new_col time: 		0.010000

	time     	L_nnz 	sum(Lb) 	U_nnz 		sum(Ub)

LLU: 	0.000000 	80   	127085    	95   	149569
"LUU_lb": 0.000000 	80   	126499    	93   	146378
LUU: 	0.000000 	92   	157460    	100   	151615
LLU/LUU: nan 	0.8696 	0.8071    	0.9500   	0.9865


SPEX Left LU Factorization time: 	0.000000
"lower bound" of SPEX LU Update time: 	0.000000
SPEX LU Update time: 			0.000000


time of Left LU/ time of update: 	nan

obj value = -37.348273
prev basis k(25): 25; new basis k: 54

---------------------------------------------------------
----------8: replacing k(25) with new_col(54)-----------
-----------------------------------------------------------

Solving 3 linear equations time: 	0.000000
Search k and new_col time: 		0.000000

	time     	L_nnz 	sum(Lb) 	U_nnz 		sum(Ub)

LLU: 	0.000000 	78   	122560    	95   	149802
"LUU_lb": 0.000000 	80   	127084    	97   	149347
LUU: 	0.000000 	95   	162486    	106   	166599
LLU/LUU: nan 	0.8211 	0.7543    	0.8962   	0.8992


SPEX Left LU Factorization time: 	0.000000
"lower bound" of SPEX LU Update time: 	0.000000
SPEX LU Update time: 			0.000000


time of Left LU/ time of update: 	nan

obj value = -41.436150
found 0!! This update won't improve obj value
prev basis k(22): 22; new basis k: 72

---------------------------------------------------------
----------9: replacing k(22) with new_col(72)-----------
-----------------------------------------------------------

Solving 3 linear equations time: 	0.000000
Search k and new_col time: 		0.000000

	time     	L_nnz 	sum(Lb) 	U_nnz 		sum(Ub)

LLU: 	0.000000 	79   	124437    	91   	139354
"LUU_lb": 0.000000 	79   	123916    	95   	149802
LUU: 	0.000000 	96   	164459    	106   	166485
LLU/LUU: nan 	0.8229 	0.7566    	0.8585   	0.8370


SPEX Left LU Factorization time: 	0.000000
"lower bound" of SPEX LU Update time: 	0.000000
SPEX LU Update time: 			0.000000


time of Left LU/ time of update: 	nan

obj value = -41.436150
prev basis k(13): 13; new basis k: 31

---------------------------------------------------------
----------10: replacing k(13) with new_col(31)-----------
-----------------------------------------------------------

Solving 3 linear equations time: 	0.000000
Search k and new_col time: 		0.000000

	time     	L_nnz 	sum(Lb) 	U_nnz 		sum(Ub)

LLU: 	0.000000 	83   	132269    	102   	157959
"LUU_lb": 0.000000 	86   	142764    	99   	153206
LUU: 	0.000000 	98   	172251    	111   	179187
LLU/LUU: nan 	0.8469 	0.7679    	0.9189   	0.8815


SPEX Left LU Factorization time: 	0.000000
"lower bound" of SPEX LU Update time: 	0.000000
SPEX LU Update time: 			0.000000


time of Left LU/ time of update: 	nan

obj value = -49.107697
prev basis k(24): 24; new basis k: 64

---------------------------------------------------------
----------11: replacing k(24) with new_col(64)-----------
-----------------------------------------------------------

Solving 3 linear equations time: 	0.000000
Search k and new_col time: 		0.000000

	time     	L_nnz 	sum(Lb) 	U_nnz 		sum(Ub)

LLU: 	0.000000 	77   	125652    	102   	152889
"LUU_lb": 0.000000 	89   	147527    	105   	159433
LUU: 	0.000000 	103   	181701    	115   	189749
LLU/LUU: nan 	0.7476 	0.6915    	0.8870   	0.8057


SPEX Left LU Factorization time: 	0.000000
"lower bound" of SPEX LU Update time: 	0.000000
SPEX LU Update time: 			0.000000


time of Left LU/ time of update: 	nan

obj value = -54.185734
found 0!! This update won't improve obj value
prev basis k(21): 21; new basis k: 71

---------------------------------------------------------
----------12: replacing k(21) with new_col(71)-----------
-----------------------------------------------------------

Solving 3 linear equations time: 	0.000000
Search k and new_col time: 		0.000000

	time     	L_nnz 	sum(Lb) 	U_nnz 		sum(Ub)

LLU: 	0.000000 	79   	129206    	104   	156374
"LUU_lb": 0.000000 	78   	126387    	102   	152889
LUU: 	0.000000 	104   	182189    	115   	189627
LLU/LUU: nan 	0.7596 	0.7092    	0.9043   	0.8246


SPEX Left LU Factorization time: 	0.000000
"lower bound" of SPEX LU Update time: 	0.000000
SPEX LU Update time: 			0.000000


time of Left LU/ time of update: 	nan

obj value = -54.185734
prev basis k(4): 4; new basis k: 30

---------------------------------------------------------
----------13: replacing k(4) with new_col(30)-----------
-----------------------------------------------------------

Solving 3 linear equations time: 	0.000000
Search k and new_col time: 		0.000000

	time     	L_nnz 	sum(Lb) 	U_nnz 		sum(Ub)

LLU: 	0.000000 	86   	144819    	111   	163343
"LUU_lb": 0.000000 	85   	143570    	112   	170784
LUU: 	0.000000 	108   	191395    	119   	199740
LLU/LUU: nan 	0.7963 	0.7566    	0.9328   	0.8178


SPEX Left LU Factorization time: 	0.000000
"lower bound" of SPEX LU Update time: 	0.000000
SPEX LU Update time: 			0.000000


time of Left LU/ time of update: 	nan

obj value = -55.451819
prev basis k(19): 19; new basis k: 65

---------------------------------------------------------
----------14: replacing k(19) with new_col(65)-----------
-----------------------------------------------------------

Solving 3 linear equations time: 	0.010000
Search k and new_col time: 		0.010000

	time     	L_nnz 	sum(Lb) 	U_nnz 		sum(Ub)

LLU: 	0.000000 	90   	144116    	118   	177956
"LUU_lb": 0.000000 	93   	155459    	116   	176175
LUU: 	0.000000 	109   	193207    	129   	218941
LLU/LUU: nan 	0.8257 	0.7459    	0.9147   	0.8128


SPEX Left LU Factorization time: 	0.000000
"lower bound" of SPEX LU Update time: 	0.000000
SPEX LU Update time: 			0.000000


time of Left LU/ time of update: 	nan

obj value = -58.020329
prev basis k(5): 5; new basis k: 39

---------------------------------------------------------
----------15: replacing k(5) with new_col(39)-----------
-----------------------------------------------------------

Solving 3 linear equations time: 	0.000000
Search k and new_col time: 		0.000000

	time     	L_nnz 	sum(Lb) 	U_nnz 		sum(Ub)

LLU: 	0.000000 	98   	162202    	115   	172240
"LUU_lb": 0.000000 	100   	167125    	120   	186551
LUU: 	0.000000 	118   	213783    	138   	239727
LLU/LUU: nan 	0.8305 	0.7587    	0.8333   	0.7185


SPEX Left LU Factorization time: 	0.000000
"lower bound" of SPEX LU Update time: 	0.000000
SPEX LU Update time: 			0.000000


time of Left LU/ time of update: 	nan

obj value = -58.847918
prev basis k(10): 10; new basis k: 50

---------------------------------------------------------
----------16: replacing k(10) with new_col(50)-----------
-----------------------------------------------------------

Solving 3 linear equations time: 	0.000000
Search k and new_col time: 		0.000000

	time     	L_nnz 	sum(Lb) 	U_nnz 		sum(Ub)

LLU: 	0.000000 	101   	163951    	120   	184329
"LUU_lb": 0.000000 	106   	182041    	117   	179707
LUU: 	0.000000 	123   	226511    	142   	252286
LLU/LUU: nan 	0.8211 	0.7238    	0.8451   	0.7306


SPEX Left LU Factorization time: 	0.000000
"lower bound" of SPEX LU Update time: 	0.000000
SPEX LU Update time: 			0.000000


time of Left LU/ time of update: 	nan

obj value = -59.492849
prev basis k(3): 3; new basis k: 41

---------------------------------------------------------
----------17: replacing k(3) with new_col(41)-----------
-----------------------------------------------------------

Solving 3 linear equations time: 	0.000000
Search k and new_col time: 		0.000000

	time     	L_nnz 	sum(Lb) 	U_nnz 		sum(Ub)

LLU: 	0.000000 	103   	166600    	116   	172074
"LUU_lb": 0.000000 	108   	180356    	125   	193496
LUU: 	0.000000 	131   	238472    	157   	277308
LLU/LUU: nan 	0.7863 	0.6986    	0.7389   	0.6205


SPEX Left LU Factorization time: 	0.000000
"lower bound" of SPEX LU Update time: 	0.000000
SPEX LU Update time: 			0.000000


time of Left LU/ time of update: 	nan

obj value = -60.424410
prev basis k(11): 11; new basis k: 42

---------------------------------------------------------
----------18: replacing k(11) with new_col(42)-----------
-----------------------------------------------------------

Solving 3 linear equations time: 	0.000000
Search k and new_col time: 		0.010000

	time     	L_nnz 	sum(Lb) 	U_nnz 		sum(Ub)

LLU: 	0.000000 	108   	172565    	125   	193901
"LUU_lb": 0.000000 	115   	195922    	120   	184908
LUU: 	0.000000 	146   	262885    	172   	292669
LLU/LUU: nan 	0.7397 	0.6564    	0.7267   	0.6625


SPEX Left LU Factorization time: 	0.000000
"lower bound" of SPEX LU Update time: 	0.000000
SPEX LU Update time: 			0.000000


time of Left LU/ time of update: 	nan

obj value = -61.160968
prev basis k(16): 16; new basis k: 61

---------------------------------------------------------
----------19: replacing k(16) with new_col(61)-----------
-----------------------------------------------------------

Solving 3 linear equations time: 	0.000000
Search k and new_col time: 		0.000000

	time     	L_nnz 	sum(Lb) 	U_nnz 		sum(Ub)

LLU: 	0.000000 	108   	171321    	125   	193110
"LUU_lb": 0.000000 	115   	190319    	126   	197975
LUU: 	0.000000 	155   	281105    	176   	301167
LLU/LUU: nan 	0.6968 	0.6095    	0.7102   	0.6412


SPEX Left LU Factorization time: 	0.000000
"lower bound" of SPEX LU Update time: 	0.000000
SPEX LU Update time: 			0.000000


time of Left LU/ time of update: 	nan

obj value = -62.497598
prev basis k(12): 12; new basis k: 52

---------------------------------------------------------
----------20: replacing k(12) with new_col(52)-----------
-----------------------------------------------------------

Solving 3 linear equations time: 	0.000000
Search k and new_col time: 		0.000000

	time     	L_nnz 	sum(Lb) 	U_nnz 		sum(Ub)

LLU: 	0.000000 	110   	174855    	137   	207459
"LUU_lb": 0.000000 	119   	198067    	131   	206400
LUU: 	0.000000 	162   	296629    	186   	324417
LLU/LUU: nan 	0.6790 	0.5895    	0.7366   	0.6395


SPEX Left LU Factorization time: 	0.000000
"lower bound" of SPEX LU Update time: 	0.000000
SPEX LU Update time: 			0.000000


time of Left LU/ time of update: 	nan

obj value = -62.876813
prev basis k(17): 17; new basis k: 53

---------------------------------------------------------
----------21: replacing k(17) with new_col(53)-----------
-----------------------------------------------------------

Solving 3 linear equations time: 	0.000000
Search k and new_col time: 		0.000000

	time     	L_nnz 	sum(Lb) 	U_nnz 		sum(Ub)

LLU: 	0.010000 	109   	170556    	137   	209174
"LUU_lb": 0.000000 	119   	197580    	146   	233658
LUU: 	0.000000 	178   	324908    	191   	327165
LLU/LUU: inf 	0.6124 	0.5249    	0.7173   	0.6394


SPEX Left LU Factorization time: 	0.010000
"lower bound" of SPEX LU Update time: 	0.000000
SPEX LU Update time: 			0.000000


time of Left LU/ time of update: 	inf

obj value = -63.890483
prev basis k(18): 18; new basis k: 63

---------------------------------------------------------
----------22: replacing k(18) with new_col(63)-----------
-----------------------------------------------------------

Solving 3 linear equations time: 	0.000000
Search k and new_col time: 		0.000000

	time     	L_nnz 	sum(Lb) 	U_nnz 		sum(Ub)

LLU: 	0.000000 	118   	181431    	138   	212495
"LUU_lb": 0.000000 	118   	191533    	140   	219753
LUU: 	0.000000 	188   	348584    	201   	353142
LLU/LUU: nan 	0.6277 	0.5205    	0.6866   	0.6017


SPEX Left LU Factorization time: 	0.010000
"lower bound" of SPEX LU Update time: 	0.000000
SPEX LU Update time: 			0.000000


time of Left LU/ time of update: 	inf

obj value = -64.333412
prev basis k(3): 41; new basis k: 60

---------------------------------------------------------
----------23: replacing k(3) with new_col(60)-----------
-----------------------------------------------------------

Solving 3 linear equations time: 	0.000000
Search k and new_col time: 		0.000000

	time     	L_nnz 	sum(Lb) 	U_nnz 		sum(Ub)

LLU: 	0.000000 	125   	187274    	146   	226035
"LUU_lb": 0.000000 	126   	203929    	150   	242991
LUU: 	0.000000 	186   	339962    	182   	311986
LLU/LUU: nan 	0.6720 	0.5509    	0.8022   	0.7245


SPEX Left LU Factorization time: 	0.010000
"lower bound" of SPEX LU Update time: 	0.000000
SPEX LU Update time: 			0.000000


time of Left LU/ time of update: 	inf

obj value = -64.475597
prev basis k(15): 15; new basis k: 12

---------------------------------------------------------
----------24: replacing k(15) with new_col(12)-----------
-----------------------------------------------------------

Solving 3 linear equations time: 	0.000000
Search k and new_col time: 		0.010000

	time     	L_nnz 	sum(Lb) 	U_nnz 		sum(Ub)

LLU: 	0.000000 	116   	173998    	137   	213732
"LUU_lb": 0.000000 	137   	216633    	148   	235710
LUU: 	0.000000 	197   	363152    	183   	319867
LLU/LUU: nan 	0.5888 	0.4791    	0.7486   	0.6682


SPEX Left LU Factorization time: 	0.010000
"lower bound" of SPEX LU Update time: 	0.000000
SPEX LU Update time: 			0.000000


time of Left LU/ time of update: 	inf

obj value = -64.575077
optimal solution found!
